Archive member included to satisfy reference by file (symbol)

C:/ST/STM32CubeIDE_1.15.0/STM32CubeIDE/plugins/com.st.stm32cube.ide.mcu.externaltools.gnu-tools-for-stm32.13.3.rel1.win32_1.0.0.202411081344/tools/bin/../lib/gcc/arm-none-eabi/13.3.1/../../../../arm-none-eabi/lib/thumb/v7e-m+fp/hard\libstdc++_nano.a(del_ops.o)
                              ./User/Src/Communication.o (operator delete(void*, unsigned int))
C:/ST/STM32CubeIDE_1.15.0/STM32CubeIDE/plugins/com.st.stm32cube.ide.mcu.externaltools.gnu-tools-for-stm32.13.3.rel1.win32_1.0.0.202411081344/tools/bin/../lib/gcc/arm-none-eabi/13.3.1/../../../../arm-none-eabi/lib/thumb/v7e-m+fp/hard\libstdc++_nano.a(del_op.o)
                              C:/ST/STM32CubeIDE_1.15.0/STM32CubeIDE/plugins/com.st.stm32cube.ide.mcu.externaltools.gnu-tools-for-stm32.13.3.rel1.win32_1.0.0.202411081344/tools/bin/../lib/gcc/arm-none-eabi/13.3.1/../../../../arm-none-eabi/lib/thumb/v7e-m+fp/hard\libstdc++_nano.a(del_ops.o) (operator delete(void*))
C:/ST/STM32CubeIDE_1.15.0/STM32CubeIDE/plugins/com.st.stm32cube.ide.mcu.externaltools.gnu-tools-for-stm32.13.3.rel1.win32_1.0.0.202411081344/tools/bin/../lib/gcc/arm-none-eabi/13.3.1/../../../../arm-none-eabi/lib/thumb/v7e-m+fp/hard\libm.a(libm_a-sf_ceil.o)
                              ./User/Src/LoadCell.o (ceilf)
C:/ST/STM32CubeIDE_1.15.0/STM32CubeIDE/plugins/com.st.stm32cube.ide.mcu.externaltools.gnu-tools-for-stm32.13.3.rel1.win32_1.0.0.202411081344/tools/bin/../lib/gcc/arm-none-eabi/13.3.1/../../../../arm-none-eabi/lib/thumb/v7e-m+fp/hard\libm.a(libm_a-sf_floor.o)
                              ./User/Src/LoadCell.o (floorf)
C:/ST/STM32CubeIDE_1.15.0/STM32CubeIDE/plugins/com.st.stm32cube.ide.mcu.externaltools.gnu-tools-for-stm32.13.3.rel1.win32_1.0.0.202411081344/tools/bin/../lib/gcc/arm-none-eabi/13.3.1/../../../../arm-none-eabi/lib/thumb/v7e-m+fp/hard\libc_nano.a(libc_a-exit.o)
                              C:/ST/STM32CubeIDE_1.15.0/STM32CubeIDE/plugins/com.st.stm32cube.ide.mcu.externaltools.gnu-tools-for-stm32.13.3.rel1.win32_1.0.0.202411081344/tools/bin/../lib/gcc/arm-none-eabi/13.3.1/../../../../arm-none-eabi/lib/thumb/v7e-m+fp/hard/crt0.o (exit)
C:/ST/STM32CubeIDE_1.15.0/STM32CubeIDE/plugins/com.st.stm32cube.ide.mcu.externaltools.gnu-tools-for-stm32.13.3.rel1.win32_1.0.0.202411081344/tools/bin/../lib/gcc/arm-none-eabi/13.3.1/../../../../arm-none-eabi/lib/thumb/v7e-m+fp/hard\libc_nano.a(libc_a-malloc.o)
                              C:/ST/STM32CubeIDE_1.15.0/STM32CubeIDE/plugins/com.st.stm32cube.ide.mcu.externaltools.gnu-tools-for-stm32.13.3.rel1.win32_1.0.0.202411081344/tools/bin/../lib/gcc/arm-none-eabi/13.3.1/../../../../arm-none-eabi/lib/thumb/v7e-m+fp/hard\libstdc++_nano.a(del_op.o) (free)
C:/ST/STM32CubeIDE_1.15.0/STM32CubeIDE/plugins/com.st.stm32cube.ide.mcu.externaltools.gnu-tools-for-stm32.13.3.rel1.win32_1.0.0.202411081344/tools/bin/../lib/gcc/arm-none-eabi/13.3.1/../../../../arm-none-eabi/lib/thumb/v7e-m+fp/hard\libc_nano.a(libc_a-mallocr.o)
                              C:/ST/STM32CubeIDE_1.15.0/STM32CubeIDE/plugins/com.st.stm32cube.ide.mcu.externaltools.gnu-tools-for-stm32.13.3.rel1.win32_1.0.0.202411081344/tools/bin/../lib/gcc/arm-none-eabi/13.3.1/../../../../arm-none-eabi/lib/thumb/v7e-m+fp/hard\libc_nano.a(libc_a-malloc.o) (_malloc_r)
C:/ST/STM32CubeIDE_1.15.0/STM32CubeIDE/plugins/com.st.stm32cube.ide.mcu.externaltools.gnu-tools-for-stm32.13.3.rel1.win32_1.0.0.202411081344/tools/bin/../lib/gcc/arm-none-eabi/13.3.1/../../../../arm-none-eabi/lib/thumb/v7e-m+fp/hard\libc_nano.a(libc_a-mlock.o)
                              C:/ST/STM32CubeIDE_1.15.0/STM32CubeIDE/plugins/com.st.stm32cube.ide.mcu.externaltools.gnu-tools-for-stm32.13.3.rel1.win32_1.0.0.202411081344/tools/bin/../lib/gcc/arm-none-eabi/13.3.1/../../../../arm-none-eabi/lib/thumb/v7e-m+fp/hard\libc_nano.a(libc_a-mallocr.o) (__malloc_lock)
C:/ST/STM32CubeIDE_1.15.0/STM32CubeIDE/plugins/com.st.stm32cube.ide.mcu.externaltools.gnu-tools-for-stm32.13.3.rel1.win32_1.0.0.202411081344/tools/bin/../lib/gcc/arm-none-eabi/13.3.1/../../../../arm-none-eabi/lib/thumb/v7e-m+fp/hard\libc_nano.a(libc_a-rand.o)
                              ./User/Src/FlashManager.o (rand)
C:/ST/STM32CubeIDE_1.15.0/STM32CubeIDE/plugins/com.st.stm32cube.ide.mcu.externaltools.gnu-tools-for-stm32.13.3.rel1.win32_1.0.0.202411081344/tools/bin/../lib/gcc/arm-none-eabi/13.3.1/../../../../arm-none-eabi/lib/thumb/v7e-m+fp/hard\libc_nano.a(libc_a-findfp.o)
                              C:/ST/STM32CubeIDE_1.15.0/STM32CubeIDE/plugins/com.st.stm32cube.ide.mcu.externaltools.gnu-tools-for-stm32.13.3.rel1.win32_1.0.0.202411081344/tools/bin/../lib/gcc/arm-none-eabi/13.3.1/../../../../arm-none-eabi/lib/thumb/v7e-m+fp/hard\libc_nano.a(libc_a-exit.o) (__stdio_exit_handler)
[...]
Memory Configuration

Name             Origin             Length             Attributes
CCMRAM           0x10000000         0x00010000         xrw
RAM              0x20000000         0x00020000         xrw
FLASH            0x08000000         0x00100000         xr
*default*        0x00000000         0xffffffff

Linker script and memory map

LOAD C:/ST/STM32CubeIDE_1.15.0/STM32CubeIDE/plugins/com.st.stm32cube.ide.mcu.externaltools.gnu-tools-for-stm32.13.3.rel1.win32_1.0.0.202411081344/tools/bin/../lib/gcc/arm-none-eabi/13.3.1/thumb/v7e-m+fp/hard/crti.o
LOAD C:/ST/STM32CubeIDE_1.15.0/STM32CubeIDE/plugins/com.st.stm32cube.ide.mcu.externaltools.gnu-tools-for-stm32.13.3.rel1.win32_1.0.0.202411081344/tools/bin/../lib/gcc/arm-none-eabi/13.3.1/thumb/v7e-m+fp/hard/crtbegin.o
LOAD C:/ST/STM32CubeIDE_1.15.0/STM32CubeIDE/plugins/com.st.stm32cube.ide.mcu.externaltools.gnu-tools-for-stm32.13.3.rel1.win32_1.0.0.202411081344/tools/bin/../lib/gcc/arm-none-eabi/13.3.1/../../../../arm-none-eabi/lib/thumb/v7e-m+fp/hard/crt0.o
LOAD ./Core/Src/freertos.o
LOAD ./Core/Src/main.o
LOAD ./Core/Src/stm32f4xx_hal_msp.o
LOAD ./Core/Src/stm32f4xx_it.o
LOAD ./Core/Src/syscalls.o
LOAD ./Core/Src/sysmem.o
LOAD ./Core/Src/system_stm32f4xx.o
LOAD ./Core/Startup/startup_stm32f407vgtx.o
LOAD ./Drivers/STM32F4xx_HAL_Driver/Src/stm32f4xx_hal.o
LOAD ./Drivers/STM32F4xx_HAL_Driver/Src/stm32f4xx_hal_cortex.o
LOAD ./Drivers/STM32F4xx_HAL_Driver/Src/stm32f4xx_hal_dma.o
LOAD ./Drivers/STM32F4xx_HAL_Driver/Src/stm32f4xx_hal_dma_ex.o
LOAD ./Drivers/STM32F4xx_HAL_Driver/Src/stm32f4xx_hal_exti.o
LOAD ./Drivers/STM32F4xx_HAL_Driver/Src/stm32f4xx_hal_flash.o
LOAD ./Drivers/STM32F4xx_HAL_Driver/Src/stm32f4xx_hal_flash_ex.o
LOAD ./Drivers/STM32F4xx_HAL_Driver/Src/stm32f4xx_hal_flash_ramfunc.o
LOAD ./Drivers/STM32F4xx_HAL_Driver/Src/stm32f4xx_hal_gpio.o
LOAD ./Drivers/STM32F4xx_HAL_Driver/Src/stm32f4xx_hal_pwr.o
LOAD ./Drivers/STM32F4xx_HAL_Driver/Src/stm32f4xx_hal_pwr_ex.o
LOAD ./Drivers/STM32F4xx_HAL_Driver/Src/stm32f4xx_hal_rcc.o
LOAD ./Drivers/STM32F4xx_HAL_Driver/Src/stm32f4xx_hal_rcc_ex.o
LOAD ./Drivers/STM32F4xx_HAL_Driver/Src/stm32f4xx_hal_spi.o
LOAD ./Drivers/STM32F4xx_HAL_Driver/Src/stm32f4xx_hal_tim.o
LOAD ./Drivers/STM32F4xx_HAL_Driver/Src/stm32f4xx_hal_tim_ex.o
LOAD ./Drivers/STM32F4xx_HAL_Driver/Src/stm32f4xx_hal_uart.o
LOAD ./Middlewares/Third_Party/FreeRTOS/Source/CMSIS_RTOS_V2/cmsis_os2.o
LOAD ./Middlewares/Third_Party/FreeRTOS/Source/croutine.o
LOAD ./Middlewares/Third_Party/FreeRTOS/Source/event_groups.o
LOAD ./Middlewares/Third_Party/FreeRTOS/Source/list.o
LOAD ./Middlewares/Third_Party/FreeRTOS/Source/queue.o
LOAD ./Middlewares/Third_Party/FreeRTOS/Source/stream_buffer.o
LOAD ./Middlewares/Third_Party/FreeRTOS/Source/tasks.o
LOAD ./Middlewares/Third_Party/FreeRTOS/Source/timers.o
LOAD ./Middlewares/Third_Party/FreeRTOS/Source/portable/GCC/ARM_CM4F/port.o
LOAD ./Middlewares/Third_Party/FreeRTOS/Source/portable/MemMang/heap_4.o
LOAD ./User/Src/Communication.o
LOAD ./User/Src/Emg.o
LOAD ./User/Src/Filter.o
LOAD ./User/Src/FlashManager.o
LOAD ./User/Src/LoadCell.o
LOAD ./User/Src/SystemAdapter.o
START GROUP
LOAD C:/ST/STM32CubeIDE_1.15.0/STM32CubeIDE/plugins/com.st.stm32cube.ide.mcu.externaltools.gnu-tools-for-stm32.13.3.rel1.win32_1.0.0.202411081344/tools/bin/../lib/gcc/arm-none-eabi/13.3.1/../../../../arm-none-eabi/lib/thumb/v7e-m+fp/hard\libstdc++_nano.a
LOAD C:/ST/STM32CubeIDE_1.15.0/STM32CubeIDE/plugins/com.st.stm32cube.ide.mcu.externaltools.gnu-tools-for-stm32.13.3.rel1.win32_1.0.0.202411081344/tools/bin/../lib/gcc/arm-none-eabi/13.3.1/../../../../arm-none-eabi/lib/thumb/v7e-m+fp/hard\libsupc++_nano.a
END GROUP
LOAD C:/ST/STM32CubeIDE_1.15.0/STM32CubeIDE/plugins/com.st.stm32cube.ide.mcu.externaltools.gnu-tools-for-stm32.13.3.rel1.win32_1.0.0.202411081344/tools/bin/../lib/gcc/arm-none-eabi/13.3.1/../../../../arm-none-eabi/lib/thumb/v7e-m+fp/hard\libstdc++_nano.a
LOAD C:/ST/STM32CubeIDE_1.15.0/STM32CubeIDE/plugins/com.st.stm32cube.ide.mcu.externaltools.gnu-tools-for-stm32.13.3.rel1.win32_1.0.0.202411081344/tools/bin/../lib/gcc/arm-none-eabi/13.3.1/../../../../arm-none-eabi/lib/thumb/v7e-m+fp/hard\libm.a
LOAD C:/ST/STM32CubeIDE_1.15.0/STM32CubeIDE/plugins/com.st.stm32cube.ide.mcu.externaltools.gnu-tools-for-stm32.13.3.rel1.win32_1.0.0.202411081344/tools/bin/../lib/gcc/arm-none-eabi/13.3.1/../../../../arm-none-eabi/lib/thumb/v7e-m+fp/hard\libc_nano.a
START GROUP
LOAD C:/ST/STM32CubeIDE_1.15.0/STM32CubeIDE/plugins/com.st.stm32cube.ide.mcu.externaltools.gnu-tools-for-stm32.13.3.rel1.win32_1.0.0.202411081344/tools/bin/../lib/gcc/arm-none-eabi/13.3.1/thumb/v7e-m+fp/hard\libgcc.a
LOAD C:/ST/STM32CubeIDE_1.15.0/STM32CubeIDE/plugins/com.st.stm32cube.ide.mcu.externaltools.gnu-tools-for-stm32.13.3.rel1.win32_1.0.0.202411081344/tools/bin/../lib/gcc/arm-none-eabi/13.3.1/../../../../arm-none-eabi/lib/thumb/v7e-m+fp/hard\libc_nano.a
END GROUP
START GROUP
LOAD C:/ST/STM32CubeIDE_1.15.0/STM32CubeIDE/plugins/com.st.stm32cube.ide.mcu.externaltools.gnu-tools-for-stm32.13.3.rel1.win32_1.0.0.202411081344/tools/bin/../lib/gcc/arm-none-eabi/13.3.1/thumb/v7e-m+fp/hard\libgcc.a
LOAD C:/ST/STM32CubeIDE_1.15.0/STM32CubeIDE/plugins/com.st.stm32cube.ide.mcu.externaltools.gnu-tools-for-stm32.13.3.rel1.win32_1.0.0.202411081344/tools/bin/../lib/gcc/arm-none-eabi/13.3.1/../../../../arm-none-eabi/lib/thumb/v7e-m+fp/hard\libc_nano.a
LOAD C:/ST/STM32CubeIDE_1.15.0/STM32CubeIDE/plugins/com.st.stm32cube.ide.mcu.externaltools.gnu-tools-for-stm32.13.3.rel1.win32_1.0.0.202411081344/tools/bin/../lib/gcc/arm-none-eabi/13.3.1/../../../../arm-none-eabi/lib/thumb/v7e-m+fp/hard\libnosys.a
END GROUP
START GROUP
LOAD C:/ST/STM32CubeIDE_1.15.0/STM32CubeIDE/plugins/com.st.stm32cube.ide.mcu.externaltools.gnu-tools-for-stm32.13.3.rel1.win32_1.0.0.202411081344/tools/bin/../lib/gcc/arm-none-eabi/13.3.1/thumb/v7e-m+fp/hard\libgcc.a
LOAD C:/ST/STM32CubeIDE_1.15.0/STM32CubeIDE/plugins/com.st.stm32cube.ide.mcu.externaltools.gnu-tools-for-stm32.13.3.rel1.win32_1.0.0.202411081344/tools/bin/../lib/gcc/arm-none-eabi/13.3.1/../../../../arm-none-eabi/lib/thumb/v7e-m+fp/hard\libc_nano.a
LOAD C:/ST/STM32CubeIDE_1.15.0/STM32CubeIDE/plugins/com.st.stm32cube.ide.mcu.externaltools.gnu-tools-for-stm32.13.3.rel1.win32_1.0.0.202411081344/tools/bin/../lib/gcc/arm-none-eabi/13.3.1/../../../../arm-none-eabi/lib/thumb/v7e-m+fp/hard\libnosys.a
END GROUP
LOAD C:/ST/STM32CubeIDE_1.15.0/STM32CubeIDE/plugins/com.st.stm32cube.ide.mcu.externaltools.gnu-tools-for-stm32.13.3.rel1.win32_1.0.0.202411081344/tools/bin/../lib/gcc/arm-none-eabi/13.3.1/thumb/v7e-m+fp/hard/crtend.o
LOAD C:/ST/STM32CubeIDE_1.15.0/STM32CubeIDE/plugins/com.st.stm32cube.ide.mcu.externaltools.gnu-tools-for-stm32.13.3.rel1.win32_1.0.0.202411081344/tools/bin/../lib/gcc/arm-none-eabi/13.3.1/thumb/v7e-m+fp/hard/crtn.o
                0x20020000                        _estack = (ORIGIN (RAM) + LENGTH (RAM))
                0x00000200                        _Min_Heap_Size = 0x200
                0x00000400                        _Min_Stack_Size = 0x400

.isr_vector     0x08000000      0x188
                0x08000000                        . = ALIGN (0x4)
 *(.isr_vector)
 .isr_vector    0x08000000      0x188 ./Core/Startup/startup_stm32f407vgtx.o
                0x08000000                g_pfnVectors
                0x08000188                        . = ALIGN (0x4)

.text           0x08000190    0x11a74
                0x08000190                        . = ALIGN (0x4)
 *(.text)
 .text          0x08000190       0x40 C:/ST/STM32CubeIDE_1.15.0/STM32CubeIDE/plugins/com.st.stm32cube.ide.mcu.externaltools.gnu-tools-for-stm32.13.3.rel1.win32_1.0.0.202411081344/tools/bin/../lib/gcc/arm-none-eabi/13.3.1/thumb/v7e-m+fp/hard/crtbegin.o
 .text          0x080001d0       0xa0 C:/ST/STM32CubeIDE_1.15.0/STM32CubeIDE/plugins/com.st.stm32cube.ide.mcu.externaltools.gnu-tools-for-stm32.13.3.rel1.win32_1.0.0.202411081344/tools/bin/../lib/gcc/arm-none-eabi/13.3.1/../../../../arm-none-eabi/lib/thumb/v7e-m+fp/hard\libc_nano.a(libc_a-memchr.o)
                0x080001d0                memchr
 .text          0x08000270      0x378 C:/ST/STM32CubeIDE_1.15.0/STM32CubeIDE/plugins/com.st.stm32cube.ide.mcu.externaltools.gnu-tools-for-stm32.13.3.rel1.win32_1.0.0.202411081344/tools/bin/../lib/gcc/arm-none-eabi/13.3.1/thumb/v7e-m+fp/hard\libgcc.a(_arm_addsubdf3.o)
                0x08000270                __aeabi_drsub
                0x08000278                __aeabi_dsub
                0x08000278                __subdf3
                0x0800027c                __aeabi_dadd
                0x0800027c                __adddf3
                0x080004f4                __floatunsidf
                0x080004f4                __aeabi_ui2d
                0x08000514                __floatsidf
                0x08000514                __aeabi_i2d
                0x08000538                __aeabi_f2d
                0x08000538                __extendsfdf2
                0x0800057c                __floatundidf
                0x0800057c                __aeabi_ul2d
                0x0800058c                __floatdidf
                0x0800058c                __aeabi_l2d
 .text          0x080005e8      0x424 C:/ST/STM32CubeIDE_1.15.0/STM32CubeIDE/plugins/com.st.stm32cube.ide.mcu.externaltools.gnu-tools-for-stm32.13.3.rel1.win32_1.0.0.202411081344/tools/bin/../lib/gcc/arm-none-eabi/13.3.1/thumb/v7e-m+fp/hard\libgcc.a(_arm_muldivdf3.o)
                0x080005e8                __aeabi_dmul
                0x080005e8                __muldf3
                0x0800083c                __divdf3
                0x0800083c                __aeabi_ddiv
 .text          0x08000a0c       0x40 C:/ST/STM32CubeIDE_1.15.0/STM32CubeIDE/plugins/com.st.stm32cube.ide.mcu.externaltools.gnu-tools-for-stm32.13.3.rel1.win32_1.0.0.202411081344/tools/bin/../lib/gcc/arm-none-eabi/13.3.1/thumb/v7e-m+fp/hard\libgcc.a(_arm_fixunsdfsi.o)
                0x08000a0c                __aeabi_d2uiz
                0x08000a0c                __fixunsdfsi
 .text          0x08000a4c       0xa0 C:/ST/STM32CubeIDE_1.15.0/STM32CubeIDE/plugins/com.st.stm32cube.ide.mcu.externaltools.gnu-tools-for-stm32.13.3.rel1.win32_1.0.0.202411081344/tools/bin/../lib/gcc/arm-none-eabi/13.3.1/thumb/v7e-m+fp/hard\libgcc.a(_arm_truncdfsf2.o)
                0x08000a4c                __truncdfsf2
                0x08000a4c                __aeabi_d2f
 .text          0x08000aec       0x30 C:/ST/STM32CubeIDE_1.15.0/STM32CubeIDE/plugins/com.st.stm32cube.ide.mcu.externaltools.gnu-tools-for-stm32.13.3.rel1.win32_1.0.0.202411081344/tools/bin/../lib/gcc/arm-none-eabi/13.3.1/thumb/v7e-m+fp/hard\libgcc.a(_aeabi_uldivmod.o)
                0x08000aec                __aeabi_uldivmod
 .text          0x08000b1c      0x2f8 C:/ST/STM32CubeIDE_1.15.0/STM32CubeIDE/plugins/com.st.stm32cube.ide.mcu.externaltools.gnu-tools-for-stm32.13.3.rel1.win32_1.0.0.202411081344/tools/bin/../lib/gcc/arm-none-eabi/13.3.1/thumb/v7e-m+fp/hard\libgcc.a(_udivmoddi4.o)
                0x08000b1c                __udivmoddi4
 .text          0x08000e14        0x4 C:/ST/STM32CubeIDE_1.15.0/STM32CubeIDE/plugins/com.st.stm32cube.ide.mcu.externaltools.gnu-tools-for-stm32.13.3.rel1.win32_1.0.0.202411081344/tools/bin/../lib/gcc/arm-none-eabi/13.3.1/thumb/v7e-m+fp/hard\libgcc.a(_dvmd_tls.o)
                0x08000e14                __aeabi_idiv0
                0x08000e14                __aeabi_ldiv0
 *(.text*)
 .text.main     0x08000e18       0x36 ./Core/Src/main.o
                0x08000e18                main
 *fill*         0x08000e4e        0x2 
 .text.SystemClock_Config
                0x08000e50       0xbc ./Core/Src/main.o
                0x08000e50                SystemClock_Config
 .text.MX_SPI1_Init
                0x08000f0c       0x6c ./Core/Src/main.o
 .text.MX_SPI2_Init
                0x08000f78       0x6c ./Core/Src/main.o
 .text.MX_SPI3_Init
                0x08000fe4       0x6c ./Core/Src/main.o
 .text.MX_TIM11_Init
                0x08001050       0x44 ./Core/Src/main.o
 .text.MX_USART1_UART_Init
                0x08001094       0x54 ./Core/Src/main.o
 .text.MX_DMA_Init
                0x080010e8       0xcc ./Core/Src/main.o
 .text.MX_GPIO_Init
                0x080011b4       0xf0 ./Core/Src/main.o
 .text.Error_Handler
                0x080012a4        0xc ./Core/Src/main.o
                0x080012a4                Error_Handler
 .text.HAL_MspInit
                0x080012b0       0x58 ./Core/Src/stm32f4xx_hal_msp.o
                0x080012b0                HAL_MspInit
 .text.HAL_SPI_MspInit
                0x08001308      0x3f8 ./Core/Src/stm32f4xx_hal_msp.o
                0x08001308                HAL_SPI_MspInit
 .text.HAL_TIM_Base_MspInit
                0x08001700       0x50 ./Core/Src/stm32f4xx_hal_msp.o
                0x08001700                HAL_TIM_Base_MspInit
 .text.HAL_UART_MspInit
                0x08001750      0x16c ./Core/Src/stm32f4xx_hal_msp.o
                0x08001750                HAL_UART_MspInit
 .text.NMI_Handler
                0x080018bc        0x8 ./Core/Src/stm32f4xx_it.o
                0x080018bc                NMI_Handler
 .text.HardFault_Handler
                0x080018c4        0x8 ./Core/Src/stm32f4xx_it.o
                0x080018c4                HardFault_Handler
 .text.MemManage_Handler
                0x080018cc        0x8 ./Core/Src/stm32f4xx_it.o
                0x080018cc                MemManage_Handler
 .text.BusFault_Handler
                0x080018d4        0x8 ./Core/Src/stm32f4xx_it.o
                0x080018d4                BusFault_Handler
 .text.UsageFault_Handler
                0x080018dc        0x8 ./Core/Src/stm32f4xx_it.o
                0x080018dc                UsageFault_Handler
 .text.DebugMon_Handler
                0x080018e4        0xe ./Core/Src/stm32f4xx_it.o
                0x080018e4                DebugMon_Handler
 .text.SysTick_Handler
                0x080018f2       0x1a ./Core/Src/stm32f4xx_it.o
                0x080018f2                SysTick_Handler
 .text.DMA1_Stream0_IRQHandler
                0x0800190c       0x14 ./Core/Src/stm32f4xx_it.o
                0x0800190c                DMA1_Stream0_IRQHandler
 .text.DMA1_Stream3_IRQHandler
                0x08001920       0x14 ./Core/Src/stm32f4xx_it.o
                0x08001920                DMA1_Stream3_IRQHandler
 .text.DMA1_Stream4_IRQHandler
                0x08001934       0x14 ./Core/Src/stm32f4xx_it.o
                0x08001934                DMA1_Stream4_IRQHandler
 .text.DMA1_Stream5_IRQHandler
                0x08001948       0x14 ./Core/Src/stm32f4xx_it.o
                0x08001948                DMA1_Stream5_IRQHandler
 .text.TIM1_TRG_COM_TIM11_IRQHandler
                0x0800195c       0x20 ./Core/Src/stm32f4xx_it.o
                0x0800195c                TIM1_TRG_COM_TIM11_IRQHandler
 .text.SPI1_IRQHandler
                0x0800197c       0x14 ./Core/Src/stm32f4xx_it.o
                0x0800197c                SPI1_IRQHandler
 .text.SPI2_IRQHandler
                0x08001990       0x14 ./Core/Src/stm32f4xx_it.o
                0x08001990                SPI2_IRQHandler
 .text.USART1_IRQHandler
                0x080019a4       0x14 ./Core/Src/stm32f4xx_it.o
                0x080019a4                USART1_IRQHandler
 .text.SPI3_IRQHandler
                0x080019b8       0x14 ./Core/Src/stm32f4xx_it.o
                0x080019b8                SPI3_IRQHandler
 .text.DMA2_Stream0_IRQHandler
                0x080019cc       0x14 ./Core/Src/stm32f4xx_it.o
                0x080019cc                DMA2_Stream0_IRQHandler
 .text.DMA2_Stream2_IRQHandler
                0x080019e0       0x14 ./Core/Src/stm32f4xx_it.o
                0x080019e0                DMA2_Stream2_IRQHandler
 .text.DMA2_Stream3_IRQHandler
                0x080019f4       0x14 ./Core/Src/stm32f4xx_it.o
                0x080019f4                DMA2_Stream3_IRQHandler
 .text.DMA2_Stream7_IRQHandler
                0x08001a08       0x14 ./Core/Src/stm32f4xx_it.o
                0x08001a08                DMA2_Stream7_IRQHandler
 .text._getpid  0x08001a1c       0x10 ./Core/Src/syscalls.o
                0x08001a1c                _getpid
 .text._kill    0x08001a2c       0x20 ./Core/Src/syscalls.o
                0x08001a2c                _kill
 .text._exit    0x08001a4c       0x16 ./Core/Src/syscalls.o
                0x08001a4c                _exit
 .text._read    0x08001a62       0x3a ./Core/Src/syscalls.o
                0x08001a62                _read
 .text._write   0x08001a9c       0x38 ./Core/Src/syscalls.o
                0x08001a9c                _write
 .text._close   0x08001ad4       0x18 ./Core/Src/syscalls.o
                0x08001ad4                _close
 .text._fstat   0x08001aec       0x20 ./Core/Src/syscalls.o
                0x08001aec                _fstat
 .text._isatty  0x08001b0c       0x16 ./Core/Src/syscalls.o
                0x08001b0c                _isatty
 .text._lseek   0x08001b22       0x1a ./Core/Src/syscalls.o
                0x08001b22                _lseek
 .text._sbrk    0x08001b3c       0x6c ./Core/Src/sysmem.o
                0x08001b3c                _sbrk
 .text.SystemInit
                0x08001ba8       0x24 ./Core/Src/system_stm32f4xx.o
                0x08001ba8                SystemInit
 .text.Reset_Handler
                0x08001bcc       0x50 ./Core/Startup/startup_stm32f407vgtx.o
                0x08001bcc                Reset_Handler
 .text.Default_Handler
                0x08001c1c        0x2 ./Core/Startup/startup_stm32f407vgtx.o
                0x08001c1c                RTC_Alarm_IRQHandler
                0x08001c1c                HASH_RNG_IRQHandler
                0x08001c1c                EXTI2_IRQHandler
                0x08001c1c                TIM8_CC_IRQHandler
                0x08001c1c                TIM1_CC_IRQHandler
                0x08001c1c                DMA2_Stream5_IRQHandler
                0x08001c1c                PVD_IRQHandler
                0x08001c1c                SDIO_IRQHandler
                0x08001c1c                TAMP_STAMP_IRQHandler
                0x08001c1c                CAN2_RX1_IRQHandler
                0x08001c1c                EXTI3_IRQHandler
                0x08001c1c                TIM8_TRG_COM_TIM14_IRQHandler
                0x08001c1c                TIM1_UP_TIM10_IRQHandler
                0x08001c1c                TIM8_UP_TIM13_IRQHandler
                0x08001c1c                I2C3_ER_IRQHandler
                0x08001c1c                EXTI0_IRQHandler
                0x08001c1c                I2C2_EV_IRQHandler
                0x08001c1c                DMA1_Stream2_IRQHandler
                0x08001c1c                CAN1_RX0_IRQHandler
                0x08001c1c                FPU_IRQHandler
                0x08001c1c                OTG_HS_WKUP_IRQHandler
                0x08001c1c                CAN2_SCE_IRQHandler
                0x08001c1c                TIM6_DAC_IRQHandler
                0x08001c1c                TIM1_BRK_TIM9_IRQHandler
                0x08001c1c                DCMI_IRQHandler
                0x08001c1c                CAN2_RX0_IRQHandler
                0x08001c1c                USART6_IRQHandler
                0x08001c1c                USART3_IRQHandler
                0x08001c1c                CAN1_RX1_IRQHandler
                0x08001c1c                UART5_IRQHandler
                0x08001c1c                TIM4_IRQHandler
                0x08001c1c                I2C1_EV_IRQHandler
                0x08001c1c                DMA1_Stream6_IRQHandler
                0x08001c1c                DMA1_Stream1_IRQHandler
                0x08001c1c                UART4_IRQHandler
                0x08001c1c                TIM3_IRQHandler
                0x08001c1c                RCC_IRQHandler
                0x08001c1c                TIM8_BRK_TIM12_IRQHandler
                0x08001c1c                Default_Handler
                0x08001c1c                EXTI15_10_IRQHandler
                0x08001c1c                ADC_IRQHandler
                0x08001c1c                DMA1_Stream7_IRQHandler
                0x08001c1c                TIM7_IRQHandler
                0x08001c1c                CAN2_TX_IRQHandler
                0x08001c1c                TIM5_IRQHandler
                0x08001c1c                I2C3_EV_IRQHandler
                0x08001c1c                EXTI9_5_IRQHandler
                0x08001c1c                RTC_WKUP_IRQHandler
                0x08001c1c                ETH_WKUP_IRQHandler
                0x08001c1c                OTG_HS_EP1_IN_IRQHandler
                0x08001c1c                CAN1_TX_IRQHandler
                0x08001c1c                EXTI4_IRQHandler
                0x08001c1c                FSMC_IRQHandler
                0x08001c1c                ETH_IRQHandler
                0x08001c1c                OTG_HS_EP1_OUT_IRQHandler
                0x08001c1c                WWDG_IRQHandler
                0x08001c1c                TIM2_IRQHandler
                0x08001c1c                OTG_FS_WKUP_IRQHandler
                0x08001c1c                OTG_HS_IRQHandler
                0x08001c1c                EXTI1_IRQHandler
                0x08001c1c                USART2_IRQHandler
                0x08001c1c                I2C2_ER_IRQHandler
                0x08001c1c                DMA2_Stream1_IRQHandler
                0x08001c1c                CAN1_SCE_IRQHandler
                0x08001c1c                FLASH_IRQHandler
                0x08001c1c                DMA2_Stream4_IRQHandler
                0x08001c1c                OTG_FS_IRQHandler
                0x08001c1c                I2C1_ER_IRQHandler
                0x08001c1c                DMA2_Stream6_IRQHandler
 *fill*         0x08001c1e        0x2 
 .text.HAL_Init
                0x08001c20       0x44 ./Drivers/STM32F4xx_HAL_Driver/Src/stm32f4xx_hal.o
                0x08001c20                HAL_Init
 .text.HAL_InitTick
                0x08001c64       0x60 ./Drivers/STM32F4xx_HAL_Driver/Src/stm32f4xx_hal.o
                0x08001c64                HAL_InitTick
 .text.HAL_IncTick
                0x08001cc4       0x28 ./Drivers/STM32F4xx_HAL_Driver/Src/stm32f4xx_hal.o
                0x08001cc4                HAL_IncTick
 .text.HAL_GetTick
                0x08001cec       0x18 ./Drivers/STM32F4xx_HAL_Driver/Src/stm32f4xx_hal.o
                0x08001cec                HAL_GetTick
 .text.HAL_Delay
                0x08001d04       0x48 ./Drivers/STM32F4xx_HAL_Driver/Src/stm32f4xx_hal.o
                0x08001d04                HAL_Delay
 .text.__NVIC_SetPriorityGrouping
                0x08001d4c       0x48 ./Drivers/STM32F4xx_HAL_Driver/Src/stm32f4xx_hal_cortex.o
 .text.__NVIC_GetPriorityGrouping
                0x08001d94       0x1c ./Drivers/STM32F4xx_HAL_Driver/Src/stm32f4xx_hal_cortex.o
 .text.__NVIC_EnableIRQ
                0x08001db0       0x3c ./Drivers/STM32F4xx_HAL_Driver/Src/stm32f4xx_hal_cortex.o
 .text.__NVIC_SetPriority
                0x08001dec       0x54 ./Drivers/STM32F4xx_HAL_Driver/Src/stm32f4xx_hal_cortex.o
 .text.NVIC_EncodePriority
                0x08001e40       0x66 ./Drivers/STM32F4xx_HAL_Driver/Src/stm32f4xx_hal_cortex.o
 *fill*         0x08001ea6        0x2 
 .text.__NVIC_SystemReset
                0x08001ea8       0x2c ./Drivers/STM32F4xx_HAL_Driver/Src/stm32f4xx_hal_cortex.o
 .text.SysTick_Config
                0x08001ed4       0x44 ./Drivers/STM32F4xx_HAL_Driver/Src/stm32f4xx_hal_cortex.o
 .text.HAL_NVIC_SetPriorityGrouping
                0x08001f18       0x16 ./Drivers/STM32F4xx_HAL_Driver/Src/stm32f4xx_hal_cortex.o
                0x08001f18                HAL_NVIC_SetPriorityGrouping
 .text.HAL_NVIC_SetPriority
                0x08001f2e       0x38 ./Drivers/STM32F4xx_HAL_Driver/Src/stm32f4xx_hal_cortex.o
                0x08001f2e                HAL_NVIC_SetPriority
 .text.HAL_NVIC_EnableIRQ
                0x08001f66       0x1c ./Drivers/STM32F4xx_HAL_Driver/Src/stm32f4xx_hal_cortex.o
                0x08001f66                HAL_NVIC_EnableIRQ
 .text.HAL_NVIC_SystemReset
                0x08001f82        0x8 ./Drivers/STM32F4xx_HAL_Driver/Src/stm32f4xx_hal_cortex.o
                0x08001f82                HAL_NVIC_SystemReset
 .text.HAL_SYSTICK_Config
                0x08001f8a       0x18 ./Drivers/STM32F4xx_HAL_Driver/Src/stm32f4xx_hal_cortex.o
                0x08001f8a                HAL_SYSTICK_Config
 *fill*         0x08001fa2        0x2 
 .text.HAL_DMA_Init
                0x08001fa4      0x15c ./Drivers/STM32F4xx_HAL_Driver/Src/stm32f4xx_hal_dma.o
                0x08001fa4                HAL_DMA_Init
 .text.HAL_DMA_Start_IT
                0x08002100       0xb0 ./Drivers/STM32F4xx_HAL_Driver/Src/stm32f4xx_hal_dma.o
                0x08002100                HAL_DMA_Start_IT
 .text.HAL_DMA_Abort
                0x080021b0       0xe0 ./Drivers/STM32F4xx_HAL_Driver/Src/stm32f4xx_hal_dma.o
                0x080021b0                HAL_DMA_Abort
 .text.HAL_DMA_Abort_IT
                0x08002290       0x44 ./Drivers/STM32F4xx_HAL_Driver/Src/stm32f4xx_hal_dma.o
                0x08002290                HAL_DMA_Abort_IT
 .text.HAL_DMA_IRQHandler
                0x080022d4      0x314 ./Drivers/STM32F4xx_HAL_Driver/Src/stm32f4xx_hal_dma.o
                0x080022d4                HAL_DMA_IRQHandler
 .text.DMA_SetConfig
                0x080025e8       0x5c ./Drivers/STM32F4xx_HAL_Driver/Src/stm32f4xx_hal_dma.o
 .text.DMA_CalcBaseAndBitshift
                0x08002644       0x6c ./Drivers/STM32F4xx_HAL_Driver/Src/stm32f4xx_hal_dma.o
 .text.DMA_CheckFifoParam
                0x080026b0       0xf8 ./Drivers/STM32F4xx_HAL_Driver/Src/stm32f4xx_hal_dma.o
 .text.HAL_FLASH_Program
                0x080027a8       0xa8 ./Drivers/STM32F4xx_HAL_Driver/Src/stm32f4xx_hal_flash.o
                0x080027a8                HAL_FLASH_Program
 .text.HAL_FLASH_Unlock
                0x08002850       0x44 ./Drivers/STM32F4xx_HAL_Driver/Src/stm32f4xx_hal_flash.o
                0x08002850                HAL_FLASH_Unlock
 .text.HAL_FLASH_Lock
                0x08002894       0x20 ./Drivers/STM32F4xx_HAL_Driver/Src/stm32f4xx_hal_flash.o
                0x08002894                HAL_FLASH_Lock
 .text.FLASH_WaitForLastOperation
                0x080028b4       0x80 ./Drivers/STM32F4xx_HAL_Driver/Src/stm32f4xx_hal_flash.o
                0x080028b4                FLASH_WaitForLastOperation
 .text.FLASH_Program_DoubleWord
                0x08002934       0x64 ./Drivers/STM32F4xx_HAL_Driver/Src/stm32f4xx_hal_flash.o
 .text.FLASH_Program_Word
                0x08002998       0x44 ./Drivers/STM32F4xx_HAL_Driver/Src/stm32f4xx_hal_flash.o
 .text.FLASH_Program_HalfWord
                0x080029dc       0x48 ./Drivers/STM32F4xx_HAL_Driver/Src/stm32f4xx_hal_flash.o
 .text.FLASH_Program_Byte
                0x08002a24       0x44 ./Drivers/STM32F4xx_HAL_Driver/Src/stm32f4xx_hal_flash.o
 .text.FLASH_SetErrorCode
                0x08002a68       0xac ./Drivers/STM32F4xx_HAL_Driver/Src/stm32f4xx_hal_flash.o
 .text.HAL_FLASHEx_Erase
                0x08002b14       0xe0 ./Drivers/STM32F4xx_HAL_Driver/Src/stm32f4xx_hal_flash_ex.o
                0x08002b14                HAL_FLASHEx_Erase
 .text.FLASH_MassErase
                0x08002bf4       0x48 ./Drivers/STM32F4xx_HAL_Driver/Src/stm32f4xx_hal_flash_ex.o
 .text.FLASH_Erase_Sector
                0x08002c3c       0x90 ./Drivers/STM32F4xx_HAL_Driver/Src/stm32f4xx_hal_flash_ex.o
                0x08002c3c                FLASH_Erase_Sector
 .text.FLASH_FlushCaches
                0x08002ccc       0x8c ./Drivers/STM32F4xx_HAL_Driver/Src/stm32f4xx_hal_flash_ex.o
                0x08002ccc                FLASH_FlushCaches
 .text.HAL_GPIO_Init
                0x08002d58      0x338 ./Drivers/STM32F4xx_HAL_Driver/Src/stm32f4xx_hal_gpio.o
                0x08002d58                HAL_GPIO_Init
 .text.HAL_GPIO_WritePin
                0x08003090       0x32 ./Drivers/STM32F4xx_HAL_Driver/Src/stm32f4xx_hal_gpio.o
                0x08003090                HAL_GPIO_WritePin
 *fill*         0x080030c2        0x2 
 .text.HAL_RCC_OscConfig
                0x080030c4      0x4f0 ./Drivers/STM32F4xx_HAL_Driver/Src/stm32f4xx_hal_rcc.o
                0x080030c4                HAL_RCC_OscConfig
 .text.HAL_RCC_ClockConfig
                0x080035b4      0x1cc ./Drivers/STM32F4xx_HAL_Driver/Src/stm32f4xx_hal_rcc.o
                0x080035b4                HAL_RCC_ClockConfig
 .text.HAL_RCC_GetSysClockFreq
                0x08003780      0x18c ./Drivers/STM32F4xx_HAL_Driver/Src/stm32f4xx_hal_rcc.o
                0x08003780                HAL_RCC_GetSysClockFreq
 .text.HAL_RCC_GetHCLKFreq
                0x0800390c       0x18 ./Drivers/STM32F4xx_HAL_Driver/Src/stm32f4xx_hal_rcc.o
                0x0800390c                HAL_RCC_GetHCLKFreq
 .text.HAL_RCC_GetPCLK1Freq
                0x08003924       0x28 ./Drivers/STM32F4xx_HAL_Driver/Src/stm32f4xx_hal_rcc.o
                0x08003924                HAL_RCC_GetPCLK1Freq
 .text.HAL_RCC_GetPCLK2Freq
                0x0800394c       0x28 ./Drivers/STM32F4xx_HAL_Driver/Src/stm32f4xx_hal_rcc.o
                0x0800394c                HAL_RCC_GetPCLK2Freq
 .text.HAL_SPI_Init
                0x08003974      0x112 ./Drivers/STM32F4xx_HAL_Driver/Src/stm32f4xx_hal_spi.o
                0x08003974                HAL_SPI_Init
 .text.HAL_SPI_Transmit
                0x08003a86      0x288 ./Drivers/STM32F4xx_HAL_Driver/Src/stm32f4xx_hal_spi.o
                0x08003a86                HAL_SPI_Transmit
 .text.HAL_SPI_Receive
                0x08003d0e      0x232 ./Drivers/STM32F4xx_HAL_Driver/Src/stm32f4xx_hal_spi.o
                0x08003d0e                HAL_SPI_Receive
 .text.HAL_SPI_TransmitReceive
                0x08003f40      0x352 ./Drivers/STM32F4xx_HAL_Driver/Src/stm32f4xx_hal_spi.o
                0x08003f40                HAL_SPI_TransmitReceive
 *fill*         0x08004292        0x2 
 .text.HAL_SPI_Transmit_DMA
                0x08004294      0x164 ./Drivers/STM32F4xx_HAL_Driver/Src/stm32f4xx_hal_spi.o
                0x08004294                HAL_SPI_Transmit_DMA
 .text.HAL_SPI_Receive_DMA
                0x080043f8      0x188 ./Drivers/STM32F4xx_HAL_Driver/Src/stm32f4xx_hal_spi.o
                0x080043f8                HAL_SPI_Receive_DMA
 .text.HAL_SPI_TransmitReceive_DMA
                0x08004580      0x1f8 ./Drivers/STM32F4xx_HAL_Driver/Src/stm32f4xx_hal_spi.o
                0x08004580                HAL_SPI_TransmitReceive_DMA
 .text.HAL_SPI_IRQHandler
                0x08004778      0x200 ./Drivers/STM32F4xx_HAL_Driver/Src/stm32f4xx_hal_spi.o
                0x08004778                HAL_SPI_IRQHandler
 .text.HAL_SPI_TxCpltCallback
                0x08004978       0x14 ./Drivers/STM32F4xx_HAL_Driver/Src/stm32f4xx_hal_spi.o
                0x08004978                HAL_SPI_TxCpltCallback
 .text.HAL_SPI_RxCpltCallback
                0x0800498c       0x14 ./Drivers/STM32F4xx_HAL_Driver/Src/stm32f4xx_hal_spi.o
                0x0800498c                HAL_SPI_RxCpltCallback
 .text.HAL_SPI_TxRxCpltCallback
                0x080049a0       0x14 ./Drivers/STM32F4xx_HAL_Driver/Src/stm32f4xx_hal_spi.o
                0x080049a0                HAL_SPI_TxRxCpltCallback
 .text.HAL_SPI_TxHalfCpltCallback
                0x080049b4       0x14 ./Drivers/STM32F4xx_HAL_Driver/Src/stm32f4xx_hal_spi.o
                0x080049b4                HAL_SPI_TxHalfCpltCallback
 .text.HAL_SPI_RxHalfCpltCallback
                0x080049c8       0x14 ./Drivers/STM32F4xx_HAL_Driver/Src/stm32f4xx_hal_spi.o
                0x080049c8                HAL_SPI_RxHalfCpltCallback
 .text.HAL_SPI_TxRxHalfCpltCallback
                0x080049dc       0x14 ./Drivers/STM32F4xx_HAL_Driver/Src/stm32f4xx_hal_spi.o
                0x080049dc                HAL_SPI_TxRxHalfCpltCallback
 .text.HAL_SPI_ErrorCallback
                0x080049f0       0x14 ./Drivers/STM32F4xx_HAL_Driver/Src/stm32f4xx_hal_spi.o
                0x080049f0                HAL_SPI_ErrorCallback
 .text.SPI_DMATransmitCplt
                0x08004a04       0xa8 ./Drivers/STM32F4xx_HAL_Driver/Src/stm32f4xx_hal_spi.o
 .text.SPI_DMAReceiveCplt
                0x08004aac       0xa8 ./Drivers/STM32F4xx_HAL_Driver/Src/stm32f4xx_hal_spi.o
 .text.SPI_DMATransmitReceiveCplt
                0x08004b54       0x90 ./Drivers/STM32F4xx_HAL_Driver/Src/stm32f4xx_hal_spi.o
 .text.SPI_DMAHalfTransmitCplt
                0x08004be4       0x1c ./Drivers/STM32F4xx_HAL_Driver/Src/stm32f4xx_hal_spi.o
 .text.SPI_DMAHalfReceiveCplt
                0x08004c00       0x1c ./Drivers/STM32F4xx_HAL_Driver/Src/stm32f4xx_hal_spi.o
 .text.SPI_DMAHalfTransmitReceiveCplt
                0x08004c1c       0x1c ./Drivers/STM32F4xx_HAL_Driver/Src/stm32f4xx_hal_spi.o
 .text.SPI_DMAError
                0x08004c38       0x40 ./Drivers/STM32F4xx_HAL_Driver/Src/stm32f4xx_hal_spi.o
 .text.SPI_DMAAbortOnError
                0x08004c78       0x28 ./Drivers/STM32F4xx_HAL_Driver/Src/stm32f4xx_hal_spi.o
 .text.SPI_WaitFlagStateUntilTimeout
                0x08004ca0      0x110 ./Drivers/STM32F4xx_HAL_Driver/Src/stm32f4xx_hal_spi.o
 .text.SPI_EndRxTransaction
                0x08004db0       0xca ./Drivers/STM32F4xx_HAL_Driver/Src/stm32f4xx_hal_spi.o
 *fill*         0x08004e7a        0x2 
 .text.SPI_EndRxTxTransaction
                0x08004e7c       0xa8 ./Drivers/STM32F4xx_HAL_Driver/Src/stm32f4xx_hal_spi.o
 .text.HAL_TIM_Base_Init
                0x08004f24       0x9e ./Drivers/STM32F4xx_HAL_Driver/Src/stm32f4xx_hal_tim.o
                0x08004f24                HAL_TIM_Base_Init
 *fill*         0x08004fc2        0x2 
 .text.HAL_TIM_Base_Start_IT
                0x08004fc4       0xe0 ./Drivers/STM32F4xx_HAL_Driver/Src/stm32f4xx_hal_tim.o
                0x08004fc4                HAL_TIM_Base_Start_IT
 .text.HAL_TIM_IRQHandler
                0x080050a4      0x1e0 ./Drivers/STM32F4xx_HAL_Driver/Src/stm32f4xx_hal_tim.o
                0x080050a4                HAL_TIM_IRQHandler
 .text.HAL_TIM_PeriodElapsedCallback
                0x08005284       0x14 ./Drivers/STM32F4xx_HAL_Driver/Src/stm32f4xx_hal_tim.o
                0x08005284                HAL_TIM_PeriodElapsedCallback
 .text.HAL_TIM_OC_DelayElapsedCallback
                0x08005298       0x14 ./Drivers/STM32F4xx_HAL_Driver/Src/stm32f4xx_hal_tim.o
                0x08005298                HAL_TIM_OC_DelayElapsedCallback
 .text.HAL_TIM_IC_CaptureCallback
                0x080052ac       0x14 ./Drivers/STM32F4xx_HAL_Driver/Src/stm32f4xx_hal_tim.o
                0x080052ac                HAL_TIM_IC_CaptureCallback
 .text.HAL_TIM_PWM_PulseFinishedCallback
                0x080052c0       0x14 ./Drivers/STM32F4xx_HAL_Driver/Src/stm32f4xx_hal_tim.o
                0x080052c0                HAL_TIM_PWM_PulseFinishedCallback
 .text.HAL_TIM_TriggerCallback
                0x080052d4       0x14 ./Drivers/STM32F4xx_HAL_Driver/Src/stm32f4xx_hal_tim.o
                0x080052d4                HAL_TIM_TriggerCallback
 .text.TIM_Base_SetConfig
                0x080052e8      0x158 ./Drivers/STM32F4xx_HAL_Driver/Src/stm32f4xx_hal_tim.o
                0x080052e8                TIM_Base_SetConfig
 .text.HAL_TIMEx_CommutCallback
                0x08005440       0x14 ./Drivers/STM32F4xx_HAL_Driver/Src/stm32f4xx_hal_tim_ex.o
                0x08005440                HAL_TIMEx_CommutCallback
 .text.HAL_TIMEx_BreakCallback
                0x08005454       0x14 ./Drivers/STM32F4xx_HAL_Driver/Src/stm32f4xx_hal_tim_ex.o
                0x08005454                HAL_TIMEx_BreakCallback
 .text.HAL_UART_Init
                0x08005468       0xa0 ./Drivers/STM32F4xx_HAL_Driver/Src/stm32f4xx_hal_uart.o
                0x08005468                HAL_UART_Init
 .text.HAL_UART_Transmit
                0x08005508      0x116 ./Drivers/STM32F4xx_HAL_Driver/Src/stm32f4xx_hal_uart.o
                0x08005508                HAL_UART_Transmit
 .text.HAL_UART_Receive_DMA
                0x0800561e       0x4a ./Drivers/STM32F4xx_HAL_Driver/Src/stm32f4xx_hal_uart.o
                0x0800561e                HAL_UART_Receive_DMA
 .text.HAL_UART_IRQHandler
                0x08005668      0x524 ./Drivers/STM32F4xx_HAL_Driver/Src/stm32f4xx_hal_uart.o
                0x08005668                HAL_UART_IRQHandler
 .text.HAL_UART_TxCpltCallback
                0x08005b8c       0x14 ./Drivers/STM32F4xx_HAL_Driver/Src/stm32f4xx_hal_uart.o
                0x08005b8c                HAL_UART_TxCpltCallback
 .text.HAL_UART_RxCpltCallback
                0x08005ba0       0x14 ./Drivers/STM32F4xx_HAL_Driver/Src/stm32f4xx_hal_uart.o
                0x08005ba0                HAL_UART_RxCpltCallback
 .text.HAL_UART_RxHalfCpltCallback
                0x08005bb4       0x14 ./Drivers/STM32F4xx_HAL_Driver/Src/stm32f4xx_hal_uart.o
                0x08005bb4                HAL_UART_RxHalfCpltCallback
 .text.HAL_UART_ErrorCallback
                0x08005bc8       0x14 ./Drivers/STM32F4xx_HAL_Driver/Src/stm32f4xx_hal_uart.o
                0x08005bc8                HAL_UART_ErrorCallback
 .text.HAL_UARTEx_RxEventCallback
                0x08005bdc       0x18 ./Drivers/STM32F4xx_HAL_Driver/Src/stm32f4xx_hal_uart.o
                0x08005bdc                HAL_UARTEx_RxEventCallback
 .text.UART_DMAReceiveCplt
                0x08005bf4      0x12c ./Drivers/STM32F4xx_HAL_Driver/Src/stm32f4xx_hal_uart.o
 .text.UART_DMARxHalfCplt
                0x08005d20       0x3c ./Drivers/STM32F4xx_HAL_Driver/Src/stm32f4xx_hal_uart.o
 .text.UART_DMAError
                0x08005d5c       0x94 ./Drivers/STM32F4xx_HAL_Driver/Src/stm32f4xx_hal_uart.o
 .text.UART_WaitOnFlagUntilTimeout
                0x08005df0       0xb2 ./Drivers/STM32F4xx_HAL_Driver/Src/stm32f4xx_hal_uart.o
 *fill*         0x08005ea2        0x2 
 .text.UART_Start_Receive_DMA
                0x08005ea4      0x134 ./Drivers/STM32F4xx_HAL_Driver/Src/stm32f4xx_hal_uart.o
                0x08005ea4                UART_Start_Receive_DMA
 .text.UART_EndTxTransfer
                0x08005fd8       0x50 ./Drivers/STM32F4xx_HAL_Driver/Src/stm32f4xx_hal_uart.o
 .text.UART_EndRxTransfer
                0x08006028       0xc6 ./Drivers/STM32F4xx_HAL_Driver/Src/stm32f4xx_hal_uart.o
 .text.UART_DMAAbortOnError
                0x080060ee       0x28 ./Drivers/STM32F4xx_HAL_Driver/Src/stm32f4xx_hal_uart.o
 .text.UART_Transmit_IT
                0x08006116       0xa0 ./Drivers/STM32F4xx_HAL_Driver/Src/stm32f4xx_hal_uart.o
 .text.UART_EndTransmit_IT
                0x080061b6       0x30 ./Drivers/STM32F4xx_HAL_Driver/Src/stm32f4xx_hal_uart.o
 .text.UART_Receive_IT
                0x080061e6      0x17c ./Drivers/STM32F4xx_HAL_Driver/Src/stm32f4xx_hal_uart.o
 *fill*         0x08006362        0x2 
 .text.UART_SetConfig
                0x08006364      0x4e8 ./Drivers/STM32F4xx_HAL_Driver/Src/stm32f4xx_hal_uart.o
 .text.__NVIC_SetPriority
                0x0800684c       0x54 ./Middlewares/Third_Party/FreeRTOS/Source/CMSIS_RTOS_V2/cmsis_os2.o
 .text.SVC_Setup
                0x080068a0       0x12 ./Middlewares/Third_Party/FreeRTOS/Source/CMSIS_RTOS_V2/cmsis_os2.o
 *fill*         0x080068b2        0x2 
 .text.osKernelInitialize
                0x080068b4       0x48 ./Middlewares/Third_Party/FreeRTOS/Source/CMSIS_RTOS_V2/cmsis_os2.o
                0x080068b4                osKernelInitialize
 .text.osKernelStart
                0x080068fc       0x4c ./Middlewares/Third_Party/FreeRTOS/Source/CMSIS_RTOS_V2/cmsis_os2.o
                0x080068fc                osKernelStart
 .text.osThreadNew
                0x08006948      0x124 ./Middlewares/Third_Party/FreeRTOS/Source/CMSIS_RTOS_V2/cmsis_os2.o
                0x08006948                osThreadNew
 .text.osThreadTerminate
                0x08006a6c       0x5a ./Middlewares/Third_Party/FreeRTOS/Source/CMSIS_RTOS_V2/cmsis_os2.o
                0x08006a6c                osThreadTerminate
 .text.osSemaphoreNew
                0x08006ac6      0x112 ./Middlewares/Third_Party/FreeRTOS/Source/CMSIS_RTOS_V2/cmsis_os2.o
                0x08006ac6                osSemaphoreNew
 .text.osSemaphoreAcquire
                0x08006bd8       0xa4 ./Middlewares/Third_Party/FreeRTOS/Source/CMSIS_RTOS_V2/cmsis_os2.o
                0x08006bd8                osSemaphoreAcquire
 .text.osSemaphoreRelease
                0x08006c7c       0x88 ./Middlewares/Third_Party/FreeRTOS/Source/CMSIS_RTOS_V2/cmsis_os2.o
                0x08006c7c                osSemaphoreRelease
 .text.vApplicationGetIdleTaskMemory
                0x08006d04       0x34 ./Middlewares/Third_Party/FreeRTOS/Source/CMSIS_RTOS_V2/cmsis_os2.o
                0x08006d04                vApplicationGetIdleTaskMemory
 .text.vApplicationGetTimerTaskMemory
                0x08006d38       0x34 ./Middlewares/Third_Party/FreeRTOS/Source/CMSIS_RTOS_V2/cmsis_os2.o
                0x08006d38                vApplicationGetTimerTaskMemory
 .text.vListInitialise
                0x08006d6c       0x40 ./Middlewares/Third_Party/FreeRTOS/Source/list.o
                0x08006d6c                vListInitialise
 .text.vListInitialiseItem
                0x08006dac       0x1a ./Middlewares/Third_Party/FreeRTOS/Source/list.o
                0x08006dac                vListInitialiseItem
 .text.vListInsertEnd
                0x08006dc6       0x48 ./Middlewares/Third_Party/FreeRTOS/Source/list.o
                0x08006dc6                vListInsertEnd
 .text.vListInsert
                0x08006e0e       0x72 ./Middlewares/Third_Party/FreeRTOS/Source/list.o
                0x08006e0e                vListInsert
 .text.uxListRemove
                0x08006e80       0x54 ./Middlewares/Third_Party/FreeRTOS/Source/list.o
                0x08006e80                uxListRemove
 .text.xQueueGenericReset
                0x08006ed4       0xd4 ./Middlewares/Third_Party/FreeRTOS/Source/queue.o
                0x08006ed4                xQueueGenericReset
 .text.xQueueGenericCreateStatic
                0x08006fa8       0xfa ./Middlewares/Third_Party/FreeRTOS/Source/queue.o
                0x08006fa8                xQueueGenericCreateStatic
 .text.xQueueGenericCreate
                0x080070a2       0x76 ./Middlewares/Third_Party/FreeRTOS/Source/queue.o
                0x080070a2                xQueueGenericCreate
 .text.prvInitialiseNewQueue
                0x08007118       0x46 ./Middlewares/Third_Party/FreeRTOS/Source/queue.o
 .text.xQueueCreateCountingSemaphoreStatic
                0x0800715e       0x72 ./Middlewares/Third_Party/FreeRTOS/Source/queue.o
                0x0800715e                xQueueCreateCountingSemaphoreStatic
 .text.xQueueCreateCountingSemaphore
                0x080071d0       0x6a ./Middlewares/Third_Party/FreeRTOS/Source/queue.o
                0x080071d0                xQueueCreateCountingSemaphore
 *fill*         0x0800723a        0x2 
 .text.xQueueGenericSend
                0x0800723c      0x204 ./Middlewares/Third_Party/FreeRTOS/Source/queue.o
                0x0800723c                xQueueGenericSend
 .text.xQueueGenericSendFromISR
                0x08007440      0x13c ./Middlewares/Third_Party/FreeRTOS/Source/queue.o
                0x08007440                xQueueGenericSendFromISR
 .text.xQueueGiveFromISR
                0x0800757c      0x120 ./Middlewares/Third_Party/FreeRTOS/Source/queue.o
                0x0800757c                xQueueGiveFromISR
 .text.xQueueReceive
                0x0800769c      0x1c4 ./Middlewares/Third_Party/FreeRTOS/Source/queue.o
                0x0800769c                xQueueReceive
 .text.xQueueSemaphoreTake
                0x08007860      0x220 ./Middlewares/Third_Party/FreeRTOS/Source/queue.o
                0x08007860                xQueueSemaphoreTake
 .text.xQueueReceiveFromISR
                0x08007a80      0x104 ./Middlewares/Third_Party/FreeRTOS/Source/queue.o
                0x08007a80                xQueueReceiveFromISR
 .text.vQueueDelete
                0x08007b84       0x48 ./Middlewares/Third_Party/FreeRTOS/Source/queue.o
                0x08007b84                vQueueDelete
 .text.prvGetDisinheritPriorityAfterTimeout
                0x08007bcc       0x30 ./Middlewares/Third_Party/FreeRTOS/Source/queue.o
 .text.prvCopyDataToQueue
                0x08007bfc       0xd4 ./Middlewares/Third_Party/FreeRTOS/Source/queue.o
 .text.prvCopyDataFromQueue
                0x08007cd0       0x4c ./Middlewares/Third_Party/FreeRTOS/Source/queue.o
 .text.prvUnlockQueue
                0x08007d1c       0xa4 ./Middlewares/Third_Party/FreeRTOS/Source/queue.o
 .text.prvIsQueueEmpty
                0x08007dc0       0x2c ./Middlewares/Third_Party/FreeRTOS/Source/queue.o
 .text.prvIsQueueFull
                0x08007dec       0x30 ./Middlewares/Third_Party/FreeRTOS/Source/queue.o
 .text.vQueueAddToRegistry
                0x08007e1c       0x54 ./Middlewares/Third_Party/FreeRTOS/Source/queue.o
                0x08007e1c                vQueueAddToRegistry
 .text.vQueueUnregisterQueue
                0x08007e70       0x54 ./Middlewares/Third_Party/FreeRTOS/Source/queue.o
                0x08007e70                vQueueUnregisterQueue
 .text.vQueueWaitForMessageRestricted
                0x08007ec4       0x68 ./Middlewares/Third_Party/FreeRTOS/Source/queue.o
                0x08007ec4                vQueueWaitForMessageRestricted
 .text.xTaskCreateStatic
                0x08007f2c       0xc0 ./Middlewares/Third_Party/FreeRTOS/Source/tasks.o
                0x08007f2c                xTaskCreateStatic
 .text.xTaskCreate
                0x08007fec       0x8a ./Middlewares/Third_Party/FreeRTOS/Source/tasks.o
                0x08007fec                xTaskCreate
 .text.prvInitialiseNewTask
                0x08008076      0x120 ./Middlewares/Third_Party/FreeRTOS/Source/tasks.o
 *fill*         0x08008196        0x2 
 .text.prvAddNewTaskToReadyList
                0x08008198       0xe0 ./Middlewares/Third_Party/FreeRTOS/Source/tasks.o
 .text.vTaskDelete
                0x08008278       0xe8 ./Middlewares/Third_Party/FreeRTOS/Source/tasks.o
                0x08008278                vTaskDelete
 .text.vTaskDelayUntil
                0x08008360      0x100 ./Middlewares/Third_Party/FreeRTOS/Source/tasks.o
                0x08008360                vTaskDelayUntil
 .text.vTaskDelay
                0x08008460       0x6c ./Middlewares/Third_Party/FreeRTOS/Source/tasks.o
                0x08008460                vTaskDelay
 .text.eTaskGetState
                0x080084cc       0xd0 ./Middlewares/Third_Party/FreeRTOS/Source/tasks.o
                0x080084cc                eTaskGetState
 .text.vTaskStartScheduler
                0x0800859c       0xd0 ./Middlewares/Third_Party/FreeRTOS/Source/tasks.o
                0x0800859c                vTaskStartScheduler
 .text.vTaskSuspendAll
                0x0800866c       0x1c ./Middlewares/Third_Party/FreeRTOS/Source/tasks.o
                0x0800866c                vTaskSuspendAll
 .text.xTaskResumeAll
                0x08008688      0x13c ./Middlewares/Third_Party/FreeRTOS/Source/tasks.o
                0x08008688                xTaskResumeAll
 .text.xTaskGetTickCount
                0x080087c4       0x20 ./Middlewares/Third_Party/FreeRTOS/Source/tasks.o
                0x080087c4                xTaskGetTickCount
 .text.xTaskIncrementTick
                0x080087e4      0x174 ./Middlewares/Third_Party/FreeRTOS/Source/tasks.o
                0x080087e4                xTaskIncrementTick
 .text.vTaskSwitchContext
                0x08008958       0xbc ./Middlewares/Third_Party/FreeRTOS/Source/tasks.o
                0x08008958                vTaskSwitchContext
 .text.vTaskPlaceOnEventList
                0x08008a14       0x4c ./Middlewares/Third_Party/FreeRTOS/Source/tasks.o
                0x08008a14                vTaskPlaceOnEventList
 .text.vTaskPlaceOnEventListRestricted
                0x08008a60       0x58 ./Middlewares/Third_Party/FreeRTOS/Source/tasks.o
                0x08008a60                vTaskPlaceOnEventListRestricted
 .text.xTaskRemoveFromEventList
                0x08008ab8       0xc8 ./Middlewares/Third_Party/FreeRTOS/Source/tasks.o
                0x08008ab8                xTaskRemoveFromEventList
 .text.vTaskInternalSetTimeOutState
                0x08008b80       0x2c ./Middlewares/Third_Party/FreeRTOS/Source/tasks.o
                0x08008b80                vTaskInternalSetTimeOutState
 .text.xTaskCheckForTimeOut
                0x08008bac       0xc8 ./Middlewares/Third_Party/FreeRTOS/Source/tasks.o
                0x08008bac                xTaskCheckForTimeOut
 .text.vTaskMissedYield
                0x08008c74       0x18 ./Middlewares/Third_Party/FreeRTOS/Source/tasks.o
                0x08008c74                vTaskMissedYield
 .text.prvIdleTask
                0x08008c8c       0x30 ./Middlewares/Third_Party/FreeRTOS/Source/tasks.o
 .text.prvInitialiseTaskLists
                0x08008cbc       0x80 ./Middlewares/Third_Party/FreeRTOS/Source/tasks.o
 .text.prvCheckTasksWaitingTermination
                0x08008d3c       0x5c ./Middlewares/Third_Party/FreeRTOS/Source/tasks.o
 .text.prvDeleteTCB
                0x08008d98       0x60 ./Middlewares/Third_Party/FreeRTOS/Source/tasks.o
 .text.prvResetNextTaskUnblockTime
                0x08008df8       0x40 ./Middlewares/Third_Party/FreeRTOS/Source/tasks.o
 .text.xTaskGetSchedulerState
                0x08008e38       0x3c ./Middlewares/Third_Party/FreeRTOS/Source/tasks.o
                0x08008e38                xTaskGetSchedulerState
 .text.xTaskPriorityInherit
                0x08008e74       0xd0 ./Middlewares/Third_Party/FreeRTOS/Source/tasks.o
                0x08008e74                xTaskPriorityInherit
 .text.xTaskPriorityDisinherit
                0x08008f44       0xe0 ./Middlewares/Third_Party/FreeRTOS/Source/tasks.o
                0x08008f44                xTaskPriorityDisinherit
 .text.vTaskPriorityDisinheritAfterTimeout
                0x08009024      0x108 ./Middlewares/Third_Party/FreeRTOS/Source/tasks.o
                0x08009024                vTaskPriorityDisinheritAfterTimeout
 .text.pvTaskIncrementMutexHeldCount
                0x0800912c       0x28 ./Middlewares/Third_Party/FreeRTOS/Source/tasks.o
                0x0800912c                pvTaskIncrementMutexHeldCount
 .text.prvAddCurrentTaskToDelayedList
                0x08009154       0xa8 ./Middlewares/Third_Party/FreeRTOS/Source/tasks.o
 .text.xTimerCreateTimerTask
                0x080091fc       0x94 ./Middlewares/Third_Party/FreeRTOS/Source/timers.o
                0x080091fc                xTimerCreateTimerTask
 .text.xTimerGenericCommand
                0x08009290       0x9c ./Middlewares/Third_Party/FreeRTOS/Source/timers.o
                0x08009290                xTimerGenericCommand
 .text.prvProcessExpiredTimer
                0x0800932c       0x9c ./Middlewares/Third_Party/FreeRTOS/Source/timers.o
 .text.prvTimerTask
                0x080093c8       0x26 ./Middlewares/Third_Party/FreeRTOS/Source/timers.o
 *fill*         0x080093ee        0x2 
 .text.prvProcessTimerOrBlockTask
                0x080093f0       0x9c ./Middlewares/Third_Party/FreeRTOS/Source/timers.o
 .text.prvGetNextExpireTime
                0x0800948c       0x48 ./Middlewares/Third_Party/FreeRTOS/Source/timers.o
 .text.prvSampleTimeNow
                0x080094d4       0x40 ./Middlewares/Third_Party/FreeRTOS/Source/timers.o
 .text.prvInsertTimerInActiveList
                0x08009514       0x84 ./Middlewares/Third_Party/FreeRTOS/Source/timers.o
 .text.prvProcessReceivedCommands
                0x08009598      0x1cc ./Middlewares/Third_Party/FreeRTOS/Source/timers.o
 .text.prvSwitchTimerLists
                0x08009764       0xcc ./Middlewares/Third_Party/FreeRTOS/Source/timers.o
 .text.prvCheckForValidListAndQueue
                0x08009830       0x80 ./Middlewares/Third_Party/FreeRTOS/Source/timers.o
 .text.pxPortInitialiseStack
                0x080098b0       0x68 ./Middlewares/Third_Party/FreeRTOS/Source/portable/GCC/ARM_CM4F/port.o
                0x080098b0                pxPortInitialiseStack
 .text.prvTaskExitError
                0x08009918       0x5c ./Middlewares/Third_Party/FreeRTOS/Source/portable/GCC/ARM_CM4F/port.o
 *fill*         0x08009974        0xc 
 .text.SVC_Handler
                0x08009980       0x28 ./Middlewares/Third_Party/FreeRTOS/Source/portable/GCC/ARM_CM4F/port.o
                0x08009980                SVC_Handler
 .text.prvPortStartFirstTask
                0x080099a8       0x28 ./Middlewares/Third_Party/FreeRTOS/Source/portable/GCC/ARM_CM4F/port.o
 .text.xPortStartScheduler
                0x080099d0      0x148 ./Middlewares/Third_Party/FreeRTOS/Source/portable/GCC/ARM_CM4F/port.o
                0x080099d0                xPortStartScheduler
 .text.vPortEnterCritical
                0x08009b18       0x64 ./Middlewares/Third_Party/FreeRTOS/Source/portable/GCC/ARM_CM4F/port.o
                0x08009b18                vPortEnterCritical
 .text.vPortExitCritical
                0x08009b7c       0x54 ./Middlewares/Third_Party/FreeRTOS/Source/portable/GCC/ARM_CM4F/port.o
                0x08009b7c                vPortExitCritical
 .text.PendSV_Handler
                0x08009bd0       0x68 ./Middlewares/Third_Party/FreeRTOS/Source/portable/GCC/ARM_CM4F/port.o
                0x08009bd0                PendSV_Handler
 .text.xPortSysTickHandler
                0x08009c38       0x44 ./Middlewares/Third_Party/FreeRTOS/Source/portable/GCC/ARM_CM4F/port.o
                0x08009c38                xPortSysTickHandler
 .text.vPortSetupTimerInterrupt
                0x08009c7c       0x48 ./Middlewares/Third_Party/FreeRTOS/Source/portable/GCC/ARM_CM4F/port.o
                0x08009c7c                vPortSetupTimerInterrupt
 .text.vPortEnableVFP
                0x08009cc4       0x14 ./Middlewares/Third_Party/FreeRTOS/Source/portable/GCC/ARM_CM4F/port.o
 .text.vPortValidateInterruptPriority
                0x08009cd8       0x84 ./Middlewares/Third_Party/FreeRTOS/Source/portable/GCC/ARM_CM4F/port.o
                0x08009cd8                vPortValidateInterruptPriority
 .text.pvPortMalloc
                0x08009d5c      0x19c ./Middlewares/Third_Party/FreeRTOS/Source/portable/MemMang/heap_4.o
                0x08009d5c                pvPortMalloc
 .text.vPortFree
                0x08009ef8       0xc8 ./Middlewares/Third_Party/FreeRTOS/Source/portable/MemMang/heap_4.o
                0x08009ef8                vPortFree
 .text.prvHeapInit
                0x08009fc0       0xc4 ./Middlewares/Third_Party/FreeRTOS/Source/portable/MemMang/heap_4.o
 .text.prvInsertBlockIntoFreeList
                0x0800a084       0xb4 ./Middlewares/Third_Party/FreeRTOS/Source/portable/MemMang/heap_4.o
 .text._ZN13CommunicationC2Ev
                0x0800a138       0x30 ./User/Src/Communication.o
                0x0800a138                Communication::Communication()
                0x0800a138                Communication::Communication()
 .text._ZN13CommunicationD2Ev
                0x0800a168       0x28 ./User/Src/Communication.o
                0x0800a168                Communication::~Communication()
                0x0800a168                Communication::~Communication()
 .text._ZN13CommunicationD0Ev
                0x0800a190       0x20 ./User/Src/Communication.o
                0x0800a190                Communication::~Communication()
 .text._ZN13Communication14ProcessCommandEPh
                0x0800a1b0       0x50 ./User/Src/Communication.o
                0x0800a1b0                Communication::ProcessCommand(unsigned char*)
 .text._ZN13Communication6SystemEPh
                0x0800a200      0x1ac ./User/Src/Communication.o
                0x0800a200                Communication::System(unsigned char*)
 .text._ZN13Communication7CommandEPh
                0x0800a3ac      0x82c ./User/Src/Communication.o
                0x0800a3ac                Communication::Command(unsigned char*)
 .text._ZN13Communication13ConfigurationEPh
                0x0800abd8      0x338 ./User/Src/Communication.o
                0x0800abd8                Communication::Configuration(unsigned char*)
 .text._ZN13Communication14ToggleFirstEmgEb
                0x0800af10       0x5c ./User/Src/Communication.o
                0x0800af10                Communication::ToggleFirstEmg(bool)
 .text._ZN13Communication15ToggleSecondEmgEb
                0x0800af6c       0x5c ./User/Src/Communication.o
                0x0800af6c                Communication::ToggleSecondEmg(bool)
 .text._ZN13Communication14ToggleLoadCellEb
                0x0800afc8       0xb4 ./User/Src/Communication.o
                0x0800afc8                Communication::ToggleLoadCell(bool)
 .text._ZN13Communication16ToggleReadVolumeEb
                0x0800b07c       0x74 ./User/Src/Communication.o
                0x0800b07c                Communication::ToggleReadVolume(bool)
 .text._ZN13Communication14ToggleReadFlowEb
                0x0800b0f0       0x74 ./User/Src/Communication.o
                0x0800b0f0                Communication::ToggleReadFlow(bool)
 .text._ZN13Communication18ToggleReadFirstEmgEb
                0x0800b164       0x6c ./User/Src/Communication.o
                0x0800b164                Communication::ToggleReadFirstEmg(bool)
 .text._ZN13Communication19ToggleReadSecondEmgEb
                0x0800b1d0       0x6c ./User/Src/Communication.o
                0x0800b1d0                Communication::ToggleReadSecondEmg(bool)
 .text._ZN13Communication10TogglePumpEb
                0x0800b23c       0x74 ./User/Src/Communication.o
                0x0800b23c                Communication::TogglePump(bool)
 .text._ZN13Communication11ToggleValveEb
                0x0800b2b0       0x74 ./User/Src/Communication.o
                0x0800b2b0                Communication::ToggleValve(bool)
 .text._ZN13Communication16ToggleDataStreamEb
                0x0800b324       0x7c ./User/Src/Communication.o
                0x0800b324                Communication::ToggleDataStream(bool)
 .text._ZN13Communication9StartTestEbbbth
                0x0800b3a0       0x74 ./User/Src/Communication.o
                0x0800b3a0                Communication::StartTest(bool, bool, bool, unsigned short, unsigned char)
 .text._ZN13Communication8StopTestEt
                0x0800b414       0x6c ./User/Src/Communication.o
                0x0800b414                Communication::StopTest(unsigned short)
 .text._ZN13Communication10resumeTestEv
                0x0800b480       0x3a ./User/Src/Communication.o
                0x0800b480                Communication::resumeTest()
 *fill*         0x0800b4ba        0x2 
 .text._ZN13Communication9pauseTestEv
                0x0800b4bc       0x44 ./User/Src/Communication.o
                0x0800b4bc                Communication::pauseTest()
 .text._ZN13Communication10cancelTestEv
                0x0800b500       0x6c ./User/Src/Communication.o
                0x0800b500                Communication::cancelTest()
 .text._ZN13Communication10ManualPrepEt
                0x0800b56c       0x38 ./User/Src/Communication.o
                0x0800b56c                Communication::ManualPrep(unsigned short)
 .text._ZN13Communication12StartManTestEbbbth
                0x0800b5a4       0x78 ./User/Src/Communication.o
                0x0800b5a4                Communication::StartManTest(bool, bool, bool, unsigned short, unsigned char)
 .text._ZN13Communication10StartCleanEt
                0x0800b61c       0x6c ./User/Src/Communication.o
                0x0800b61c                Communication::StartClean(unsigned short)
 .text._ZN13Communication14ToggleSafeModeEb
                0x0800b688       0xb0 ./User/Src/Communication.o
                0x0800b688                Communication::ToggleSafeMode(bool)
 .text._ZN13Communication15LoadcellAverageEv
                0x0800b738       0x54 ./User/Src/Communication.o
                0x0800b738                Communication::LoadcellAverage()
 .text._ZN13Communication25LoadcellVolumeCalibrationEt
                0x0800b78c       0x70 ./User/Src/Communication.o
                0x0800b78c                Communication::LoadcellVolumeCalibration(unsigned short)
 .text._ZN13Communication23LoadcellFlowCalibrationEt
                0x0800b7fc       0x74 ./User/Src/Communication.o
                0x0800b7fc                Communication::LoadcellFlowCalibration(unsigned short)
 .text._ZN12FlashManageraSERKS_
                0x0800b870       0x98 ./User/Src/Communication.o
                0x0800b870                FlashManager::operator=(FlashManager const&)
 .text._ZN13Communication15SetFlashManagerE12FlashManager
                0x0800b908       0x1e ./User/Src/Communication.o
                0x0800b908                Communication::SetFlashManager(FlashManager)
 *fill*         0x0800b926        0x2 
 .text._ZN3EmgC2Ev
                0x0800b928       0x48 ./User/Src/Emg.o
                0x0800b928                Emg::Emg()
                0x0800b928                Emg::Emg()
 .text._ZN3EmgD2Ev
                0x0800b970       0x20 ./User/Src/Emg.o
                0x0800b970                Emg::~Emg()
                0x0800b970                Emg::~Emg()
 .text._ZN3EmgD0Ev
                0x0800b990       0x22 ./User/Src/Emg.o
                0x0800b990                Emg::~Emg()
 *fill*         0x0800b9b2        0x2 
 .text._ZN3Emg12FirstEmgReadEb
                0x0800b9b4       0xf0 ./User/Src/Emg.o
                0x0800b9b4                Emg::FirstEmgRead(bool)
 .text._ZN3Emg13SecondEmgReadEb
                0x0800baa4       0xf4 ./User/Src/Emg.o
                0x0800baa4                Emg::SecondEmgRead(bool)
 .text._ZN3Emg13FirstEmgSetupEv
                0x0800bb98       0x42 ./User/Src/Emg.o
                0x0800bb98                Emg::FirstEmgSetup()
 .text._ZN3Emg14SecondEmgSetupEv
                0x0800bbda       0x42 ./User/Src/Emg.o
                0x0800bbda                Emg::SecondEmgSetup()
 .text._ZN3Emg18FirstEmgWriteToSPIEtt
                0x0800bc1c       0x5c ./User/Src/Emg.o
                0x0800bc1c                Emg::FirstEmgWriteToSPI(unsigned short, unsigned short)
 .text._ZN3Emg19SecondEmgWriteToSPIEtt
                0x0800bc78       0x60 ./User/Src/Emg.o
                0x0800bc78                Emg::SecondEmgWriteToSPI(unsigned short, unsigned short)
 .text._ZN3Emg19FirstEmgReadFromSPIEh
                0x0800bcd8       0x64 ./User/Src/Emg.o
                0x0800bcd8                Emg::FirstEmgReadFromSPI(unsigned char)
 .text._ZN3Emg20SecondEmgReadFromSPIEh
                0x0800bd3c       0x68 ./User/Src/Emg.o
                0x0800bd3c                Emg::SecondEmgReadFromSPI(unsigned char)
 *fill*         0x0800bda4        0x4 
 .text._ZN3Emg27FirstEmgMovingAverageFilterEm
                0x0800bda8      0x160 ./User/Src/Emg.o
                0x0800bda8                Emg::FirstEmgMovingAverageFilter(unsigned long)
 .text._ZN3Emg28SecondEmgMovingAverageFilterEm
                0x0800bf08      0x134 ./User/Src/Emg.o
                0x0800bf08                Emg::SecondEmgMovingAverageFilter(unsigned long)
 .text._ZN6FilterC2Ev
                0x0800c03c       0x20 ./User/Src/Filter.o
                0x0800c03c                Filter::Filter()
                0x0800c03c                Filter::Filter()
 .text._ZN6FilterD2Ev
                0x0800c05c       0x20 ./User/Src/Filter.o
                0x0800c05c                Filter::~Filter()
                0x0800c05c                Filter::~Filter()
 .text._ZN6FilterD0Ev
                0x0800c07c       0x20 ./User/Src/Filter.o
                0x0800c07c                Filter::~Filter()
 .text._ZN6Filter14MoovingAverageEPfS0_mmf
                0x0800c09c       0xb0 ./User/Src/Filter.o
                0x0800c09c                Filter::MoovingAverage(float*, float*, unsigned long, unsigned long, float)
 .text._ZN12FlashManager8ReadDataEPhhib
                0x0800c14c       0x7e ./User/Src/FlashManager.o
                0x0800c14c                FlashManager::ReadData(unsigned char*, unsigned char, int, bool)
 *fill*         0x0800c1ca        0x2 
 .text._ZN12FlashManagerC2Ev
                0x0800c1cc       0xa0 ./User/Src/FlashManager.o
                0x0800c1cc                FlashManager::FlashManager()
                0x0800c1cc                FlashManager::FlashManager()
 .text._ZN12FlashManagerD2Ev
                0x0800c26c       0x20 ./User/Src/FlashManager.o
                0x0800c26c                FlashManager::~FlashManager()
                0x0800c26c                FlashManager::~FlashManager()
 .text._ZN12FlashManagerD0Ev
                0x0800c28c       0x20 ./User/Src/FlashManager.o
                0x0800c28c                FlashManager::~FlashManager()
 .text._ZN12FlashManager10BackupDataEv
                0x0800c2ac       0x38 ./User/Src/FlashManager.o
                0x0800c2ac                FlashManager::BackupData()
 .text._ZN12FlashManager9HardResetEb
                0x0800c2e4       0x98 ./User/Src/FlashManager.o
                0x0800c2e4                FlashManager::HardReset(bool)
 .text._ZN12FlashManager6UpdateEv
                0x0800c37c       0x8c ./User/Src/FlashManager.o
                0x0800c37c                FlashManager::Update()
 .text._ZN12FlashManager9WriteDataEhiPh
                0x0800c408       0x68 ./User/Src/FlashManager.o
                0x0800c408                FlashManager::WriteData(unsigned char, int, unsigned char*)
 .text._ZN12FlashManager5SetupEv
                0x0800c470       0x90 ./User/Src/FlashManager.o
                0x0800c470                FlashManager::Setup()
 .text._ZN12FlashManager7IsSetupEv
                0x0800c500       0xb4 ./User/Src/FlashManager.o
                0x0800c500                FlashManager::IsSetup()
 .text._ZN12FlashManager18WriteSendPerSecondEh
                0x0800c5b4       0x94 ./User/Src/FlashManager.o
                0x0800c5b4                FlashManager::WriteSendPerSecond(unsigned char)
 .text._ZN12FlashManager17ReadSendPerSecondEv
                0x0800c648       0xa4 ./User/Src/FlashManager.o
                0x0800c648                FlashManager::ReadSendPerSecond()
 .text._ZN12FlashManager22WriteFirstEmgPerSecondEh
                0x0800c6ec       0x94 ./User/Src/FlashManager.o
                0x0800c6ec                FlashManager::WriteFirstEmgPerSecond(unsigned char)
 .text._ZN12FlashManager21ReadFirstEmgPerSecondEv
                0x0800c780       0xa4 ./User/Src/FlashManager.o
                0x0800c780                FlashManager::ReadFirstEmgPerSecond()
 .text._ZN12FlashManager23WriteSecondEmgPerSecondEh
                0x0800c824       0x94 ./User/Src/FlashManager.o
                0x0800c824                FlashManager::WriteSecondEmgPerSecond(unsigned char)
 .text._ZN12FlashManager22ReadSecondEmgPerSecondEv
                0x0800c8b8       0xa4 ./User/Src/FlashManager.o
                0x0800c8b8                FlashManager::ReadSecondEmgPerSecond()
 .text._ZN12FlashManager20WriteVolumePerSecondEh
                0x0800c95c       0x94 ./User/Src/FlashManager.o
                0x0800c95c                FlashManager::WriteVolumePerSecond(unsigned char)
 .text._ZN12FlashManager19ReadVolumePerSecondEv
                0x0800c9f0       0xa4 ./User/Src/FlashManager.o
                0x0800c9f0                FlashManager::ReadVolumePerSecond()
 .text._ZN12FlashManager18WriteFlowPerSecondEh
                0x0800ca94       0x94 ./User/Src/FlashManager.o
                0x0800ca94                FlashManager::WriteFlowPerSecond(unsigned char)
 .text._ZN12FlashManager17ReadFlowPerSecondEv
                0x0800cb28       0xa4 ./User/Src/FlashManager.o
                0x0800cb28                FlashManager::ReadFlowPerSecond()
 .text._ZN12FlashManager19WritePumpMaxRunTimeEh
                0x0800cbcc       0x94 ./User/Src/FlashManager.o
                0x0800cbcc                FlashManager::WritePumpMaxRunTime(unsigned char)
 .text._ZN12FlashManager18ReadPumpMaxRunTimeEv
                0x0800cc60       0xa4 ./User/Src/FlashManager.o
                0x0800cc60                FlashManager::ReadPumpMaxRunTime()
 .text._ZN12FlashManager20WriteValveMaxRunTimeEh
                0x0800cd04       0x94 ./User/Src/FlashManager.o
                0x0800cd04                FlashManager::WriteValveMaxRunTime(unsigned char)
 .text._ZN12FlashManager19ReadValveMaxRunTimeEv
                0x0800cd98       0xa4 ./User/Src/FlashManager.o
                0x0800cd98                FlashManager::ReadValveMaxRunTime()
 .text._ZN12FlashManager13WriteFlowRateEd
                0x0800ce3c       0x84 ./User/Src/FlashManager.o
                0x0800ce3c                FlashManager::WriteFlowRate(double)
 .text._ZN12FlashManager12ReadFlowRateEv
                0x0800cec0       0xb0 ./User/Src/FlashManager.o
                0x0800cec0                FlashManager::ReadFlowRate()
 .text._ZN12FlashManager15WriteVolumeRateEd
                0x0800cf70       0x84 ./User/Src/FlashManager.o
                0x0800cf70                FlashManager::WriteVolumeRate(double)
 .text._ZN12FlashManager14ReadVolumeRateEv
                0x0800cff4       0xb0 ./User/Src/FlashManager.o
                0x0800cff4                FlashManager::ReadVolumeRate()
 .text._ZN12FlashManager18WriteVolumeAverageEm
                0x0800d0a4       0x82 ./User/Src/FlashManager.o
                0x0800d0a4                FlashManager::WriteVolumeAverage(unsigned long)
 .text._ZN12FlashManager17ReadVolumeAverageEv
                0x0800d126       0xa4 ./User/Src/FlashManager.o
                0x0800d126                FlashManager::ReadVolumeAverage()
 .text._ZN12FlashManager16WriteFlowAverageEm
                0x0800d1ca       0x82 ./User/Src/FlashManager.o
                0x0800d1ca                FlashManager::WriteFlowAverage(unsigned long)
 .text._ZN12FlashManager15ReadFlowAverageEv
                0x0800d24c       0xa4 ./User/Src/FlashManager.o
                0x0800d24c                FlashManager::ReadFlowAverage()
 .text._ZN12FlashManager17WriteFirstEmgDataEttt
                0x0800d2f0      0x17c ./User/Src/FlashManager.o
                0x0800d2f0                FlashManager::WriteFirstEmgData(unsigned short, unsigned short, unsigned short)
 .text._ZN12FlashManager19ReadFirstEmgMaxTrimEv
                0x0800d46c       0xa6 ./User/Src/FlashManager.o
                0x0800d46c                FlashManager::ReadFirstEmgMaxTrim()
 .text._ZN12FlashManager28ReadFirstEmgZeroPointMaxTrimEv
                0x0800d512       0xaa ./User/Src/FlashManager.o
                0x0800d512                FlashManager::ReadFirstEmgZeroPointMaxTrim()
 .text._ZN12FlashManager28ReadFirstEmgZeroPointMinTrimEv
                0x0800d5bc       0xaa ./User/Src/FlashManager.o
                0x0800d5bc                FlashManager::ReadFirstEmgZeroPointMinTrim()
 .text._ZN12FlashManager18WriteSecondEmgDataEttt
                0x0800d666      0x17c ./User/Src/FlashManager.o
                0x0800d666                FlashManager::WriteSecondEmgData(unsigned short, unsigned short, unsigned short)
 .text._ZN12FlashManager20ReadSecondEmgMaxTrimEv
                0x0800d7e2       0xa6 ./User/Src/FlashManager.o
                0x0800d7e2                FlashManager::ReadSecondEmgMaxTrim()
 .text._ZN12FlashManager29ReadSecondEmgZeroPointMaxTrimEv
                0x0800d888       0xaa ./User/Src/FlashManager.o
                0x0800d888                FlashManager::ReadSecondEmgZeroPointMaxTrim()
 .text._ZN12FlashManager29ReadSecondEmgZeroPointMinTrimEv
                0x0800d932       0xaa ./User/Src/FlashManager.o
                0x0800d932                FlashManager::ReadSecondEmgZeroPointMinTrim()
 .text._ZSt4ceilf
                0x0800d9dc       0x20 ./User/Src/LoadCell.o
                0x0800d9dc                std::ceil(float)
 .text._ZSt5floorf
                0x0800d9fc       0x20 ./User/Src/LoadCell.o
                0x0800d9fc                std::floor(float)
 .text._ZN18VolumeFilterStructC2Ev
                0x0800da1c       0x1e ./User/Src/LoadCell.o
                0x0800da1c                VolumeFilterStruct::VolumeFilterStruct()
                0x0800da1c                VolumeFilterStruct::VolumeFilterStruct()
 .text._ZN16FlowFilterStructC2Ev
                0x0800da3a       0x1e ./User/Src/LoadCell.o
                0x0800da3a                FlowFilterStruct::FlowFilterStruct()
                0x0800da3a                FlowFilterStruct::FlowFilterStruct()
 .text._ZN8LoadCellC2Ev
                0x0800da58       0x20 ./User/Src/LoadCell.o
                0x0800da58                LoadCell::LoadCell()
                0x0800da58                LoadCell::LoadCell()
 .text._ZN8LoadCellD2Ev
                0x0800da78       0x20 ./User/Src/LoadCell.o
                0x0800da78                LoadCell::~LoadCell()
                0x0800da78                LoadCell::~LoadCell()
 .text._ZN8LoadCellD0Ev
                0x0800da98       0x22 ./User/Src/LoadCell.o
                0x0800da98                LoadCell::~LoadCell()
 .text._ZN8LoadCell5SetupEv
                0x0800daba       0x42 ./User/Src/LoadCell.o
                0x0800daba                LoadCell::Setup()
 .text._ZN8LoadCell17ReadVolumeAndFlowEv
                0x0800dafc      0x214 ./User/Src/LoadCell.o
                0x0800dafc                LoadCell::ReadVolumeAndFlow()
 .text._ZN8LoadCell10ReadVolumeEb
                0x0800dd10      0x1dc ./User/Src/LoadCell.o
                0x0800dd10                LoadCell::ReadVolume(bool)
 .text._ZN8LoadCell23CalculateRealVolumeDataEf
                0x0800deec      0x19c ./User/Src/LoadCell.o
                0x0800deec                LoadCell::CalculateRealVolumeData(float)
 .text._ZN8LoadCell8ReadFlowEb
                0x0800e088      0x214 ./User/Src/LoadCell.o
                0x0800e088                LoadCell::ReadFlow(bool)
 .text._ZN8LoadCell21CalculateRealFlowDataEf
                0x0800e29c      0x16c ./User/Src/LoadCell.o
                0x0800e29c                LoadCell::CalculateRealFlowData(float)
 .text._ZN8LoadCell11ReadFromSPIEhi
                0x0800e408       0x9c ./User/Src/LoadCell.o
                0x0800e408                LoadCell::ReadFromSPI(unsigned char, int)
 .text._ZN8LoadCell11ClearParamsEv
                0x0800e4a4       0xe0 ./User/Src/LoadCell.o
                0x0800e4a4                LoadCell::ClearParams()
 .text._ZN8LoadCell10WriteToSPIEtt
                0x0800e584       0x54 ./User/Src/LoadCell.o
                0x0800e584                LoadCell::WriteToSPI(unsigned short, unsigned short)
 .text._ZN8LoadCell26ExponantialSmoothingFilterEfff
                0x0800e5d8       0x50 ./User/Src/LoadCell.o
                0x0800e5d8                LoadCell::ExponantialSmoothingFilter(float, float, float)
 .text._ZN8LoadCell12ClearSamplesEv
                0x0800e628       0x70 ./User/Src/LoadCell.o
                0x0800e628                LoadCell::ClearSamples()
 .text._Z41__static_initialization_and_destruction_0v
                0x0800e698       0x28 ./User/Src/LoadCell.o
 .text._Z41__static_initialization_and_destruction_1v
                0x0800e6c0       0x14 ./User/Src/LoadCell.o
 .text._GLOBAL__sub_I_VolumeSamples
                0x0800e6d4        0xa ./User/Src/LoadCell.o
 .text._GLOBAL__sub_D_VolumeSamples
                0x0800e6de        0xa ./User/Src/LoadCell.o
 .text._ZN18SystemConfigStructC2Ev
                0x0800e6e8      0x10c ./User/Src/SystemAdapter.o
                0x0800e6e8                SystemConfigStruct::SystemConfigStruct()
                0x0800e6e8                SystemConfigStruct::SystemConfigStruct()
 .text._ZN12FlashManagerC2ERKS_
                0x0800e7f4       0xa4 ./User/Src/SystemAdapter.o
                0x0800e7f4                FlashManager::FlashManager(FlashManager const&)
                0x0800e7f4                FlashManager::FlashManager(FlashManager const&)
 .text.SetupOS  0x0800e898       0x54 ./User/Src/SystemAdapter.o
                0x0800e898                SetupOS
 .text._Z14UpdatePriorityv
                0x0800e8ec      0x1a8 ./User/Src/SystemAdapter.o
                0x0800e8ec                UpdatePriority()
 .text.StartOS  0x0800ea94       0x7c ./User/Src/SystemAdapter.o
                0x0800ea94                StartOS
 .text.HardReset
                0x0800eb10       0x18 ./User/Src/SystemAdapter.o
                0x0800eb10                HardReset
 .text.FlashInitialize
                0x0800eb28      0x1ec ./User/Src/SystemAdapter.o
                0x0800eb28                FlashInitialize
 .text.SendFeedback
                0x0800ed14       0x54 ./User/Src/SystemAdapter.o
                0x0800ed14                SendFeedback
 .text.SuccessDataResult
                0x0800ed68       0xf6 ./User/Src/SystemAdapter.o
                0x0800ed68                SuccessDataResult
 .text.ErrorResult
                0x0800ee5e       0x3c ./User/Src/SystemAdapter.o
                0x0800ee5e                ErrorResult
 *fill*         0x0800ee9a        0x2 
 .text.StartReadUARTTask
                0x0800ee9c       0xb8 ./User/Src/SystemAdapter.o
                0x0800ee9c                StartReadUARTTask
 .text.WriteUart
                0x0800ef54       0x54 ./User/Src/SystemAdapter.o
                0x0800ef54                WriteUart
 .text.StartSendUARTTask
                0x0800efa8      0xa2c ./User/Src/SystemAdapter.o
                0x0800efa8                StartSendUARTTask
 .text.StartFirstEmgTask
                0x0800f9d4       0x7c ./User/Src/SystemAdapter.o
                0x0800f9d4                StartFirstEmgTask
 .text.StartReadFirstEmgTask
                0x0800fa50       0xec ./User/Src/SystemAdapter.o
                0x0800fa50                StartReadFirstEmgTask
 .text.StartSecondEmgTask
                0x0800fb3c       0x7c ./User/Src/SystemAdapter.o
                0x0800fb3c                StartSecondEmgTask
 .text.StartReadSecondEmgTask
                0x0800fbb8       0xec ./User/Src/SystemAdapter.o
                0x0800fbb8                StartReadSecondEmgTask
 .text.StartFlowTask
                0x0800fca4       0x7c ./User/Src/SystemAdapter.o
                0x0800fca4                StartFlowTask
 .text.StartReadFlowTask
                0x0800fd20       0xfc ./User/Src/SystemAdapter.o
                0x0800fd20                StartReadFlowTask
 .text.StartVolumeTask
                0x0800fe1c       0x84 ./User/Src/SystemAdapter.o
                0x0800fe1c                StartVolumeTask
 .text.StartReadVolumeTask
                0x0800fea0       0xfc ./User/Src/SystemAdapter.o
                0x0800fea0                StartReadVolumeTask
 .text.StartAutoClosePumpTask
                0x0800ff9c       0x34 ./User/Src/SystemAdapter.o
                0x0800ff9c                StartAutoClosePumpTask
 .text.StartAutoCloseValveTask
                0x0800ffd0       0x48 ./User/Src/SystemAdapter.o
                0x0800ffd0                StartAutoCloseValveTask
 .text.StartLoadcellAverageTask
                0x08010018      0x19c ./User/Src/SystemAdapter.o
                0x08010018                StartLoadcellAverageTask
 .text.StartCalibrationVolumeTask
                0x080101b4      0x1b0 ./User/Src/SystemAdapter.o
                0x080101b4                StartCalibrationVolumeTask
 .text.StartCalibrationFlowTask
                0x08010364      0x1a8 ./User/Src/SystemAdapter.o
                0x08010364                StartCalibrationFlowTask
 .text.StartCleanTask
                0x0801050c      0x288 ./User/Src/SystemAdapter.o
                0x0801050c                StartCleanTask
 .text.StartSafeModeTask
                0x08010794      0x108 ./User/Src/SystemAdapter.o
                0x08010794                StartSafeModeTask
 .text.FixVolume
                0x0801089c       0x98 ./User/Src/SystemAdapter.o
                0x0801089c                FixVolume
 .text.ClearLoadcellParams
                0x08010934       0x30 ./User/Src/SystemAdapter.o
                0x08010934                ClearLoadcellParams
 .text.HasCalibration
                0x08010964       0x40 ./User/Src/SystemAdapter.o
                0x08010964                HasCalibration
 .text.HasLoadcell
                0x080109a4       0x50 ./User/Src/SystemAdapter.o
                0x080109a4                HasLoadcell
 .text.HasFirstEmg
                0x080109f4       0x40 ./User/Src/SystemAdapter.o
                0x080109f4                HasFirstEmg
 .text.HasSecondEmg
                0x08010a34       0x40 ./User/Src/SystemAdapter.o
                0x08010a34                HasSecondEmg
 .text._Z41__static_initialization_and_destruction_0v
                0x08010a74       0x3c ./User/Src/SystemAdapter.o
 .text._Z41__static_initialization_and_destruction_1v
                0x08010ab0       0x30 ./User/Src/SystemAdapter.o
 .text._GLOBAL__sub_I_sendCounter
                0x08010ae0        0xa ./User/Src/SystemAdapter.o
 .text._GLOBAL__sub_D_sendCounter
                0x08010aea        0xa ./User/Src/SystemAdapter.o
 .text._ZdlPvj  0x08010af4        0x4 C:/ST/STM32CubeIDE_1.15.0/STM32CubeIDE/plugins/com.st.stm32cube.ide.mcu.externaltools.gnu-tools-for-stm32.13.3.rel1.win32_1.0.0.202411081344/tools/bin/../lib/gcc/arm-none-eabi/13.3.1/../../../../arm-none-eabi/lib/thumb/v7e-m+fp/hard\libstdc++_nano.a(del_ops.o)
                0x08010af4                operator delete(void*, unsigned int)
 .text._ZdlPv   0x08010af8        0x4 C:/ST/STM32CubeIDE_1.15.0/STM32CubeIDE/plugins/com.st.stm32cube.ide.mcu.externaltools.gnu-tools-for-stm32.13.3.rel1.win32_1.0.0.202411081344/tools/bin/../lib/gcc/arm-none-eabi/13.3.1/../../../../arm-none-eabi/lib/thumb/v7e-m+fp/hard\libstdc++_nano.a(del_op.o)
                0x08010af8                operator delete(void*)
 .text.ceilf    0x08010afc       0x84 C:/ST/STM32CubeIDE_1.15.0/STM32CubeIDE/plugins/com.st.stm32cube.ide.mcu.externaltools.gnu-tools-for-stm32.13.3.rel1.win32_1.0.0.202411081344/tools/bin/../lib/gcc/arm-none-eabi/13.3.1/../../../../arm-none-eabi/lib/thumb/v7e-m+fp/hard\libm.a(libm_a-sf_ceil.o)
                0x08010afc                ceilf
 .text.floorf   0x08010b80       0x88 C:/ST/STM32CubeIDE_1.15.0/STM32CubeIDE/plugins/com.st.stm32cube.ide.mcu.externaltools.gnu-tools-for-stm32.13.3.rel1.win32_1.0.0.202411081344/tools/bin/../lib/gcc/arm-none-eabi/13.3.1/../../../../arm-none-eabi/lib/thumb/v7e-m+fp/hard\libm.a(libm_a-sf_floor.o)
                0x08010b80                floorf
 .text.malloc   0x08010c08       0x10 C:/ST/STM32CubeIDE_1.15.0/STM32CubeIDE/plugins/com.st.stm32cube.ide.mcu.externaltools.gnu-tools-for-stm32.13.3.rel1.win32_1.0.0.202411081344/tools/bin/../lib/gcc/arm-none-eabi/13.3.1/../../../../arm-none-eabi/lib/thumb/v7e-m+fp/hard\libc_nano.a(libc_a-malloc.o)
                0x08010c08                malloc
 .text.free     0x08010c18       0x10 C:/ST/STM32CubeIDE_1.15.0/STM32CubeIDE/plugins/com.st.stm32cube.ide.mcu.externaltools.gnu-tools-for-stm32.13.3.rel1.win32_1.0.0.202411081344/tools/bin/../lib/gcc/arm-none-eabi/13.3.1/../../../../arm-none-eabi/lib/thumb/v7e-m+fp/hard\libc_nano.a(libc_a-malloc.o)
                0x08010c18                free
 .text.sbrk_aligned
                0x08010c28       0x44 C:/ST/STM32CubeIDE_1.15.0/STM32CubeIDE/plugins/com.st.stm32cube.ide.mcu.externaltools.gnu-tools-for-stm32.13.3.rel1.win32_1.0.0.202411081344/tools/bin/../lib/gcc/arm-none-eabi/13.3.1/../../../../arm-none-eabi/lib/thumb/v7e-m+fp/hard\libc_nano.a(libc_a-mallocr.o)
 .text._malloc_r
                0x08010c6c      0x100 C:/ST/STM32CubeIDE_1.15.0/STM32CubeIDE/plugins/com.st.stm32cube.ide.mcu.externaltools.gnu-tools-for-stm32.13.3.rel1.win32_1.0.0.202411081344/tools/bin/../lib/gcc/arm-none-eabi/13.3.1/../../../../arm-none-eabi/lib/thumb/v7e-m+fp/hard\libc_nano.a(libc_a-mallocr.o)
                0x08010c6c                _malloc_r
 .text.__malloc_lock
                0x08010d6c        0xc C:/ST/STM32CubeIDE_1.15.0/STM32CubeIDE/plugins/com.st.stm32cube.ide.mcu.externaltools.gnu-tools-for-stm32.13.3.rel1.win32_1.0.0.202411081344/tools/bin/../lib/gcc/arm-none-eabi/13.3.1/../../../../arm-none-eabi/lib/thumb/v7e-m+fp/hard\libc_nano.a(libc_a-mlock.o)
                0x08010d6c                __malloc_lock
 .text.__malloc_unlock
                0x08010d78        0xc C:/ST/STM32CubeIDE_1.15.0/STM32CubeIDE/plugins/com.st.stm32cube.ide.mcu.externaltools.gnu-tools-for-stm32.13.3.rel1.win32_1.0.0.202411081344/tools/bin/../lib/gcc/arm-none-eabi/13.3.1/../../../../arm-none-eabi/lib/thumb/v7e-m+fp/hard\libc_nano.a(libc_a-mlock.o)
                0x08010d78                __malloc_unlock
 .text.rand     0x08010d84       0x7c C:/ST/STM32CubeIDE_1.15.0/STM32CubeIDE/plugins/com.st.stm32cube.ide.mcu.externaltools.gnu-tools-for-stm32.13.3.rel1.win32_1.0.0.202411081344/tools/bin/../lib/gcc/arm-none-eabi/13.3.1/../../../../arm-none-eabi/lib/thumb/v7e-m+fp/hard\libc_nano.a(libc_a-rand.o)
                0x08010d84                rand
 .text.std      0x08010e00       0x6c C:/ST/STM32CubeIDE_1.15.0/STM32CubeIDE/plugins/com.st.stm32cube.ide.mcu.externaltools.gnu-tools-for-stm32.13.3.rel1.win32_1.0.0.202411081344/tools/bin/../lib/gcc/arm-none-eabi/13.3.1/../../../../arm-none-eabi/lib/thumb/v7e-m+fp/hard\libc_nano.a(libc_a-findfp.o)
 .text.stdio_exit_handler
                0x08010e6c       0x18 C:/ST/STM32CubeIDE_1.15.0/STM32CubeIDE/plugins/com.st.stm32cube.ide.mcu.externaltools.gnu-tools-for-stm32.13.3.rel1.win32_1.0.0.202411081344/tools/bin/../lib/gcc/arm-none-eabi/13.3.1/../../../../arm-none-eabi/lib/thumb/v7e-m+fp/hard\libc_nano.a(libc_a-findfp.o)
 .text.cleanup_stdio
                0x08010e84       0x40 C:/ST/STM32CubeIDE_1.15.0/STM32CubeIDE/plugins/com.st.stm32cube.ide.mcu.externaltools.gnu-tools-for-stm32.13.3.rel1.win32_1.0.0.202411081344/tools/bin/../lib/gcc/arm-none-eabi/13.3.1/../../../../arm-none-eabi/lib/thumb/v7e-m+fp/hard\libc_nano.a(libc_a-findfp.o)
 .text.global_stdio_init.part.0
                0x08010ec4       0x3c C:/ST/STM32CubeIDE_1.15.0/STM32CubeIDE/plugins/com.st.stm32cube.ide.mcu.externaltools.gnu-tools-for-stm32.13.3.rel1.win32_1.0.0.202411081344/tools/bin/../lib/gcc/arm-none-eabi/13.3.1/../../../../arm-none-eabi/lib/thumb/v7e-m+fp/hard\libc_nano.a(libc_a-findfp.o)
 .text.__sfp_lock_acquire
                0x08010f00        0xc C:/ST/STM32CubeIDE_1.15.0/STM32CubeIDE/plugins/com.st.stm32cube.ide.mcu.externaltools.gnu-tools-for-stm32.13.3.rel1.win32_1.0.0.202411081344/tools/bin/../lib/gcc/arm-none-eabi/13.3.1/../../../../arm-none-eabi/lib/thumb/v7e-m+fp/hard\libc_nano.a(libc_a-findfp.o)
                0x08010f00                __sfp_lock_acquire
 .text.__sfp_lock_release
                0x08010f0c        0xc C:/ST/STM32CubeIDE_1.15.0/STM32CubeIDE/plugins/com.st.stm32cube.ide.mcu.externaltools.gnu-tools-for-stm32.13.3.rel1.win32_1.0.0.202411081344/tools/bin/../lib/gcc/arm-none-eabi/13.3.1/../../../../arm-none-eabi/lib/thumb/v7e-m+fp/hard\libc_nano.a(libc_a-findfp.o)
                0x08010f0c                __sfp_lock_release
 .text.__sinit  0x08010f18       0x30 C:/ST/STM32CubeIDE_1.15.0/STM32CubeIDE/plugins/com.st.stm32cube.ide.mcu.externaltools.gnu-tools-for-stm32.13.3.rel1.win32_1.0.0.202411081344/tools/bin/../lib/gcc/arm-none-eabi/13.3.1/../../../../arm-none-eabi/lib/thumb/v7e-m+fp/hard\libc_nano.a(libc_a-findfp.o)
                0x08010f18                __sinit
 .text._fwalk_sglue
                0x08010f48       0x3c C:/ST/STM32CubeIDE_1.15.0/STM32CubeIDE/plugins/com.st.stm32cube.ide.mcu.externaltools.gnu-tools-for-stm32.13.3.rel1.win32_1.0.0.202411081344/tools/bin/../lib/gcc/arm-none-eabi/13.3.1/../../../../arm-none-eabi/lib/thumb/v7e-m+fp/hard\libc_nano.a(libc_a-fwalk.o)
                0x08010f48                _fwalk_sglue
 .text.__sread  0x08010f84       0x22 C:/ST/STM32CubeIDE_1.15.0/STM32CubeIDE/plugins/com.st.stm32cube.ide.mcu.externaltools.gnu-tools-for-stm32.13.3.rel1.win32_1.0.0.202411081344/tools/bin/../lib/gcc/arm-none-eabi/13.3.1/../../../../arm-none-eabi/lib/thumb/v7e-m+fp/hard\libc_nano.a(libc_a-stdio.o)
                0x08010f84                __sread
 .text.__swrite
                0x08010fa6       0x38 C:/ST/STM32CubeIDE_1.15.0/STM32CubeIDE/plugins/com.st.stm32cube.ide.mcu.externaltools.gnu-tools-for-stm32.13.3.rel1.win32_1.0.0.202411081344/tools/bin/../lib/gcc/arm-none-eabi/13.3.1/../../../../arm-none-eabi/lib/thumb/v7e-m+fp/hard\libc_nano.a(libc_a-stdio.o)
                0x08010fa6                __swrite
 .text.__sseek  0x08010fde       0x24 C:/ST/STM32CubeIDE_1.15.0/STM32CubeIDE/plugins/com.st.stm32cube.ide.mcu.externaltools.gnu-tools-for-stm32.13.3.rel1.win32_1.0.0.202411081344/tools/bin/../lib/gcc/arm-none-eabi/13.3.1/../../../../arm-none-eabi/lib/thumb/v7e-m+fp/hard\libc_nano.a(libc_a-stdio.o)
                0x08010fde                __sseek
 .text.__sclose
                0x08011002        0x8 C:/ST/STM32CubeIDE_1.15.0/STM32CubeIDE/plugins/com.st.stm32cube.ide.mcu.externaltools.gnu-tools-for-stm32.13.3.rel1.win32_1.0.0.202411081344/tools/bin/../lib/gcc/arm-none-eabi/13.3.1/../../../../arm-none-eabi/lib/thumb/v7e-m+fp/hard\libc_nano.a(libc_a-stdio.o)
                0x08011002                __sclose
 .text.memset   0x0801100a       0x10 C:/ST/STM32CubeIDE_1.15.0/STM32CubeIDE/plugins/com.st.stm32cube.ide.mcu.externaltools.gnu-tools-for-stm32.13.3.rel1.win32_1.0.0.202411081344/tools/bin/../lib/gcc/arm-none-eabi/13.3.1/../../../../arm-none-eabi/lib/thumb/v7e-m+fp/hard\libc_nano.a(libc_a-memset.o)
                0x0801100a                memset
 *fill*         0x0801101a        0x2 
 .text._close_r
                0x0801101c       0x20 C:/ST/STM32CubeIDE_1.15.0/STM32CubeIDE/plugins/com.st.stm32cube.ide.mcu.externaltools.gnu-tools-for-stm32.13.3.rel1.win32_1.0.0.202411081344/tools/bin/../lib/gcc/arm-none-eabi/13.3.1/../../../../arm-none-eabi/lib/thumb/v7e-m+fp/hard\libc_nano.a(libc_a-closer.o)
                0x0801101c                _close_r
 .text._lseek_r
                0x0801103c       0x24 C:/ST/STM32CubeIDE_1.15.0/STM32CubeIDE/plugins/com.st.stm32cube.ide.mcu.externaltools.gnu-tools-for-stm32.13.3.rel1.win32_1.0.0.202411081344/tools/bin/../lib/gcc/arm-none-eabi/13.3.1/../../../../arm-none-eabi/lib/thumb/v7e-m+fp/hard\libc_nano.a(libc_a-lseekr.o)
                0x0801103c                _lseek_r
 .text._read_r  0x08011060       0x24 C:/ST/STM32CubeIDE_1.15.0/STM32CubeIDE/plugins/com.st.stm32cube.ide.mcu.externaltools.gnu-tools-for-stm32.13.3.rel1.win32_1.0.0.202411081344/tools/bin/../lib/gcc/arm-none-eabi/13.3.1/../../../../arm-none-eabi/lib/thumb/v7e-m+fp/hard\libc_nano.a(libc_a-readr.o)
                0x08011060                _read_r
 .text._sbrk_r  0x08011084       0x20 C:/ST/STM32CubeIDE_1.15.0/STM32CubeIDE/plugins/com.st.stm32cube.ide.mcu.externaltools.gnu-tools-for-stm32.13.3.rel1.win32_1.0.0.202411081344/tools/bin/../lib/gcc/arm-none-eabi/13.3.1/../../../../arm-none-eabi/lib/thumb/v7e-m+fp/hard\libc_nano.a(libc_a-sbrkr.o)
                0x08011084                _sbrk_r
 .text._write_r
                0x080110a4       0x24 C:/ST/STM32CubeIDE_1.15.0/STM32CubeIDE/plugins/com.st.stm32cube.ide.mcu.externaltools.gnu-tools-for-stm32.13.3.rel1.win32_1.0.0.202411081344/tools/bin/../lib/gcc/arm-none-eabi/13.3.1/../../../../arm-none-eabi/lib/thumb/v7e-m+fp/hard\libc_nano.a(libc_a-writer.o)
                0x080110a4                _write_r
 .text.__errno  0x080110c8        0xc C:/ST/STM32CubeIDE_1.15.0/STM32CubeIDE/plugins/com.st.stm32cube.ide.mcu.externaltools.gnu-tools-for-stm32.13.3.rel1.win32_1.0.0.202411081344/tools/bin/../lib/gcc/arm-none-eabi/13.3.1/../../../../arm-none-eabi/lib/thumb/v7e-m+fp/hard\libc_nano.a(libc_a-errno.o)
                0x080110c8                __errno
 .text.__libc_init_array
                0x080110d4       0x48 C:/ST/STM32CubeIDE_1.15.0/STM32CubeIDE/plugins/com.st.stm32cube.ide.mcu.externaltools.gnu-tools-for-stm32.13.3.rel1.win32_1.0.0.202411081344/tools/bin/../lib/gcc/arm-none-eabi/13.3.1/../../../../arm-none-eabi/lib/thumb/v7e-m+fp/hard\libc_nano.a(libc_a-init.o)
                0x080110d4                __libc_init_array
 .text.__retarget_lock_init_recursive
                0x0801111c        0x2 C:/ST/STM32CubeIDE_1.15.0/STM32CubeIDE/plugins/com.st.stm32cube.ide.mcu.externaltools.gnu-tools-for-stm32.13.3.rel1.win32_1.0.0.202411081344/tools/bin/../lib/gcc/arm-none-eabi/13.3.1/../../../../arm-none-eabi/lib/thumb/v7e-m+fp/hard\libc_nano.a(libc_a-lock.o)
                0x0801111c                __retarget_lock_init_recursive
 .text.__retarget_lock_acquire_recursive
                0x0801111e        0x2 C:/ST/STM32CubeIDE_1.15.0/STM32CubeIDE/plugins/com.st.stm32cube.ide.mcu.externaltools.gnu-tools-for-stm32.13.3.rel1.win32_1.0.0.202411081344/tools/bin/../lib/gcc/arm-none-eabi/13.3.1/../../../../arm-none-eabi/lib/thumb/v7e-m+fp/hard\libc_nano.a(libc_a-lock.o)
                0x0801111e                __retarget_lock_acquire_recursive
 .text.__retarget_lock_release_recursive
                0x08011120        0x2 C:/ST/STM32CubeIDE_1.15.0/STM32CubeIDE/plugins/com.st.stm32cube.ide.mcu.externaltools.gnu-tools-for-stm32.13.3.rel1.win32_1.0.0.202411081344/tools/bin/../lib/gcc/arm-none-eabi/13.3.1/../../../../arm-none-eabi/lib/thumb/v7e-m+fp/hard\libc_nano.a(libc_a-lock.o)
                0x08011120                __retarget_lock_release_recursive
 .text.memcpy   0x08011122       0x1c C:/ST/STM32CubeIDE_1.15.0/STM32CubeIDE/plugins/com.st.stm32cube.ide.mcu.externaltools.gnu-tools-for-stm32.13.3.rel1.win32_1.0.0.202411081344/tools/bin/../lib/gcc/arm-none-eabi/13.3.1/../../../../arm-none-eabi/lib/thumb/v7e-m+fp/hard\libc_nano.a(libc_a-memcpy-stub.o)
                0x08011122                memcpy
 *fill*         0x0801113e        0x2 
 .text.__assert_func
                0x08011140       0x3c C:/ST/STM32CubeIDE_1.15.0/STM32CubeIDE/plugins/com.st.stm32cube.ide.mcu.externaltools.gnu-tools-for-stm32.13.3.rel1.win32_1.0.0.202411081344/tools/bin/../lib/gcc/arm-none-eabi/13.3.1/../../../../arm-none-eabi/lib/thumb/v7e-m+fp/hard\libc_nano.a(libc_a-assert.o)
                0x08011140                __assert_func
 .text._free_r  0x0801117c       0x94 C:/ST/STM32CubeIDE_1.15.0/STM32CubeIDE/plugins/com.st.stm32cube.ide.mcu.externaltools.gnu-tools-for-stm32.13.3.rel1.win32_1.0.0.202411081344/tools/bin/../lib/gcc/arm-none-eabi/13.3.1/../../../../arm-none-eabi/lib/thumb/v7e-m+fp/hard\libc_nano.a(libc_a-freer.o)
                0x0801117c                _free_r
 .text.__sflush_r
                0x08011210      0x108 C:/ST/STM32CubeIDE_1.15.0/STM32CubeIDE/plugins/com.st.stm32cube.ide.mcu.externaltools.gnu-tools-for-stm32.13.3.rel1.win32_1.0.0.202411081344/tools/bin/../lib/gcc/arm-none-eabi/13.3.1/../../../../arm-none-eabi/lib/thumb/v7e-m+fp/hard\libc_nano.a(libc_a-fflush.o)
                0x08011210                __sflush_r
 .text._fflush_r