Archive member included to satisfy reference by file (symbol)

C:/ST/STM32CubeIDE_1.15.0/STM32CubeIDE/plugins/com.st.stm32cube.ide.mcu.externaltools.gnu-tools-for-stm32.12.3.rel1.win32_1.0.200.202406191623/tools/bin/../lib/gcc/arm-none-eabi/12.3.1/../../../../arm-none-eabi/lib/thumb/v7e-m+fp/hard\libstdc++_nano.a(del_ops.o)
                              ./User/Src/Communication.o (operator delete(void*, unsigned int))
C:/ST/STM32CubeIDE_1.15.0/STM32CubeIDE/plugins/com.st.stm32cube.ide.mcu.externaltools.gnu-tools-for-stm32.12.3.rel1.win32_1.0.200.202406191623/tools/bin/../lib/gcc/arm-none-eabi/12.3.1/../../../../arm-none-eabi/lib/thumb/v7e-m+fp/hard\libstdc++_nano.a(del_op.o)
                              C:/ST/STM32CubeIDE_1.15.0/STM32CubeIDE/plugins/com.st.stm32cube.ide.mcu.externaltools.gnu-tools-for-stm32.12.3.rel1.win32_1.0.200.202406191623/tools/bin/../lib/gcc/arm-none-eabi/12.3.1/../../../../arm-none-eabi/lib/thumb/v7e-m+fp/hard\libstdc++_nano.a(del_ops.o) (operator delete(void*))
C:/ST/STM32CubeIDE_1.15.0/STM32CubeIDE/plugins/com.st.stm32cube.ide.mcu.externaltools.gnu-tools-for-stm32.12.3.rel1.win32_1.0.200.202406191623/tools/bin/../lib/gcc/arm-none-eabi/12.3.1/../../../../arm-none-eabi/lib/thumb/v7e-m+fp/hard\libm.a(libm_a-sf_ceil.o)
                              ./User/Src/LoadCell.o (ceilf)
C:/ST/STM32CubeIDE_1.15.0/STM32CubeIDE/plugins/com.st.stm32cube.ide.mcu.externaltools.gnu-tools-for-stm32.12.3.rel1.win32_1.0.200.202406191623/tools/bin/../lib/gcc/arm-none-eabi/12.3.1/../../../../arm-none-eabi/lib/thumb/v7e-m+fp/hard\libm.a(libm_a-sf_floor.o)
                              ./User/Src/LoadCell.o (floorf)
C:/ST/STM32CubeIDE_1.15.0/STM32CubeIDE/plugins/com.st.stm32cube.ide.mcu.externaltools.gnu-tools-for-stm32.12.3.rel1.win32_1.0.200.202406191623/tools/bin/../lib/gcc/arm-none-eabi/12.3.1/../../../../arm-none-eabi/lib/thumb/v7e-m+fp/hard\libc_nano.a(libc_a-exit.o)
                              C:/ST/STM32CubeIDE_1.15.0/STM32CubeIDE/plugins/com.st.stm32cube.ide.mcu.externaltools.gnu-tools-for-stm32.12.3.rel1.win32_1.0.200.202406191623/tools/bin/../lib/gcc/arm-none-eabi/12.3.1/../../../../arm-none-eabi/lib/thumb/v7e-m+fp/hard/crt0.o (exit)
C:/ST/STM32CubeIDE_1.15.0/STM32CubeIDE/plugins/com.st.stm32cube.ide.mcu.externaltools.gnu-tools-for-stm32.12.3.rel1.win32_1.0.200.202406191623/tools/bin/../lib/gcc/arm-none-eabi/12.3.1/../../../../arm-none-eabi/lib/thumb/v7e-m+fp/hard\libc_nano.a(libc_a-malloc.o)
                              C:/ST/STM32CubeIDE_1.15.0/STM32CubeIDE/plugins/com.st.stm32cube.ide.mcu.externaltools.gnu-tools-for-stm32.12.3.rel1.win32_1.0.200.202406191623/tools/bin/../lib/gcc/arm-none-eabi/12.3.1/../../../../arm-none-eabi/lib/thumb/v7e-m+fp/hard\libstdc++_nano.a(del_op.o) (free)
C:/ST/STM32CubeIDE_1.15.0/STM32CubeIDE/plugins/com.st.stm32cube.ide.mcu.externaltools.gnu-tools-for-stm32.12.3.rel1.win32_1.0.200.202406191623/tools/bin/../lib/gcc/arm-none-eabi/12.3.1/../../../../arm-none-eabi/lib/thumb/v7e-m+fp/hard\libc_nano.a(libc_a-mallocr.o)
                              C:/ST/STM32CubeIDE_1.15.0/STM32CubeIDE/plugins/com.st.stm32cube.ide.mcu.externaltools.gnu-tools-for-stm32.12.3.rel1.win32_1.0.200.202406191623/tools/bin/../lib/gcc/arm-none-eabi/12.3.1/../../../../arm-none-eabi/lib/thumb/v7e-m+fp/hard\libc_nano.a(libc_a-malloc.o) (_malloc_r)
C:/ST/STM32CubeIDE_1.15.0/STM32CubeIDE/plugins/com.st.stm32cube.ide.mcu.externaltools.gnu-tools-for-stm32.12.3.rel1.win32_1.0.200.202406191623/tools/bin/../lib/gcc/arm-none-eabi/12.3.1/../../../../arm-none-eabi/lib/thumb/v7e-m+fp/hard\libc_nano.a(libc_a-mlock.o)
                              C:/ST/STM32CubeIDE_1.15.0/STM32CubeIDE/plugins/com.st.stm32cube.ide.mcu.externaltools.gnu-tools-for-stm32.12.3.rel1.win32_1.0.200.202406191623/tools/bin/../lib/gcc/arm-none-eabi/12.3.1/../../../../arm-none-eabi/lib/thumb/v7e-m+fp/hard\libc_nano.a(libc_a-mallocr.o) (__malloc_lock)
C:/ST/STM32CubeIDE_1.15.0/STM32CubeIDE/plugins/com.st.stm32cube.ide.mcu.externaltools.gnu-tools-for-stm32.12.3.rel1.win32_1.0.200.202406191623/tools/bin/../lib/gcc/arm-none-eabi/12.3.1/../../../../arm-none-eabi/lib/thumb/v7e-m+fp/hard\libc_nano.a(libc_a-rand.o)
                              ./User/Src/FlashManager.o (rand)
C:/ST/STM32CubeIDE_1.15.0/STM32CubeIDE/plugins/com.st.stm32cube.ide.mcu.externaltools.gnu-tools-for-stm32.12.3.rel1.win32_1.0.200.202406191623/tools/bin/../lib/gcc/arm-none-eabi/12.3.1/../../../../arm-none-eabi/lib/thumb/v7e-m+fp/hard\libc_nano.a(libc_a-findfp.o)
                              C:/ST/STM32CubeIDE_1.15.0/STM32CubeIDE/plugins/com.st.stm32cube.ide.mcu.externaltools.gnu-tools-for-stm32.12.3.rel1.win32_1.0.200.202406191623/tools/bin/../lib/gcc/arm-none-eabi/12.3.1/../../../../arm-none-eabi/lib/thumb/v7e-m+fp/hard\libc_nano.a(libc_a-exit.o) (__stdio_exit_handler)
[...]
Memory Configuration

Name             Origin             Length             Attributes
CCMRAM           0x10000000         0x00010000         xrw
RAM              0x20000000         0x00020000         xrw
FLASH            0x08000000         0x00100000         xr
*default*        0x00000000         0xffffffff

Linker script and memory map

LOAD C:/ST/STM32CubeIDE_1.15.0/STM32CubeIDE/plugins/com.st.stm32cube.ide.mcu.externaltools.gnu-tools-for-stm32.12.3.rel1.win32_1.0.200.202406191623/tools/bin/../lib/gcc/arm-none-eabi/12.3.1/thumb/v7e-m+fp/hard/crti.o
LOAD C:/ST/STM32CubeIDE_1.15.0/STM32CubeIDE/plugins/com.st.stm32cube.ide.mcu.externaltools.gnu-tools-for-stm32.12.3.rel1.win32_1.0.200.202406191623/tools/bin/../lib/gcc/arm-none-eabi/12.3.1/thumb/v7e-m+fp/hard/crtbegin.o
LOAD C:/ST/STM32CubeIDE_1.15.0/STM32CubeIDE/plugins/com.st.stm32cube.ide.mcu.externaltools.gnu-tools-for-stm32.12.3.rel1.win32_1.0.200.202406191623/tools/bin/../lib/gcc/arm-none-eabi/12.3.1/../../../../arm-none-eabi/lib/thumb/v7e-m+fp/hard/crt0.o
LOAD ./Core/Src/freertos.o
LOAD ./Core/Src/main.o
LOAD ./Core/Src/stm32f4xx_hal_msp.o
LOAD ./Core/Src/stm32f4xx_it.o
LOAD ./Core/Src/syscalls.o
LOAD ./Core/Src/sysmem.o
LOAD ./Core/Src/system_stm32f4xx.o
LOAD ./Core/Startup/startup_stm32f407vgtx.o
LOAD ./Drivers/STM32F4xx_HAL_Driver/Src/stm32f4xx_hal.o
LOAD ./Drivers/STM32F4xx_HAL_Driver/Src/stm32f4xx_hal_cortex.o
LOAD ./Drivers/STM32F4xx_HAL_Driver/Src/stm32f4xx_hal_dma.o
LOAD ./Drivers/STM32F4xx_HAL_Driver/Src/stm32f4xx_hal_dma_ex.o
LOAD ./Drivers/STM32F4xx_HAL_Driver/Src/stm32f4xx_hal_exti.o
LOAD ./Drivers/STM32F4xx_HAL_Driver/Src/stm32f4xx_hal_flash.o
LOAD ./Drivers/STM32F4xx_HAL_Driver/Src/stm32f4xx_hal_flash_ex.o
LOAD ./Drivers/STM32F4xx_HAL_Driver/Src/stm32f4xx_hal_flash_ramfunc.o
LOAD ./Drivers/STM32F4xx_HAL_Driver/Src/stm32f4xx_hal_gpio.o
LOAD ./Drivers/STM32F4xx_HAL_Driver/Src/stm32f4xx_hal_pwr.o
LOAD ./Drivers/STM32F4xx_HAL_Driver/Src/stm32f4xx_hal_pwr_ex.o
LOAD ./Drivers/STM32F4xx_HAL_Driver/Src/stm32f4xx_hal_rcc.o
LOAD ./Drivers/STM32F4xx_HAL_Driver/Src/stm32f4xx_hal_rcc_ex.o
LOAD ./Drivers/STM32F4xx_HAL_Driver/Src/stm32f4xx_hal_spi.o
LOAD ./Drivers/STM32F4xx_HAL_Driver/Src/stm32f4xx_hal_tim.o
LOAD ./Drivers/STM32F4xx_HAL_Driver/Src/stm32f4xx_hal_tim_ex.o
LOAD ./Drivers/STM32F4xx_HAL_Driver/Src/stm32f4xx_hal_uart.o
LOAD ./Middlewares/Third_Party/FreeRTOS/Source/CMSIS_RTOS_V2/cmsis_os2.o
LOAD ./Middlewares/Third_Party/FreeRTOS/Source/croutine.o
LOAD ./Middlewares/Third_Party/FreeRTOS/Source/event_groups.o
LOAD ./Middlewares/Third_Party/FreeRTOS/Source/list.o
LOAD ./Middlewares/Third_Party/FreeRTOS/Source/queue.o
LOAD ./Middlewares/Third_Party/FreeRTOS/Source/stream_buffer.o
LOAD ./Middlewares/Third_Party/FreeRTOS/Source/tasks.o
LOAD ./Middlewares/Third_Party/FreeRTOS/Source/timers.o
LOAD ./Middlewares/Third_Party/FreeRTOS/Source/portable/GCC/ARM_CM4F/port.o
LOAD ./Middlewares/Third_Party/FreeRTOS/Source/portable/MemMang/heap_4.o
LOAD ./User/Src/Communication.o
LOAD ./User/Src/Emg.o
LOAD ./User/Src/Filter.o
LOAD ./User/Src/FlashManager.o
LOAD ./User/Src/LoadCell.o
LOAD ./User/Src/SystemAdapter.o
START GROUP
LOAD C:/ST/STM32CubeIDE_1.15.0/STM32CubeIDE/plugins/com.st.stm32cube.ide.mcu.externaltools.gnu-tools-for-stm32.12.3.rel1.win32_1.0.200.202406191623/tools/bin/../lib/gcc/arm-none-eabi/12.3.1/../../../../arm-none-eabi/lib/thumb/v7e-m+fp/hard\libstdc++_nano.a
LOAD C:/ST/STM32CubeIDE_1.15.0/STM32CubeIDE/plugins/com.st.stm32cube.ide.mcu.externaltools.gnu-tools-for-stm32.12.3.rel1.win32_1.0.200.202406191623/tools/bin/../lib/gcc/arm-none-eabi/12.3.1/../../../../arm-none-eabi/lib/thumb/v7e-m+fp/hard\libsupc++_nano.a
END GROUP
LOAD C:/ST/STM32CubeIDE_1.15.0/STM32CubeIDE/plugins/com.st.stm32cube.ide.mcu.externaltools.gnu-tools-for-stm32.12.3.rel1.win32_1.0.200.202406191623/tools/bin/../lib/gcc/arm-none-eabi/12.3.1/../../../../arm-none-eabi/lib/thumb/v7e-m+fp/hard\libstdc++_nano.a
LOAD C:/ST/STM32CubeIDE_1.15.0/STM32CubeIDE/plugins/com.st.stm32cube.ide.mcu.externaltools.gnu-tools-for-stm32.12.3.rel1.win32_1.0.200.202406191623/tools/bin/../lib/gcc/arm-none-eabi/12.3.1/../../../../arm-none-eabi/lib/thumb/v7e-m+fp/hard\libm.a
LOAD C:/ST/STM32CubeIDE_1.15.0/STM32CubeIDE/plugins/com.st.stm32cube.ide.mcu.externaltools.gnu-tools-for-stm32.12.3.rel1.win32_1.0.200.202406191623/tools/bin/../lib/gcc/arm-none-eabi/12.3.1/../../../../arm-none-eabi/lib/thumb/v7e-m+fp/hard\libc_nano.a
START GROUP
LOAD C:/ST/STM32CubeIDE_1.15.0/STM32CubeIDE/plugins/com.st.stm32cube.ide.mcu.externaltools.gnu-tools-for-stm32.12.3.rel1.win32_1.0.200.202406191623/tools/bin/../lib/gcc/arm-none-eabi/12.3.1/thumb/v7e-m+fp/hard\libgcc.a
LOAD C:/ST/STM32CubeIDE_1.15.0/STM32CubeIDE/plugins/com.st.stm32cube.ide.mcu.externaltools.gnu-tools-for-stm32.12.3.rel1.win32_1.0.200.202406191623/tools/bin/../lib/gcc/arm-none-eabi/12.3.1/../../../../arm-none-eabi/lib/thumb/v7e-m+fp/hard\libc_nano.a
END GROUP
START GROUP
LOAD C:/ST/STM32CubeIDE_1.15.0/STM32CubeIDE/plugins/com.st.stm32cube.ide.mcu.externaltools.gnu-tools-for-stm32.12.3.rel1.win32_1.0.200.202406191623/tools/bin/../lib/gcc/arm-none-eabi/12.3.1/thumb/v7e-m+fp/hard\libgcc.a
LOAD C:/ST/STM32CubeIDE_1.15.0/STM32CubeIDE/plugins/com.st.stm32cube.ide.mcu.externaltools.gnu-tools-for-stm32.12.3.rel1.win32_1.0.200.202406191623/tools/bin/../lib/gcc/arm-none-eabi/12.3.1/../../../../arm-none-eabi/lib/thumb/v7e-m+fp/hard\libc_nano.a
LOAD C:/ST/STM32CubeIDE_1.15.0/STM32CubeIDE/plugins/com.st.stm32cube.ide.mcu.externaltools.gnu-tools-for-stm32.12.3.rel1.win32_1.0.200.202406191623/tools/bin/../lib/gcc/arm-none-eabi/12.3.1/../../../../arm-none-eabi/lib/thumb/v7e-m+fp/hard\libnosys.a
END GROUP
START GROUP
LOAD C:/ST/STM32CubeIDE_1.15.0/STM32CubeIDE/plugins/com.st.stm32cube.ide.mcu.externaltools.gnu-tools-for-stm32.12.3.rel1.win32_1.0.200.202406191623/tools/bin/../lib/gcc/arm-none-eabi/12.3.1/thumb/v7e-m+fp/hard\libgcc.a
LOAD C:/ST/STM32CubeIDE_1.15.0/STM32CubeIDE/plugins/com.st.stm32cube.ide.mcu.externaltools.gnu-tools-for-stm32.12.3.rel1.win32_1.0.200.202406191623/tools/bin/../lib/gcc/arm-none-eabi/12.3.1/../../../../arm-none-eabi/lib/thumb/v7e-m+fp/hard\libc_nano.a
LOAD C:/ST/STM32CubeIDE_1.15.0/STM32CubeIDE/plugins/com.st.stm32cube.ide.mcu.externaltools.gnu-tools-for-stm32.12.3.rel1.win32_1.0.200.202406191623/tools/bin/../lib/gcc/arm-none-eabi/12.3.1/../../../../arm-none-eabi/lib/thumb/v7e-m+fp/hard\libnosys.a
END GROUP
LOAD C:/ST/STM32CubeIDE_1.15.0/STM32CubeIDE/plugins/com.st.stm32cube.ide.mcu.externaltools.gnu-tools-for-stm32.12.3.rel1.win32_1.0.200.202406191623/tools/bin/../lib/gcc/arm-none-eabi/12.3.1/thumb/v7e-m+fp/hard/crtend.o
LOAD C:/ST/STM32CubeIDE_1.15.0/STM32CubeIDE/plugins/com.st.stm32cube.ide.mcu.externaltools.gnu-tools-for-stm32.12.3.rel1.win32_1.0.200.202406191623/tools/bin/../lib/gcc/arm-none-eabi/12.3.1/thumb/v7e-m+fp/hard/crtn.o
                0x20020000                        _estack = (ORIGIN (RAM) + LENGTH (RAM))
                0x00000200                        _Min_Heap_Size = 0x200
                0x00000400                        _Min_Stack_Size = 0x400

.isr_vector     0x08000000      0x188
                0x08000000                        . = ALIGN (0x4)
 *(.isr_vector)
 .isr_vector    0x08000000      0x188 ./Core/Startup/startup_stm32f407vgtx.o
                0x08000000                g_pfnVectors
                0x08000188                        . = ALIGN (0x4)

.text           0x08000190    0x109b4
                0x08000190                        . = ALIGN (0x4)
 *(.text)
 .text          0x08000190       0x40 C:/ST/STM32CubeIDE_1.15.0/STM32CubeIDE/plugins/com.st.stm32cube.ide.mcu.externaltools.gnu-tools-for-stm32.12.3.rel1.win32_1.0.200.202406191623/tools/bin/../lib/gcc/arm-none-eabi/12.3.1/thumb/v7e-m+fp/hard/crtbegin.o
 .text          0x080001d0       0xa0 C:/ST/STM32CubeIDE_1.15.0/STM32CubeIDE/plugins/com.st.stm32cube.ide.mcu.externaltools.gnu-tools-for-stm32.12.3.rel1.win32_1.0.200.202406191623/tools/bin/../lib/gcc/arm-none-eabi/12.3.1/../../../../arm-none-eabi/lib/thumb/v7e-m+fp/hard\libc_nano.a(libc_a-memchr.o)
                0x080001d0                memchr
 .text          0x08000270      0x378 C:/ST/STM32CubeIDE_1.15.0/STM32CubeIDE/plugins/com.st.stm32cube.ide.mcu.externaltools.gnu-tools-for-stm32.12.3.rel1.win32_1.0.200.202406191623/tools/bin/../lib/gcc/arm-none-eabi/12.3.1/thumb/v7e-m+fp/hard\libgcc.a(_arm_addsubdf3.o)
                0x08000270                __aeabi_drsub
                0x08000278                __aeabi_dsub
                0x08000278                __subdf3
                0x0800027c                __aeabi_dadd
                0x0800027c                __adddf3
                0x080004f4                __floatunsidf
                0x080004f4                __aeabi_ui2d
                0x08000514                __floatsidf
                0x08000514                __aeabi_i2d
                0x08000538                __aeabi_f2d
                0x08000538                __extendsfdf2
                0x0800057c                __floatundidf
                0x0800057c                __aeabi_ul2d
                0x0800058c                __floatdidf
                0x0800058c                __aeabi_l2d
 .text          0x080005e8      0x424 C:/ST/STM32CubeIDE_1.15.0/STM32CubeIDE/plugins/com.st.stm32cube.ide.mcu.externaltools.gnu-tools-for-stm32.12.3.rel1.win32_1.0.200.202406191623/tools/bin/../lib/gcc/arm-none-eabi/12.3.1/thumb/v7e-m+fp/hard\libgcc.a(_arm_muldivdf3.o)
                0x080005e8                __aeabi_dmul
                0x080005e8                __muldf3
                0x0800083c                __divdf3
                0x0800083c                __aeabi_ddiv
 .text          0x08000a0c       0x40 C:/ST/STM32CubeIDE_1.15.0/STM32CubeIDE/plugins/com.st.stm32cube.ide.mcu.externaltools.gnu-tools-for-stm32.12.3.rel1.win32_1.0.200.202406191623/tools/bin/../lib/gcc/arm-none-eabi/12.3.1/thumb/v7e-m+fp/hard\libgcc.a(_arm_fixunsdfsi.o)
                0x08000a0c                __aeabi_d2uiz
                0x08000a0c                __fixunsdfsi
 .text          0x08000a4c       0xa0 C:/ST/STM32CubeIDE_1.15.0/STM32CubeIDE/plugins/com.st.stm32cube.ide.mcu.externaltools.gnu-tools-for-stm32.12.3.rel1.win32_1.0.200.202406191623/tools/bin/../lib/gcc/arm-none-eabi/12.3.1/thumb/v7e-m+fp/hard\libgcc.a(_arm_truncdfsf2.o)
                0x08000a4c                __truncdfsf2
                0x08000a4c                __aeabi_d2f
 .text          0x08000aec       0x30 C:/ST/STM32CubeIDE_1.15.0/STM32CubeIDE/plugins/com.st.stm32cube.ide.mcu.externaltools.gnu-tools-for-stm32.12.3.rel1.win32_1.0.200.202406191623/tools/bin/../lib/gcc/arm-none-eabi/12.3.1/thumb/v7e-m+fp/hard\libgcc.a(_aeabi_uldivmod.o)
                0x08000aec                __aeabi_uldivmod
 .text          0x08000b1c      0x2bc C:/ST/STM32CubeIDE_1.15.0/STM32CubeIDE/plugins/com.st.stm32cube.ide.mcu.externaltools.gnu-tools-for-stm32.12.3.rel1.win32_1.0.200.202406191623/tools/bin/../lib/gcc/arm-none-eabi/12.3.1/thumb/v7e-m+fp/hard\libgcc.a(_udivmoddi4.o)
                0x08000b1c                __udivmoddi4
 .text          0x08000dd8        0x4 C:/ST/STM32CubeIDE_1.15.0/STM32CubeIDE/plugins/com.st.stm32cube.ide.mcu.externaltools.gnu-tools-for-stm32.12.3.rel1.win32_1.0.200.202406191623/tools/bin/../lib/gcc/arm-none-eabi/12.3.1/thumb/v7e-m+fp/hard\libgcc.a(_dvmd_tls.o)
                0x08000dd8                __aeabi_idiv0
                0x08000dd8                __aeabi_ldiv0
 *(.text*)
 .text.main     0x08000ddc       0x36 ./Core/Src/main.o
                0x08000ddc                main
 *fill*         0x08000e12        0x2 
 .text.SystemClock_Config
                0x08000e14       0xbc ./Core/Src/main.o
                0x08000e14                SystemClock_Config
 .text.MX_SPI1_Init
                0x08000ed0       0x6c ./Core/Src/main.o
 .text.MX_SPI2_Init
                0x08000f3c       0x6c ./Core/Src/main.o
 .text.MX_SPI3_Init
                0x08000fa8       0x6c ./Core/Src/main.o
 .text.MX_TIM11_Init
                0x08001014       0x44 ./Core/Src/main.o
 .text.MX_USART1_UART_Init
                0x08001058       0x54 ./Core/Src/main.o
 .text.MX_DMA_Init
                0x080010ac       0xcc ./Core/Src/main.o
 .text.MX_GPIO_Init
                0x08001178       0xf0 ./Core/Src/main.o
 .text.Error_Handler
                0x08001268        0xc ./Core/Src/main.o
                0x08001268                Error_Handler
 .text.HAL_MspInit
                0x08001274       0x58 ./Core/Src/stm32f4xx_hal_msp.o
                0x08001274                HAL_MspInit
 .text.HAL_SPI_MspInit
                0x080012cc      0x3f8 ./Core/Src/stm32f4xx_hal_msp.o
                0x080012cc                HAL_SPI_MspInit
 .text.HAL_TIM_Base_MspInit
                0x080016c4       0x50 ./Core/Src/stm32f4xx_hal_msp.o
                0x080016c4                HAL_TIM_Base_MspInit
 .text.HAL_UART_MspInit
                0x08001714      0x16c ./Core/Src/stm32f4xx_hal_msp.o
                0x08001714                HAL_UART_MspInit
 .text.NMI_Handler
                0x08001880        0x8 ./Core/Src/stm32f4xx_it.o
                0x08001880                NMI_Handler
 .text.HardFault_Handler
                0x08001888        0x8 ./Core/Src/stm32f4xx_it.o
                0x08001888                HardFault_Handler
 .text.MemManage_Handler
                0x08001890        0x8 ./Core/Src/stm32f4xx_it.o
                0x08001890                MemManage_Handler
 .text.BusFault_Handler
                0x08001898        0x8 ./Core/Src/stm32f4xx_it.o
                0x08001898                BusFault_Handler
 .text.UsageFault_Handler
                0x080018a0        0x8 ./Core/Src/stm32f4xx_it.o
                0x080018a0                UsageFault_Handler
 .text.DebugMon_Handler
                0x080018a8        0xe ./Core/Src/stm32f4xx_it.o
                0x080018a8                DebugMon_Handler
 .text.SysTick_Handler
                0x080018b6       0x1a ./Core/Src/stm32f4xx_it.o
                0x080018b6                SysTick_Handler
 .text.DMA1_Stream0_IRQHandler
                0x080018d0       0x14 ./Core/Src/stm32f4xx_it.o
                0x080018d0                DMA1_Stream0_IRQHandler
 .text.DMA1_Stream3_IRQHandler
                0x080018e4       0x14 ./Core/Src/stm32f4xx_it.o
                0x080018e4                DMA1_Stream3_IRQHandler
 .text.DMA1_Stream4_IRQHandler
                0x080018f8       0x14 ./Core/Src/stm32f4xx_it.o
                0x080018f8                DMA1_Stream4_IRQHandler
 .text.DMA1_Stream5_IRQHandler
                0x0800190c       0x14 ./Core/Src/stm32f4xx_it.o
                0x0800190c                DMA1_Stream5_IRQHandler
 .text.TIM1_TRG_COM_TIM11_IRQHandler
                0x08001920       0x20 ./Core/Src/stm32f4xx_it.o
                0x08001920                TIM1_TRG_COM_TIM11_IRQHandler
 .text.SPI1_IRQHandler
                0x08001940       0x14 ./Core/Src/stm32f4xx_it.o
                0x08001940                SPI1_IRQHandler
 .text.SPI2_IRQHandler
                0x08001954       0x14 ./Core/Src/stm32f4xx_it.o
                0x08001954                SPI2_IRQHandler
 .text.USART1_IRQHandler
                0x08001968       0x14 ./Core/Src/stm32f4xx_it.o
                0x08001968                USART1_IRQHandler
 .text.SPI3_IRQHandler
                0x0800197c       0x14 ./Core/Src/stm32f4xx_it.o
                0x0800197c                SPI3_IRQHandler
 .text.DMA2_Stream0_IRQHandler
                0x08001990       0x14 ./Core/Src/stm32f4xx_it.o
                0x08001990                DMA2_Stream0_IRQHandler
 .text.DMA2_Stream2_IRQHandler
                0x080019a4       0x14 ./Core/Src/stm32f4xx_it.o
                0x080019a4                DMA2_Stream2_IRQHandler
 .text.DMA2_Stream3_IRQHandler
                0x080019b8       0x14 ./Core/Src/stm32f4xx_it.o
                0x080019b8                DMA2_Stream3_IRQHandler
 .text.DMA2_Stream7_IRQHandler
                0x080019cc       0x14 ./Core/Src/stm32f4xx_it.o
                0x080019cc                DMA2_Stream7_IRQHandler
 .text._getpid  0x080019e0       0x10 ./Core/Src/syscalls.o
                0x080019e0                _getpid
 .text._kill    0x080019f0       0x20 ./Core/Src/syscalls.o
                0x080019f0                _kill
 .text._exit    0x08001a10       0x16 ./Core/Src/syscalls.o
                0x08001a10                _exit
 .text._read    0x08001a26       0x3a ./Core/Src/syscalls.o
                0x08001a26                _read
 .text._write   0x08001a60       0x38 ./Core/Src/syscalls.o
                0x08001a60                _write
 .text._close   0x08001a98       0x18 ./Core/Src/syscalls.o
                0x08001a98                _close
 .text._fstat   0x08001ab0       0x20 ./Core/Src/syscalls.o
                0x08001ab0                _fstat
 .text._isatty  0x08001ad0       0x16 ./Core/Src/syscalls.o
                0x08001ad0                _isatty
 .text._lseek   0x08001ae6       0x1a ./Core/Src/syscalls.o
                0x08001ae6                _lseek
 .text._sbrk    0x08001b00       0x6c ./Core/Src/sysmem.o
                0x08001b00                _sbrk
 .text.SystemInit
                0x08001b6c       0x24 ./Core/Src/system_stm32f4xx.o
                0x08001b6c                SystemInit
 .text.Reset_Handler
                0x08001b90       0x50 ./Core/Startup/startup_stm32f407vgtx.o
                0x08001b90                Reset_Handler
 .text.Default_Handler
                0x08001be0        0x2 ./Core/Startup/startup_stm32f407vgtx.o
                0x08001be0                RTC_Alarm_IRQHandler
                0x08001be0                HASH_RNG_IRQHandler
                0x08001be0                EXTI2_IRQHandler
                0x08001be0                TIM8_CC_IRQHandler
                0x08001be0                TIM1_CC_IRQHandler
                0x08001be0                DMA2_Stream5_IRQHandler
                0x08001be0                PVD_IRQHandler
                0x08001be0                SDIO_IRQHandler
                0x08001be0                TAMP_STAMP_IRQHandler
                0x08001be0                CAN2_RX1_IRQHandler
                0x08001be0                EXTI3_IRQHandler
                0x08001be0                TIM8_TRG_COM_TIM14_IRQHandler
                0x08001be0                TIM1_UP_TIM10_IRQHandler
                0x08001be0                TIM8_UP_TIM13_IRQHandler
                0x08001be0                I2C3_ER_IRQHandler
                0x08001be0                EXTI0_IRQHandler
                0x08001be0                I2C2_EV_IRQHandler
                0x08001be0                DMA1_Stream2_IRQHandler
                0x08001be0                CAN1_RX0_IRQHandler
                0x08001be0                FPU_IRQHandler
                0x08001be0                OTG_HS_WKUP_IRQHandler
                0x08001be0                CAN2_SCE_IRQHandler
                0x08001be0                TIM6_DAC_IRQHandler
                0x08001be0                TIM1_BRK_TIM9_IRQHandler
                0x08001be0                DCMI_IRQHandler
                0x08001be0                CAN2_RX0_IRQHandler
                0x08001be0                USART6_IRQHandler
                0x08001be0                USART3_IRQHandler
                0x08001be0                CAN1_RX1_IRQHandler
                0x08001be0                UART5_IRQHandler
                0x08001be0                TIM4_IRQHandler
                0x08001be0                I2C1_EV_IRQHandler
                0x08001be0                DMA1_Stream6_IRQHandler
                0x08001be0                DMA1_Stream1_IRQHandler
                0x08001be0                UART4_IRQHandler
                0x08001be0                TIM3_IRQHandler
                0x08001be0                RCC_IRQHandler
                0x08001be0                TIM8_BRK_TIM12_IRQHandler
                0x08001be0                Default_Handler
                0x08001be0                EXTI15_10_IRQHandler
                0x08001be0                ADC_IRQHandler
                0x08001be0                DMA1_Stream7_IRQHandler
                0x08001be0                TIM7_IRQHandler
                0x08001be0                CAN2_TX_IRQHandler
                0x08001be0                TIM5_IRQHandler
                0x08001be0                I2C3_EV_IRQHandler
                0x08001be0                EXTI9_5_IRQHandler
                0x08001be0                RTC_WKUP_IRQHandler
                0x08001be0                ETH_WKUP_IRQHandler
                0x08001be0                OTG_HS_EP1_IN_IRQHandler
                0x08001be0                CAN1_TX_IRQHandler
                0x08001be0                EXTI4_IRQHandler
                0x08001be0                FSMC_IRQHandler
                0x08001be0                ETH_IRQHandler
                0x08001be0                OTG_HS_EP1_OUT_IRQHandler
                0x08001be0                WWDG_IRQHandler
                0x08001be0                TIM2_IRQHandler
                0x08001be0                OTG_FS_WKUP_IRQHandler
                0x08001be0                OTG_HS_IRQHandler
                0x08001be0                EXTI1_IRQHandler
                0x08001be0                USART2_IRQHandler
                0x08001be0                I2C2_ER_IRQHandler
                0x08001be0                DMA2_Stream1_IRQHandler
                0x08001be0                CAN1_SCE_IRQHandler
                0x08001be0                FLASH_IRQHandler
                0x08001be0                DMA2_Stream4_IRQHandler
                0x08001be0                OTG_FS_IRQHandler
                0x08001be0                I2C1_ER_IRQHandler
                0x08001be0                DMA2_Stream6_IRQHandler
 *fill*         0x08001be2        0x2 
 .text.HAL_Init
                0x08001be4       0x44 ./Drivers/STM32F4xx_HAL_Driver/Src/stm32f4xx_hal.o
                0x08001be4                HAL_Init
 .text.HAL_InitTick
                0x08001c28       0x60 ./Drivers/STM32F4xx_HAL_Driver/Src/stm32f4xx_hal.o
                0x08001c28                HAL_InitTick
 .text.HAL_IncTick
                0x08001c88       0x28 ./Drivers/STM32F4xx_HAL_Driver/Src/stm32f4xx_hal.o
                0x08001c88                HAL_IncTick
 .text.HAL_GetTick
                0x08001cb0       0x18 ./Drivers/STM32F4xx_HAL_Driver/Src/stm32f4xx_hal.o
                0x08001cb0                HAL_GetTick
 .text.__NVIC_SetPriorityGrouping
                0x08001cc8       0x48 ./Drivers/STM32F4xx_HAL_Driver/Src/stm32f4xx_hal_cortex.o
 .text.__NVIC_GetPriorityGrouping
                0x08001d10       0x1c ./Drivers/STM32F4xx_HAL_Driver/Src/stm32f4xx_hal_cortex.o
 .text.__NVIC_EnableIRQ
                0x08001d2c       0x3c ./Drivers/STM32F4xx_HAL_Driver/Src/stm32f4xx_hal_cortex.o
 .text.__NVIC_SetPriority
                0x08001d68       0x54 ./Drivers/STM32F4xx_HAL_Driver/Src/stm32f4xx_hal_cortex.o
 .text.NVIC_EncodePriority
                0x08001dbc       0x66 ./Drivers/STM32F4xx_HAL_Driver/Src/stm32f4xx_hal_cortex.o
 *fill*         0x08001e22        0x2 
 .text.__NVIC_SystemReset
                0x08001e24       0x2c ./Drivers/STM32F4xx_HAL_Driver/Src/stm32f4xx_hal_cortex.o
 .text.SysTick_Config
                0x08001e50       0x44 ./Drivers/STM32F4xx_HAL_Driver/Src/stm32f4xx_hal_cortex.o
 .text.HAL_NVIC_SetPriorityGrouping
                0x08001e94       0x16 ./Drivers/STM32F4xx_HAL_Driver/Src/stm32f4xx_hal_cortex.o
                0x08001e94                HAL_NVIC_SetPriorityGrouping
 .text.HAL_NVIC_SetPriority
                0x08001eaa       0x38 ./Drivers/STM32F4xx_HAL_Driver/Src/stm32f4xx_hal_cortex.o
                0x08001eaa                HAL_NVIC_SetPriority
 .text.HAL_NVIC_EnableIRQ
                0x08001ee2       0x1c ./Drivers/STM32F4xx_HAL_Driver/Src/stm32f4xx_hal_cortex.o
                0x08001ee2                HAL_NVIC_EnableIRQ
 .text.HAL_NVIC_SystemReset
                0x08001efe        0x8 ./Drivers/STM32F4xx_HAL_Driver/Src/stm32f4xx_hal_cortex.o
                0x08001efe                HAL_NVIC_SystemReset
 .text.HAL_SYSTICK_Config
                0x08001f06       0x18 ./Drivers/STM32F4xx_HAL_Driver/Src/stm32f4xx_hal_cortex.o
                0x08001f06                HAL_SYSTICK_Config
 *fill*         0x08001f1e        0x2 
 .text.HAL_DMA_Init
                0x08001f20      0x15c ./Drivers/STM32F4xx_HAL_Driver/Src/stm32f4xx_hal_dma.o
                0x08001f20                HAL_DMA_Init
 .text.HAL_DMA_Start_IT
                0x0800207c       0xb0 ./Drivers/STM32F4xx_HAL_Driver/Src/stm32f4xx_hal_dma.o
                0x0800207c                HAL_DMA_Start_IT
 .text.HAL_DMA_Abort
                0x0800212c       0xe0 ./Drivers/STM32F4xx_HAL_Driver/Src/stm32f4xx_hal_dma.o
                0x0800212c                HAL_DMA_Abort
 .text.HAL_DMA_Abort_IT
                0x0800220c       0x44 ./Drivers/STM32F4xx_HAL_Driver/Src/stm32f4xx_hal_dma.o
                0x0800220c                HAL_DMA_Abort_IT
 .text.HAL_DMA_IRQHandler
                0x08002250      0x314 ./Drivers/STM32F4xx_HAL_Driver/Src/stm32f4xx_hal_dma.o
                0x08002250                HAL_DMA_IRQHandler
 .text.DMA_SetConfig
                0x08002564       0x5c ./Drivers/STM32F4xx_HAL_Driver/Src/stm32f4xx_hal_dma.o
 .text.DMA_CalcBaseAndBitshift
                0x080025c0       0x6c ./Drivers/STM32F4xx_HAL_Driver/Src/stm32f4xx_hal_dma.o
 .text.DMA_CheckFifoParam
                0x0800262c       0xf8 ./Drivers/STM32F4xx_HAL_Driver/Src/stm32f4xx_hal_dma.o
 .text.HAL_FLASH_Program
                0x08002724       0xa8 ./Drivers/STM32F4xx_HAL_Driver/Src/stm32f4xx_hal_flash.o
                0x08002724                HAL_FLASH_Program
 .text.HAL_FLASH_Unlock
                0x080027cc       0x44 ./Drivers/STM32F4xx_HAL_Driver/Src/stm32f4xx_hal_flash.o
                0x080027cc                HAL_FLASH_Unlock
 .text.HAL_FLASH_Lock
                0x08002810       0x20 ./Drivers/STM32F4xx_HAL_Driver/Src/stm32f4xx_hal_flash.o
                0x08002810                HAL_FLASH_Lock
 .text.FLASH_WaitForLastOperation
                0x08002830       0x80 ./Drivers/STM32F4xx_HAL_Driver/Src/stm32f4xx_hal_flash.o
                0x08002830                FLASH_WaitForLastOperation
 .text.FLASH_Program_DoubleWord
                0x080028b0       0x64 ./Drivers/STM32F4xx_HAL_Driver/Src/stm32f4xx_hal_flash.o
 .text.FLASH_Program_Word
                0x08002914       0x44 ./Drivers/STM32F4xx_HAL_Driver/Src/stm32f4xx_hal_flash.o
 .text.FLASH_Program_HalfWord
                0x08002958       0x48 ./Drivers/STM32F4xx_HAL_Driver/Src/stm32f4xx_hal_flash.o
 .text.FLASH_Program_Byte
                0x080029a0       0x44 ./Drivers/STM32F4xx_HAL_Driver/Src/stm32f4xx_hal_flash.o
 .text.FLASH_SetErrorCode
                0x080029e4       0xac ./Drivers/STM32F4xx_HAL_Driver/Src/stm32f4xx_hal_flash.o
 .text.HAL_FLASHEx_Erase
                0x08002a90       0xe0 ./Drivers/STM32F4xx_HAL_Driver/Src/stm32f4xx_hal_flash_ex.o
                0x08002a90                HAL_FLASHEx_Erase
 .text.FLASH_MassErase
                0x08002b70       0x48 ./Drivers/STM32F4xx_HAL_Driver/Src/stm32f4xx_hal_flash_ex.o
 .text.FLASH_Erase_Sector
                0x08002bb8       0x90 ./Drivers/STM32F4xx_HAL_Driver/Src/stm32f4xx_hal_flash_ex.o
                0x08002bb8                FLASH_Erase_Sector
 .text.FLASH_FlushCaches
                0x08002c48       0x8c ./Drivers/STM32F4xx_HAL_Driver/Src/stm32f4xx_hal_flash_ex.o
                0x08002c48                FLASH_FlushCaches
 .text.HAL_GPIO_Init
                0x08002cd4      0x338 ./Drivers/STM32F4xx_HAL_Driver/Src/stm32f4xx_hal_gpio.o
                0x08002cd4                HAL_GPIO_Init
 .text.HAL_GPIO_WritePin
                0x0800300c       0x32 ./Drivers/STM32F4xx_HAL_Driver/Src/stm32f4xx_hal_gpio.o
                0x0800300c                HAL_GPIO_WritePin
 *fill*         0x0800303e        0x2 
 .text.HAL_RCC_OscConfig
                0x08003040      0x4f0 ./Drivers/STM32F4xx_HAL_Driver/Src/stm32f4xx_hal_rcc.o
                0x08003040                HAL_RCC_OscConfig
 .text.HAL_RCC_ClockConfig
                0x08003530      0x1cc ./Drivers/STM32F4xx_HAL_Driver/Src/stm32f4xx_hal_rcc.o
                0x08003530                HAL_RCC_ClockConfig
 .text.HAL_RCC_GetSysClockFreq
                0x080036fc      0x18c ./Drivers/STM32F4xx_HAL_Driver/Src/stm32f4xx_hal_rcc.o
                0x080036fc                HAL_RCC_GetSysClockFreq
 .text.HAL_RCC_GetHCLKFreq
                0x08003888       0x18 ./Drivers/STM32F4xx_HAL_Driver/Src/stm32f4xx_hal_rcc.o
                0x08003888                HAL_RCC_GetHCLKFreq
 .text.HAL_RCC_GetPCLK1Freq
                0x080038a0       0x28 ./Drivers/STM32F4xx_HAL_Driver/Src/stm32f4xx_hal_rcc.o
                0x080038a0                HAL_RCC_GetPCLK1Freq
 .text.HAL_RCC_GetPCLK2Freq
                0x080038c8       0x28 ./Drivers/STM32F4xx_HAL_Driver/Src/stm32f4xx_hal_rcc.o
                0x080038c8                HAL_RCC_GetPCLK2Freq
 .text.HAL_SPI_Init
                0x080038f0      0x112 ./Drivers/STM32F4xx_HAL_Driver/Src/stm32f4xx_hal_spi.o
                0x080038f0                HAL_SPI_Init
 .text.HAL_SPI_Transmit
                0x08003a02      0x288 ./Drivers/STM32F4xx_HAL_Driver/Src/stm32f4xx_hal_spi.o
                0x08003a02                HAL_SPI_Transmit
 *fill*         0x08003c8a        0x2 
 .text.HAL_SPI_Transmit_DMA
                0x08003c8c      0x164 ./Drivers/STM32F4xx_HAL_Driver/Src/stm32f4xx_hal_spi.o
                0x08003c8c                HAL_SPI_Transmit_DMA
 .text.HAL_SPI_Receive_DMA
                0x08003df0      0x188 ./Drivers/STM32F4xx_HAL_Driver/Src/stm32f4xx_hal_spi.o
                0x08003df0                HAL_SPI_Receive_DMA
 .text.HAL_SPI_TransmitReceive_DMA
                0x08003f78      0x1f8 ./Drivers/STM32F4xx_HAL_Driver/Src/stm32f4xx_hal_spi.o
                0x08003f78                HAL_SPI_TransmitReceive_DMA
 .text.HAL_SPI_IRQHandler
                0x08004170      0x1e8 ./Drivers/STM32F4xx_HAL_Driver/Src/stm32f4xx_hal_spi.o
                0x08004170                HAL_SPI_IRQHandler
 .text.HAL_SPI_TxCpltCallback
                0x08004358       0x14 ./Drivers/STM32F4xx_HAL_Driver/Src/stm32f4xx_hal_spi.o
                0x08004358                HAL_SPI_TxCpltCallback
 .text.HAL_SPI_RxCpltCallback
                0x0800436c       0x14 ./Drivers/STM32F4xx_HAL_Driver/Src/stm32f4xx_hal_spi.o
                0x0800436c                HAL_SPI_RxCpltCallback
 .text.HAL_SPI_TxRxCpltCallback
                0x08004380       0x14 ./Drivers/STM32F4xx_HAL_Driver/Src/stm32f4xx_hal_spi.o
                0x08004380                HAL_SPI_TxRxCpltCallback
 .text.HAL_SPI_TxHalfCpltCallback
                0x08004394       0x14 ./Drivers/STM32F4xx_HAL_Driver/Src/stm32f4xx_hal_spi.o
                0x08004394                HAL_SPI_TxHalfCpltCallback
 .text.HAL_SPI_RxHalfCpltCallback
                0x080043a8       0x14 ./Drivers/STM32F4xx_HAL_Driver/Src/stm32f4xx_hal_spi.o
                0x080043a8                HAL_SPI_RxHalfCpltCallback
 .text.HAL_SPI_TxRxHalfCpltCallback
                0x080043bc       0x14 ./Drivers/STM32F4xx_HAL_Driver/Src/stm32f4xx_hal_spi.o
                0x080043bc                HAL_SPI_TxRxHalfCpltCallback
 .text.HAL_SPI_ErrorCallback
                0x080043d0       0x14 ./Drivers/STM32F4xx_HAL_Driver/Src/stm32f4xx_hal_spi.o
                0x080043d0                HAL_SPI_ErrorCallback
 .text.SPI_DMATransmitCplt
                0x080043e4       0xa8 ./Drivers/STM32F4xx_HAL_Driver/Src/stm32f4xx_hal_spi.o
 .text.SPI_DMAReceiveCplt
                0x0800448c       0xa8 ./Drivers/STM32F4xx_HAL_Driver/Src/stm32f4xx_hal_spi.o
 .text.SPI_DMATransmitReceiveCplt
                0x08004534       0x90 ./Drivers/STM32F4xx_HAL_Driver/Src/stm32f4xx_hal_spi.o
 .text.SPI_DMAHalfTransmitCplt
                0x080045c4       0x1c ./Drivers/STM32F4xx_HAL_Driver/Src/stm32f4xx_hal_spi.o
 .text.SPI_DMAHalfReceiveCplt
                0x080045e0       0x1c ./Drivers/STM32F4xx_HAL_Driver/Src/stm32f4xx_hal_spi.o
 .text.SPI_DMAHalfTransmitReceiveCplt
                0x080045fc       0x1c ./Drivers/STM32F4xx_HAL_Driver/Src/stm32f4xx_hal_spi.o
 .text.SPI_DMAError
                0x08004618       0x40 ./Drivers/STM32F4xx_HAL_Driver/Src/stm32f4xx_hal_spi.o
 .text.SPI_DMAAbortOnError
                0x08004658       0x28 ./Drivers/STM32F4xx_HAL_Driver/Src/stm32f4xx_hal_spi.o
 .text.SPI_WaitFlagStateUntilTimeout
                0x08004680      0x110 ./Drivers/STM32F4xx_HAL_Driver/Src/stm32f4xx_hal_spi.o
 .text.SPI_EndRxTransaction
                0x08004790       0xca ./Drivers/STM32F4xx_HAL_Driver/Src/stm32f4xx_hal_spi.o
 *fill*         0x0800485a        0x2 
 .text.SPI_EndRxTxTransaction
                0x0800485c       0xa8 ./Drivers/STM32F4xx_HAL_Driver/Src/stm32f4xx_hal_spi.o
 .text.HAL_TIM_Base_Init
                0x08004904       0x9e ./Drivers/STM32F4xx_HAL_Driver/Src/stm32f4xx_hal_tim.o
                0x08004904                HAL_TIM_Base_Init
 *fill*         0x080049a2        0x2 
 .text.HAL_TIM_Base_Start_IT
                0x080049a4       0xe0 ./Drivers/STM32F4xx_HAL_Driver/Src/stm32f4xx_hal_tim.o
                0x080049a4                HAL_TIM_Base_Start_IT
 .text.HAL_TIM_IRQHandler
                0x08004a84      0x1e0 ./Drivers/STM32F4xx_HAL_Driver/Src/stm32f4xx_hal_tim.o
                0x08004a84                HAL_TIM_IRQHandler
 .text.HAL_TIM_PeriodElapsedCallback
                0x08004c64       0x14 ./Drivers/STM32F4xx_HAL_Driver/Src/stm32f4xx_hal_tim.o
                0x08004c64                HAL_TIM_PeriodElapsedCallback
 .text.HAL_TIM_OC_DelayElapsedCallback
                0x08004c78       0x14 ./Drivers/STM32F4xx_HAL_Driver/Src/stm32f4xx_hal_tim.o
                0x08004c78                HAL_TIM_OC_DelayElapsedCallback
 .text.HAL_TIM_IC_CaptureCallback
                0x08004c8c       0x14 ./Drivers/STM32F4xx_HAL_Driver/Src/stm32f4xx_hal_tim.o
                0x08004c8c                HAL_TIM_IC_CaptureCallback
 .text.HAL_TIM_PWM_PulseFinishedCallback
                0x08004ca0       0x14 ./Drivers/STM32F4xx_HAL_Driver/Src/stm32f4xx_hal_tim.o
                0x08004ca0                HAL_TIM_PWM_PulseFinishedCallback
 .text.HAL_TIM_TriggerCallback
                0x08004cb4       0x14 ./Drivers/STM32F4xx_HAL_Driver/Src/stm32f4xx_hal_tim.o
                0x08004cb4                HAL_TIM_TriggerCallback
 .text.TIM_Base_SetConfig
                0x08004cc8      0x158 ./Drivers/STM32F4xx_HAL_Driver/Src/stm32f4xx_hal_tim.o
                0x08004cc8                TIM_Base_SetConfig
 .text.HAL_TIMEx_CommutCallback
                0x08004e20       0x14 ./Drivers/STM32F4xx_HAL_Driver/Src/stm32f4xx_hal_tim_ex.o
                0x08004e20                HAL_TIMEx_CommutCallback
 .text.HAL_TIMEx_BreakCallback
                0x08004e34       0x14 ./Drivers/STM32F4xx_HAL_Driver/Src/stm32f4xx_hal_tim_ex.o
                0x08004e34                HAL_TIMEx_BreakCallback
 .text.HAL_UART_Init
                0x08004e48       0xa0 ./Drivers/STM32F4xx_HAL_Driver/Src/stm32f4xx_hal_uart.o
                0x08004e48                HAL_UART_Init
 .text.HAL_UART_Transmit
                0x08004ee8      0x116 ./Drivers/STM32F4xx_HAL_Driver/Src/stm32f4xx_hal_uart.o
                0x08004ee8                HAL_UART_Transmit
 .text.HAL_UART_Receive_DMA
                0x08004ffe       0x4a ./Drivers/STM32F4xx_HAL_Driver/Src/stm32f4xx_hal_uart.o
                0x08004ffe                HAL_UART_Receive_DMA
 .text.HAL_UART_IRQHandler
                0x08005048      0x524 ./Drivers/STM32F4xx_HAL_Driver/Src/stm32f4xx_hal_uart.o
                0x08005048                HAL_UART_IRQHandler
 .text.HAL_UART_TxCpltCallback
                0x0800556c       0x14 ./Drivers/STM32F4xx_HAL_Driver/Src/stm32f4xx_hal_uart.o
                0x0800556c                HAL_UART_TxCpltCallback
 .text.HAL_UART_RxCpltCallback
                0x08005580       0x14 ./Drivers/STM32F4xx_HAL_Driver/Src/stm32f4xx_hal_uart.o
                0x08005580                HAL_UART_RxCpltCallback
 .text.HAL_UART_RxHalfCpltCallback
                0x08005594       0x14 ./Drivers/STM32F4xx_HAL_Driver/Src/stm32f4xx_hal_uart.o
                0x08005594                HAL_UART_RxHalfCpltCallback
 .text.HAL_UART_ErrorCallback
                0x080055a8       0x14 ./Drivers/STM32F4xx_HAL_Driver/Src/stm32f4xx_hal_uart.o
                0x080055a8                HAL_UART_ErrorCallback
 .text.HAL_UARTEx_RxEventCallback
                0x080055bc       0x18 ./Drivers/STM32F4xx_HAL_Driver/Src/stm32f4xx_hal_uart.o
                0x080055bc                HAL_UARTEx_RxEventCallback
 .text.UART_DMAReceiveCplt
                0x080055d4      0x12c ./Drivers/STM32F4xx_HAL_Driver/Src/stm32f4xx_hal_uart.o
 .text.UART_DMARxHalfCplt
                0x08005700       0x3c ./Drivers/STM32F4xx_HAL_Driver/Src/stm32f4xx_hal_uart.o
 .text.UART_DMAError
                0x0800573c       0x94 ./Drivers/STM32F4xx_HAL_Driver/Src/stm32f4xx_hal_uart.o
 .text.UART_WaitOnFlagUntilTimeout
                0x080057d0       0xb2 ./Drivers/STM32F4xx_HAL_Driver/Src/stm32f4xx_hal_uart.o
 *fill*         0x08005882        0x2 
 .text.UART_Start_Receive_DMA
                0x08005884      0x134 ./Drivers/STM32F4xx_HAL_Driver/Src/stm32f4xx_hal_uart.o
                0x08005884                UART_Start_Receive_DMA
 .text.UART_EndTxTransfer
                0x080059b8       0x50 ./Drivers/STM32F4xx_HAL_Driver/Src/stm32f4xx_hal_uart.o
 .text.UART_EndRxTransfer
                0x08005a08       0xc6 ./Drivers/STM32F4xx_HAL_Driver/Src/stm32f4xx_hal_uart.o
 .text.UART_DMAAbortOnError
                0x08005ace       0x28 ./Drivers/STM32F4xx_HAL_Driver/Src/stm32f4xx_hal_uart.o
 .text.UART_Transmit_IT
                0x08005af6       0xa0 ./Drivers/STM32F4xx_HAL_Driver/Src/stm32f4xx_hal_uart.o
 .text.UART_EndTransmit_IT
                0x08005b96       0x30 ./Drivers/STM32F4xx_HAL_Driver/Src/stm32f4xx_hal_uart.o
 .text.UART_Receive_IT
                0x08005bc6      0x17c ./Drivers/STM32F4xx_HAL_Driver/Src/stm32f4xx_hal_uart.o
 *fill*         0x08005d42        0x2 
 .text.UART_SetConfig
                0x08005d44      0x4e8 ./Drivers/STM32F4xx_HAL_Driver/Src/stm32f4xx_hal_uart.o
 .text.__NVIC_SetPriority
                0x0800622c       0x54 ./Middlewares/Third_Party/FreeRTOS/Source/CMSIS_RTOS_V2/cmsis_os2.o
 .text.SVC_Setup
                0x08006280       0x12 ./Middlewares/Third_Party/FreeRTOS/Source/CMSIS_RTOS_V2/cmsis_os2.o
 *fill*         0x08006292        0x2 
 .text.osKernelInitialize
                0x08006294       0x48 ./Middlewares/Third_Party/FreeRTOS/Source/CMSIS_RTOS_V2/cmsis_os2.o
                0x08006294                osKernelInitialize
 .text.osKernelStart
                0x080062dc       0x4c ./Middlewares/Third_Party/FreeRTOS/Source/CMSIS_RTOS_V2/cmsis_os2.o
                0x080062dc                osKernelStart
 .text.osThreadNew
                0x08006328      0x124 ./Middlewares/Third_Party/FreeRTOS/Source/CMSIS_RTOS_V2/cmsis_os2.o
                0x08006328                osThreadNew
 .text.osThreadTerminate
                0x0800644c       0x5a ./Middlewares/Third_Party/FreeRTOS/Source/CMSIS_RTOS_V2/cmsis_os2.o
                0x0800644c                osThreadTerminate
 .text.osSemaphoreNew
                0x080064a6      0x112 ./Middlewares/Third_Party/FreeRTOS/Source/CMSIS_RTOS_V2/cmsis_os2.o
                0x080064a6                osSemaphoreNew
 .text.osSemaphoreAcquire
                0x080065b8       0xa4 ./Middlewares/Third_Party/FreeRTOS/Source/CMSIS_RTOS_V2/cmsis_os2.o
                0x080065b8                osSemaphoreAcquire
 .text.osSemaphoreRelease
                0x0800665c       0x88 ./Middlewares/Third_Party/FreeRTOS/Source/CMSIS_RTOS_V2/cmsis_os2.o
                0x0800665c                osSemaphoreRelease
 .text.vApplicationGetIdleTaskMemory
                0x080066e4       0x34 ./Middlewares/Third_Party/FreeRTOS/Source/CMSIS_RTOS_V2/cmsis_os2.o
                0x080066e4                vApplicationGetIdleTaskMemory
 .text.vApplicationGetTimerTaskMemory
                0x08006718       0x34 ./Middlewares/Third_Party/FreeRTOS/Source/CMSIS_RTOS_V2/cmsis_os2.o
                0x08006718                vApplicationGetTimerTaskMemory
 .text.vListInitialise
                0x0800674c       0x40 ./Middlewares/Third_Party/FreeRTOS/Source/list.o
                0x0800674c                vListInitialise
 .text.vListInitialiseItem
                0x0800678c       0x1a ./Middlewares/Third_Party/FreeRTOS/Source/list.o
                0x0800678c                vListInitialiseItem
 .text.vListInsertEnd
                0x080067a6       0x48 ./Middlewares/Third_Party/FreeRTOS/Source/list.o
                0x080067a6                vListInsertEnd
 .text.vListInsert
                0x080067ee       0x72 ./Middlewares/Third_Party/FreeRTOS/Source/list.o
                0x080067ee                vListInsert
 .text.uxListRemove
                0x08006860       0x54 ./Middlewares/Third_Party/FreeRTOS/Source/list.o
                0x08006860                uxListRemove
 .text.xQueueGenericReset
                0x080068b4       0xd4 ./Middlewares/Third_Party/FreeRTOS/Source/queue.o
                0x080068b4                xQueueGenericReset
 .text.xQueueGenericCreateStatic
                0x08006988       0xfa ./Middlewares/Third_Party/FreeRTOS/Source/queue.o
                0x08006988                xQueueGenericCreateStatic
 .text.xQueueGenericCreate
                0x08006a82       0x76 ./Middlewares/Third_Party/FreeRTOS/Source/queue.o
                0x08006a82                xQueueGenericCreate
 .text.prvInitialiseNewQueue
                0x08006af8       0x46 ./Middlewares/Third_Party/FreeRTOS/Source/queue.o
 .text.xQueueCreateCountingSemaphoreStatic
                0x08006b3e       0x72 ./Middlewares/Third_Party/FreeRTOS/Source/queue.o
                0x08006b3e                xQueueCreateCountingSemaphoreStatic
 .text.xQueueCreateCountingSemaphore
                0x08006bb0       0x6a ./Middlewares/Third_Party/FreeRTOS/Source/queue.o
                0x08006bb0                xQueueCreateCountingSemaphore
 *fill*         0x08006c1a        0x2 
 .text.xQueueGenericSend
                0x08006c1c      0x204 ./Middlewares/Third_Party/FreeRTOS/Source/queue.o
                0x08006c1c                xQueueGenericSend
 .text.xQueueGenericSendFromISR
                0x08006e20      0x13c ./Middlewares/Third_Party/FreeRTOS/Source/queue.o
                0x08006e20                xQueueGenericSendFromISR
 .text.xQueueGiveFromISR
                0x08006f5c      0x120 ./Middlewares/Third_Party/FreeRTOS/Source/queue.o
                0x08006f5c                xQueueGiveFromISR
 .text.xQueueReceive
                0x0800707c      0x1c4 ./Middlewares/Third_Party/FreeRTOS/Source/queue.o
                0x0800707c                xQueueReceive
 .text.xQueueSemaphoreTake
                0x08007240      0x220 ./Middlewares/Third_Party/FreeRTOS/Source/queue.o
                0x08007240                xQueueSemaphoreTake
 .text.xQueueReceiveFromISR
                0x08007460      0x104 ./Middlewares/Third_Party/FreeRTOS/Source/queue.o
                0x08007460                xQueueReceiveFromISR
 .text.vQueueDelete
                0x08007564       0x48 ./Middlewares/Third_Party/FreeRTOS/Source/queue.o
                0x08007564                vQueueDelete
 .text.prvGetDisinheritPriorityAfterTimeout
                0x080075ac       0x30 ./Middlewares/Third_Party/FreeRTOS/Source/queue.o
 .text.prvCopyDataToQueue
                0x080075dc       0xd4 ./Middlewares/Third_Party/FreeRTOS/Source/queue.o
 .text.prvCopyDataFromQueue
                0x080076b0       0x4c ./Middlewares/Third_Party/FreeRTOS/Source/queue.o
 .text.prvUnlockQueue
                0x080076fc       0xa4 ./Middlewares/Third_Party/FreeRTOS/Source/queue.o
 .text.prvIsQueueEmpty
                0x080077a0       0x2c ./Middlewares/Third_Party/FreeRTOS/Source/queue.o
 .text.prvIsQueueFull
                0x080077cc       0x30 ./Middlewares/Third_Party/FreeRTOS/Source/queue.o
 .text.vQueueAddToRegistry
                0x080077fc       0x54 ./Middlewares/Third_Party/FreeRTOS/Source/queue.o
                0x080077fc                vQueueAddToRegistry
 .text.vQueueUnregisterQueue
                0x08007850       0x54 ./Middlewares/Third_Party/FreeRTOS/Source/queue.o
                0x08007850                vQueueUnregisterQueue
 .text.vQueueWaitForMessageRestricted
                0x080078a4       0x68 ./Middlewares/Third_Party/FreeRTOS/Source/queue.o
                0x080078a4                vQueueWaitForMessageRestricted
 .text.xTaskCreateStatic
                0x0800790c       0xc0 ./Middlewares/Third_Party/FreeRTOS/Source/tasks.o
                0x0800790c                xTaskCreateStatic
 .text.xTaskCreate
                0x080079cc       0x8a ./Middlewares/Third_Party/FreeRTOS/Source/tasks.o
                0x080079cc                xTaskCreate
 .text.prvInitialiseNewTask
                0x08007a56      0x120 ./Middlewares/Third_Party/FreeRTOS/Source/tasks.o
 *fill*         0x08007b76        0x2 
 .text.prvAddNewTaskToReadyList
                0x08007b78       0xe0 ./Middlewares/Third_Party/FreeRTOS/Source/tasks.o
 .text.vTaskDelete
                0x08007c58       0xe8 ./Middlewares/Third_Party/FreeRTOS/Source/tasks.o
                0x08007c58                vTaskDelete
 .text.vTaskDelayUntil
                0x08007d40      0x100 ./Middlewares/Third_Party/FreeRTOS/Source/tasks.o
                0x08007d40                vTaskDelayUntil
 .text.vTaskDelay
                0x08007e40       0x6c ./Middlewares/Third_Party/FreeRTOS/Source/tasks.o
                0x08007e40                vTaskDelay
 .text.eTaskGetState
                0x08007eac       0xd0 ./Middlewares/Third_Party/FreeRTOS/Source/tasks.o
                0x08007eac                eTaskGetState
 .text.vTaskStartScheduler
                0x08007f7c       0xd0 ./Middlewares/Third_Party/FreeRTOS/Source/tasks.o
                0x08007f7c                vTaskStartScheduler
 .text.vTaskSuspendAll
                0x0800804c       0x1c ./Middlewares/Third_Party/FreeRTOS/Source/tasks.o
                0x0800804c                vTaskSuspendAll
 .text.xTaskResumeAll
                0x08008068      0x13c ./Middlewares/Third_Party/FreeRTOS/Source/tasks.o
                0x08008068                xTaskResumeAll
 .text.xTaskGetTickCount
                0x080081a4       0x20 ./Middlewares/Third_Party/FreeRTOS/Source/tasks.o
                0x080081a4                xTaskGetTickCount
 .text.xTaskIncrementTick
                0x080081c4      0x174 ./Middlewares/Third_Party/FreeRTOS/Source/tasks.o
                0x080081c4                xTaskIncrementTick
 .text.vTaskSwitchContext
                0x08008338       0xbc ./Middlewares/Third_Party/FreeRTOS/Source/tasks.o
                0x08008338                vTaskSwitchContext
 .text.vTaskPlaceOnEventList
                0x080083f4       0x4c ./Middlewares/Third_Party/FreeRTOS/Source/tasks.o
                0x080083f4                vTaskPlaceOnEventList
 .text.vTaskPlaceOnEventListRestricted
                0x08008440       0x58 ./Middlewares/Third_Party/FreeRTOS/Source/tasks.o
                0x08008440                vTaskPlaceOnEventListRestricted
 .text.xTaskRemoveFromEventList
                0x08008498       0xc8 ./Middlewares/Third_Party/FreeRTOS/Source/tasks.o
                0x08008498                xTaskRemoveFromEventList
 .text.vTaskInternalSetTimeOutState
                0x08008560       0x2c ./Middlewares/Third_Party/FreeRTOS/Source/tasks.o
                0x08008560                vTaskInternalSetTimeOutState
 .text.xTaskCheckForTimeOut
                0x0800858c       0xc8 ./Middlewares/Third_Party/FreeRTOS/Source/tasks.o
                0x0800858c                xTaskCheckForTimeOut
 .text.vTaskMissedYield
                0x08008654       0x18 ./Middlewares/Third_Party/FreeRTOS/Source/tasks.o
                0x08008654                vTaskMissedYield
 .text.prvIdleTask
                0x0800866c       0x30 ./Middlewares/Third_Party/FreeRTOS/Source/tasks.o
 .text.prvInitialiseTaskLists
                0x0800869c       0x80 ./Middlewares/Third_Party/FreeRTOS/Source/tasks.o
 .text.prvCheckTasksWaitingTermination
                0x0800871c       0x5c ./Middlewares/Third_Party/FreeRTOS/Source/tasks.o
 .text.prvDeleteTCB
                0x08008778       0x60 ./Middlewares/Third_Party/FreeRTOS/Source/tasks.o
 .text.prvResetNextTaskUnblockTime
                0x080087d8       0x40 ./Middlewares/Third_Party/FreeRTOS/Source/tasks.o
 .text.xTaskGetSchedulerState
                0x08008818       0x3c ./Middlewares/Third_Party/FreeRTOS/Source/tasks.o
                0x08008818                xTaskGetSchedulerState
 .text.xTaskPriorityInherit
                0x08008854       0xd0 ./Middlewares/Third_Party/FreeRTOS/Source/tasks.o
                0x08008854                xTaskPriorityInherit
 .text.xTaskPriorityDisinherit
                0x08008924       0xe0 ./Middlewares/Third_Party/FreeRTOS/Source/tasks.o
                0x08008924                xTaskPriorityDisinherit
 .text.vTaskPriorityDisinheritAfterTimeout
                0x08008a04      0x108 ./Middlewares/Third_Party/FreeRTOS/Source/tasks.o
                0x08008a04                vTaskPriorityDisinheritAfterTimeout
 .text.pvTaskIncrementMutexHeldCount
                0x08008b0c       0x28 ./Middlewares/Third_Party/FreeRTOS/Source/tasks.o
                0x08008b0c                pvTaskIncrementMutexHeldCount
 .text.prvAddCurrentTaskToDelayedList
                0x08008b34       0xa8 ./Middlewares/Third_Party/FreeRTOS/Source/tasks.o
 .text.xTimerCreateTimerTask
                0x08008bdc       0x94 ./Middlewares/Third_Party/FreeRTOS/Source/timers.o
                0x08008bdc                xTimerCreateTimerTask
 .text.xTimerGenericCommand
                0x08008c70       0x9c ./Middlewares/Third_Party/FreeRTOS/Source/timers.o
                0x08008c70                xTimerGenericCommand
 .text.prvProcessExpiredTimer
                0x08008d0c       0x9c ./Middlewares/Third_Party/FreeRTOS/Source/timers.o
 .text.prvTimerTask
                0x08008da8       0x26 ./Middlewares/Third_Party/FreeRTOS/Source/timers.o
 *fill*         0x08008dce        0x2 
 .text.prvProcessTimerOrBlockTask
                0x08008dd0       0x9c ./Middlewares/Third_Party/FreeRTOS/Source/timers.o
 .text.prvGetNextExpireTime
                0x08008e6c       0x48 ./Middlewares/Third_Party/FreeRTOS/Source/timers.o
 .text.prvSampleTimeNow
                0x08008eb4       0x40 ./Middlewares/Third_Party/FreeRTOS/Source/timers.o
 .text.prvInsertTimerInActiveList
                0x08008ef4       0x84 ./Middlewares/Third_Party/FreeRTOS/Source/timers.o
 .text.prvProcessReceivedCommands
                0x08008f78      0x1cc ./Middlewares/Third_Party/FreeRTOS/Source/timers.o
 .text.prvSwitchTimerLists
                0x08009144       0xcc ./Middlewares/Third_Party/FreeRTOS/Source/timers.o
 .text.prvCheckForValidListAndQueue
                0x08009210       0x80 ./Middlewares/Third_Party/FreeRTOS/Source/timers.o
 .text.pxPortInitialiseStack
                0x08009290       0x68 ./Middlewares/Third_Party/FreeRTOS/Source/portable/GCC/ARM_CM4F/port.o
                0x08009290                pxPortInitialiseStack
 .text.prvTaskExitError
                0x080092f8       0x5c ./Middlewares/Third_Party/FreeRTOS/Source/portable/GCC/ARM_CM4F/port.o
 *fill*         0x08009354        0xc 
 .text.SVC_Handler
                0x08009360       0x28 ./Middlewares/Third_Party/FreeRTOS/Source/portable/GCC/ARM_CM4F/port.o
                0x08009360                SVC_Handler
 .text.prvPortStartFirstTask
                0x08009388       0x28 ./Middlewares/Third_Party/FreeRTOS/Source/portable/GCC/ARM_CM4F/port.o
 .text.xPortStartScheduler
                0x080093b0      0x148 ./Middlewares/Third_Party/FreeRTOS/Source/portable/GCC/ARM_CM4F/port.o
                0x080093b0                xPortStartScheduler
 .text.vPortEnterCritical
                0x080094f8       0x64 ./Middlewares/Third_Party/FreeRTOS/Source/portable/GCC/ARM_CM4F/port.o
                0x080094f8                vPortEnterCritical
 .text.vPortExitCritical
                0x0800955c       0x54 ./Middlewares/Third_Party/FreeRTOS/Source/portable/GCC/ARM_CM4F/port.o
                0x0800955c                vPortExitCritical
 .text.PendSV_Handler
                0x080095b0       0x68 ./Middlewares/Third_Party/FreeRTOS/Source/portable/GCC/ARM_CM4F/port.o
                0x080095b0                PendSV_Handler
 .text.xPortSysTickHandler
                0x08009618       0x44 ./Middlewares/Third_Party/FreeRTOS/Source/portable/GCC/ARM_CM4F/port.o
                0x08009618                xPortSysTickHandler
 .text.vPortSetupTimerInterrupt
                0x0800965c       0x48 ./Middlewares/Third_Party/FreeRTOS/Source/portable/GCC/ARM_CM4F/port.o
                0x0800965c                vPortSetupTimerInterrupt
 .text.vPortEnableVFP
                0x080096a4       0x14 ./Middlewares/Third_Party/FreeRTOS/Source/portable/GCC/ARM_CM4F/port.o
 .text.vPortValidateInterruptPriority
                0x080096b8       0x84 ./Middlewares/Third_Party/FreeRTOS/Source/portable/GCC/ARM_CM4F/port.o
                0x080096b8                vPortValidateInterruptPriority
 .text.pvPortMalloc
                0x0800973c      0x19c ./Middlewares/Third_Party/FreeRTOS/Source/portable/MemMang/heap_4.o
                0x0800973c                pvPortMalloc
 .text.vPortFree
                0x080098d8       0xc8 ./Middlewares/Third_Party/FreeRTOS/Source/portable/MemMang/heap_4.o
                0x080098d8                vPortFree
 .text.prvHeapInit
                0x080099a0       0xc4 ./Middlewares/Third_Party/FreeRTOS/Source/portable/MemMang/heap_4.o
 .text.prvInsertBlockIntoFreeList
                0x08009a64       0xb4 ./Middlewares/Third_Party/FreeRTOS/Source/portable/MemMang/heap_4.o
 .text._ZN13CommunicationC2Ev
                0x08009b18       0x30 ./User/Src/Communication.o
                0x08009b18                Communication::Communication()
                0x08009b18                Communication::Communication()
 .text._ZN13CommunicationD2Ev
                0x08009b48       0x28 ./User/Src/Communication.o
                0x08009b48                Communication::~Communication()
                0x08009b48                Communication::~Communication()
 .text._ZN13CommunicationD0Ev
                0x08009b70       0x20 ./User/Src/Communication.o
                0x08009b70                Communication::~Communication()
 .text._ZN13Communication14ProcessCommandEPh
                0x08009b90       0x50 ./User/Src/Communication.o
                0x08009b90                Communication::ProcessCommand(unsigned char*)
 .text._ZN13Communication6SystemEPh
                0x08009be0      0x16c ./User/Src/Communication.o
                0x08009be0                Communication::System(unsigned char*)
 .text._ZN13Communication7CommandEPh
                0x08009d4c      0x51c ./User/Src/Communication.o
                0x08009d4c                Communication::Command(unsigned char*)
 .text._ZN13Communication13ConfigurationEPh
                0x0800a268      0x240 ./User/Src/Communication.o
                0x0800a268                Communication::Configuration(unsigned char*)
 .text._ZN13Communication14ToggleFirstEmgEb
                0x0800a4a8       0x5c ./User/Src/Communication.o
                0x0800a4a8                Communication::ToggleFirstEmg(bool)
 .text._ZN13Communication15ToggleSecondEmgEb
                0x0800a504       0x5c ./User/Src/Communication.o
                0x0800a504                Communication::ToggleSecondEmg(bool)
 .text._ZN13Communication14ToggleLoadCellEb
                0x0800a560       0xb4 ./User/Src/Communication.o
                0x0800a560                Communication::ToggleLoadCell(bool)
 .text._ZN13Communication16ToggleReadVolumeEb
                0x0800a614       0x74 ./User/Src/Communication.o
                0x0800a614                Communication::ToggleReadVolume(bool)
 .text._ZN13Communication14ToggleReadFlowEb
                0x0800a688       0x74 ./User/Src/Communication.o
                0x0800a688                Communication::ToggleReadFlow(bool)
 .text._ZN13Communication18ToggleReadFirstEmgEb
                0x0800a6fc       0x6c ./User/Src/Communication.o
                0x0800a6fc                Communication::ToggleReadFirstEmg(bool)
 .text._ZN13Communication19ToggleReadSecondEmgEb
                0x0800a768       0x6c ./User/Src/Communication.o
                0x0800a768                Communication::ToggleReadSecondEmg(bool)
 .text._ZN13Communication10TogglePumpEb
                0x0800a7d4       0x74 ./User/Src/Communication.o
                0x0800a7d4                Communication::TogglePump(bool)
 .text._ZN13Communication11ToggleValveEb
                0x0800a848       0x74 ./User/Src/Communication.o
                0x0800a848                Communication::ToggleValve(bool)
 .text._ZN13Communication16ToggleDataStreamEb
                0x0800a8bc       0x60 ./User/Src/Communication.o
                0x0800a8bc                Communication::ToggleDataStream(bool)
 .text._ZN13Communication9StartTestEbbbt
                0x0800a91c       0x68 ./User/Src/Communication.o
                0x0800a91c                Communication::StartTest(bool, bool, bool, unsigned short)
 .text._ZN13Communication8StopTestEt
                0x0800a984       0x58 ./User/Src/Communication.o
                0x0800a984                Communication::StopTest(unsigned short)
 .text._ZN13Communication10StartCleanEt
                0x0800a9dc       0x64 ./User/Src/Communication.o
                0x0800a9dc                Communication::StartClean(unsigned short)
 .text._ZN13Communication14ToggleSafeModeEb
                0x0800aa40       0x98 ./User/Src/Communication.o
                0x0800aa40                Communication::ToggleSafeMode(bool)
 .text._ZN13Communication15LoadcellAverageEv
                0x0800aad8       0x4c ./User/Src/Communication.o
                0x0800aad8                Communication::LoadcellAverage()
 .text._ZN13Communication25LoadcellVolumeCalibrationEt
                0x0800ab24       0x68 ./User/Src/Communication.o
                0x0800ab24                Communication::LoadcellVolumeCalibration(unsigned short)
 .text._ZN13Communication23LoadcellFlowCalibrationEt
                0x0800ab8c       0x68 ./User/Src/Communication.o
                0x0800ab8c                Communication::LoadcellFlowCalibration(unsigned short)
 .text._ZN12FlashManageraSERKS_
                0x0800abf4       0x98 ./User/Src/Communication.o
                0x0800abf4                FlashManager::operator=(FlashManager const&)
 .text._ZN13Communication15SetFlashManagerE12FlashManager
                0x0800ac8c       0x1e ./User/Src/Communication.o
                0x0800ac8c                Communication::SetFlashManager(FlashManager)
 *fill*         0x0800acaa        0x2 
 .text._ZN3EmgC2Ev
                0x0800acac       0x48 ./User/Src/Emg.o
                0x0800acac                Emg::Emg()
                0x0800acac                Emg::Emg()
 .text._ZN3EmgD2Ev
                0x0800acf4       0x20 ./User/Src/Emg.o
                0x0800acf4                Emg::~Emg()
                0x0800acf4                Emg::~Emg()
 .text._ZN3EmgD0Ev
                0x0800ad14       0x22 ./User/Src/Emg.o
                0x0800ad14                Emg::~Emg()
 *fill*         0x0800ad36        0x2 
 .text._ZN3Emg12FirstEmgReadEb
                0x0800ad38       0xf4 ./User/Src/Emg.o
                0x0800ad38                Emg::FirstEmgRead(bool)
 .text._ZN3Emg13SecondEmgReadEb
                0x0800ae2c       0xf8 ./User/Src/Emg.o
                0x0800ae2c                Emg::SecondEmgRead(bool)
 .text._ZN3Emg13FirstEmgSetupEv
                0x0800af24       0x42 ./User/Src/Emg.o
                0x0800af24                Emg::FirstEmgSetup()
 .text._ZN3Emg14SecondEmgSetupEv
                0x0800af66       0x42 ./User/Src/Emg.o
                0x0800af66                Emg::SecondEmgSetup()
 .text._ZN3Emg18FirstEmgWriteToSPIEtt
                0x0800afa8       0x5c ./User/Src/Emg.o
                0x0800afa8                Emg::FirstEmgWriteToSPI(unsigned short, unsigned short)
 .text._ZN3Emg19SecondEmgWriteToSPIEtt
                0x0800b004       0x60 ./User/Src/Emg.o
                0x0800b004                Emg::SecondEmgWriteToSPI(unsigned short, unsigned short)
 .text._ZN3Emg19FirstEmgReadFromSPIEh
                0x0800b064       0x64 ./User/Src/Emg.o
                0x0800b064                Emg::FirstEmgReadFromSPI(unsigned char)
 .text._ZN3Emg20SecondEmgReadFromSPIEh
                0x0800b0c8       0x68 ./User/Src/Emg.o
                0x0800b0c8                Emg::SecondEmgReadFromSPI(unsigned char)
 .text._ZN3Emg27FirstEmgMovingAverageFilterEm
                0x0800b130      0x160 ./User/Src/Emg.o
                0x0800b130                Emg::FirstEmgMovingAverageFilter(unsigned long)
 .text._ZN3Emg28SecondEmgMovingAverageFilterEm
                0x0800b290      0x134 ./User/Src/Emg.o
                0x0800b290                Emg::SecondEmgMovingAverageFilter(unsigned long)
 .text._ZN6FilterC2Ev
                0x0800b3c4       0x20 ./User/Src/Filter.o
                0x0800b3c4                Filter::Filter()
                0x0800b3c4                Filter::Filter()
 .text._ZN6FilterD2Ev
                0x0800b3e4       0x20 ./User/Src/Filter.o
                0x0800b3e4                Filter::~Filter()
                0x0800b3e4                Filter::~Filter()
 .text._ZN6FilterD0Ev
                0x0800b404       0x20 ./User/Src/Filter.o
                0x0800b404                Filter::~Filter()
 .text._ZN6Filter14MoovingAverageEPfS0_mmf
                0x0800b424       0xb0 ./User/Src/Filter.o
                0x0800b424                Filter::MoovingAverage(float*, float*, unsigned long, unsigned long, float)
 .text._ZN12FlashManager8ReadDataEPhhib
                0x0800b4d4       0x7e ./User/Src/FlashManager.o
                0x0800b4d4                FlashManager::ReadData(unsigned char*, unsigned char, int, bool)
 *fill*         0x0800b552        0x2 
 .text._ZN12FlashManagerC2Ev
                0x0800b554       0xa0 ./User/Src/FlashManager.o
                0x0800b554                FlashManager::FlashManager()
                0x0800b554                FlashManager::FlashManager()
 .text._ZN12FlashManagerD2Ev
                0x0800b5f4       0x20 ./User/Src/FlashManager.o
                0x0800b5f4                FlashManager::~FlashManager()
                0x0800b5f4                FlashManager::~FlashManager()
 .text._ZN12FlashManagerD0Ev
                0x0800b614       0x20 ./User/Src/FlashManager.o
                0x0800b614                FlashManager::~FlashManager()
 .text._ZN12FlashManager10BackupDataEv
                0x0800b634       0x38 ./User/Src/FlashManager.o
                0x0800b634                FlashManager::BackupData()
 .text._ZN12FlashManager9HardResetEb
                0x0800b66c       0x98 ./User/Src/FlashManager.o
                0x0800b66c                FlashManager::HardReset(bool)
 .text._ZN12FlashManager6UpdateEv
                0x0800b704       0x8c ./User/Src/FlashManager.o
                0x0800b704                FlashManager::Update()
 .text._ZN12FlashManager9WriteDataEhiPh
                0x0800b790       0x68 ./User/Src/FlashManager.o
                0x0800b790                FlashManager::WriteData(unsigned char, int, unsigned char*)
 .text._ZN12FlashManager5SetupEv
                0x0800b7f8       0x90 ./User/Src/FlashManager.o
                0x0800b7f8                FlashManager::Setup()
 .text._ZN12FlashManager7IsSetupEv
                0x0800b888       0xb4 ./User/Src/FlashManager.o
                0x0800b888                FlashManager::IsSetup()
 .text._ZN12FlashManager18WriteSendPerSecondEh
                0x0800b93c       0x94 ./User/Src/FlashManager.o
                0x0800b93c                FlashManager::WriteSendPerSecond(unsigned char)
 .text._ZN12FlashManager17ReadSendPerSecondEv
                0x0800b9d0       0xa4 ./User/Src/FlashManager.o
                0x0800b9d0                FlashManager::ReadSendPerSecond()
 .text._ZN12FlashManager22WriteFirstEmgPerSecondEh
                0x0800ba74       0x94 ./User/Src/FlashManager.o
                0x0800ba74                FlashManager::WriteFirstEmgPerSecond(unsigned char)
 .text._ZN12FlashManager21ReadFirstEmgPerSecondEv
                0x0800bb08       0xa4 ./User/Src/FlashManager.o
                0x0800bb08                FlashManager::ReadFirstEmgPerSecond()
 .text._ZN12FlashManager23WriteSecondEmgPerSecondEh
                0x0800bbac       0x94 ./User/Src/FlashManager.o
                0x0800bbac                FlashManager::WriteSecondEmgPerSecond(unsigned char)
 .text._ZN12FlashManager22ReadSecondEmgPerSecondEv
                0x0800bc40       0xa4 ./User/Src/FlashManager.o
                0x0800bc40                FlashManager::ReadSecondEmgPerSecond()
 .text._ZN12FlashManager20WriteVolumePerSecondEh
                0x0800bce4       0x94 ./User/Src/FlashManager.o
                0x0800bce4                FlashManager::WriteVolumePerSecond(unsigned char)
 .text._ZN12FlashManager19ReadVolumePerSecondEv
                0x0800bd78       0xa4 ./User/Src/FlashManager.o
                0x0800bd78                FlashManager::ReadVolumePerSecond()
 .text._ZN12FlashManager18WriteFlowPerSecondEh
                0x0800be1c       0x94 ./User/Src/FlashManager.o
                0x0800be1c                FlashManager::WriteFlowPerSecond(unsigned char)
 .text._ZN12FlashManager17ReadFlowPerSecondEv
                0x0800beb0       0xa4 ./User/Src/FlashManager.o
                0x0800beb0                FlashManager::ReadFlowPerSecond()
 .text._ZN12FlashManager19WritePumpMaxRunTimeEh
                0x0800bf54       0x94 ./User/Src/FlashManager.o
                0x0800bf54                FlashManager::WritePumpMaxRunTime(unsigned char)
 .text._ZN12FlashManager18ReadPumpMaxRunTimeEv
                0x0800bfe8       0xa4 ./User/Src/FlashManager.o
                0x0800bfe8                FlashManager::ReadPumpMaxRunTime()
 .text._ZN12FlashManager20WriteValveMaxRunTimeEh
                0x0800c08c       0x94 ./User/Src/FlashManager.o
                0x0800c08c                FlashManager::WriteValveMaxRunTime(unsigned char)
 .text._ZN12FlashManager19ReadValveMaxRunTimeEv
                0x0800c120       0xa4 ./User/Src/FlashManager.o
                0x0800c120                FlashManager::ReadValveMaxRunTime()
 .text._ZN12FlashManager13WriteFlowRateEd
                0x0800c1c4       0x84 ./User/Src/FlashManager.o
                0x0800c1c4                FlashManager::WriteFlowRate(double)
 .text._ZN12FlashManager12ReadFlowRateEv
                0x0800c248       0xb0 ./User/Src/FlashManager.o
                0x0800c248                FlashManager::ReadFlowRate()
 .text._ZN12FlashManager15WriteVolumeRateEd
                0x0800c2f8       0x84 ./User/Src/FlashManager.o
                0x0800c2f8                FlashManager::WriteVolumeRate(double)
 .text._ZN12FlashManager14ReadVolumeRateEv
                0x0800c37c       0xb0 ./User/Src/FlashManager.o
                0x0800c37c                FlashManager::ReadVolumeRate()
 .text._ZN12FlashManager18WriteVolumeAverageEm
                0x0800c42c       0x82 ./User/Src/FlashManager.o
                0x0800c42c                FlashManager::WriteVolumeAverage(unsigned long)
 .text._ZN12FlashManager17ReadVolumeAverageEv
                0x0800c4ae       0xa4 ./User/Src/FlashManager.o
                0x0800c4ae                FlashManager::ReadVolumeAverage()
 .text._ZN12FlashManager16WriteFlowAverageEm
                0x0800c552       0x82 ./User/Src/FlashManager.o
                0x0800c552                FlashManager::WriteFlowAverage(unsigned long)
 .text._ZN12FlashManager15ReadFlowAverageEv
                0x0800c5d4       0xa4 ./User/Src/FlashManager.o
                0x0800c5d4                FlashManager::ReadFlowAverage()
 .text._ZN12FlashManager17WriteFirstEmgDataEttt
                0x0800c678      0x17c ./User/Src/FlashManager.o
                0x0800c678                FlashManager::WriteFirstEmgData(unsigned short, unsigned short, unsigned short)
 .text._ZN12FlashManager19ReadFirstEmgMaxTrimEv
                0x0800c7f4       0xa6 ./User/Src/FlashManager.o
                0x0800c7f4                FlashManager::ReadFirstEmgMaxTrim()
 .text._ZN12FlashManager28ReadFirstEmgZeroPointMaxTrimEv
                0x0800c89a       0xaa ./User/Src/FlashManager.o
                0x0800c89a                FlashManager::ReadFirstEmgZeroPointMaxTrim()
 .text._ZN12FlashManager28ReadFirstEmgZeroPointMinTrimEv
                0x0800c944       0xaa ./User/Src/FlashManager.o
                0x0800c944                FlashManager::ReadFirstEmgZeroPointMinTrim()
 .text._ZN12FlashManager18WriteSecondEmgDataEttt
                0x0800c9ee      0x17c ./User/Src/FlashManager.o
                0x0800c9ee                FlashManager::WriteSecondEmgData(unsigned short, unsigned short, unsigned short)
 .text._ZN12FlashManager20ReadSecondEmgMaxTrimEv
                0x0800cb6a       0xa6 ./User/Src/FlashManager.o
                0x0800cb6a                FlashManager::ReadSecondEmgMaxTrim()
 .text._ZN12FlashManager29ReadSecondEmgZeroPointMaxTrimEv
                0x0800cc10       0xaa ./User/Src/FlashManager.o
                0x0800cc10                FlashManager::ReadSecondEmgZeroPointMaxTrim()
 .text._ZN12FlashManager29ReadSecondEmgZeroPointMinTrimEv
                0x0800ccba       0xaa ./User/Src/FlashManager.o
                0x0800ccba                FlashManager::ReadSecondEmgZeroPointMinTrim()
 .text._ZSt4ceilf
                0x0800cd64       0x20 ./User/Src/LoadCell.o
                0x0800cd64                std::ceil(float)
 .text._ZSt5floorf
                0x0800cd84       0x20 ./User/Src/LoadCell.o
                0x0800cd84                std::floor(float)
 .text._ZN18VolumeFilterStructC2Ev
                0x0800cda4       0x1e ./User/Src/LoadCell.o
                0x0800cda4                VolumeFilterStruct::VolumeFilterStruct()
                0x0800cda4                VolumeFilterStruct::VolumeFilterStruct()
 .text._ZN16FlowFilterStructC2Ev
                0x0800cdc2       0x1e ./User/Src/LoadCell.o
                0x0800cdc2                FlowFilterStruct::FlowFilterStruct()
                0x0800cdc2                FlowFilterStruct::FlowFilterStruct()
 .text._ZN8LoadCellC2Ev
                0x0800cde0       0x20 ./User/Src/LoadCell.o
                0x0800cde0                LoadCell::LoadCell()
                0x0800cde0                LoadCell::LoadCell()
 .text._ZN8LoadCellD2Ev
                0x0800ce00       0x20 ./User/Src/LoadCell.o
                0x0800ce00                LoadCell::~LoadCell()
                0x0800ce00                LoadCell::~LoadCell()
 .text._ZN8LoadCellD0Ev
                0x0800ce20       0x22 ./User/Src/LoadCell.o
                0x0800ce20                LoadCell::~LoadCell()
 .text._ZN8LoadCell5SetupEv
                0x0800ce42       0x42 ./User/Src/LoadCell.o
                0x0800ce42                LoadCell::Setup()
 .text._ZN8LoadCell17ReadVolumeAndFlowEv
                0x0800ce84      0x214 ./User/Src/LoadCell.o
                0x0800ce84                LoadCell::ReadVolumeAndFlow()
 .text._ZN8LoadCell10ReadVolumeEb
                0x0800d098      0x1dc ./User/Src/LoadCell.o
                0x0800d098                LoadCell::ReadVolume(bool)
 .text._ZN8LoadCell23CalculateRealVolumeDataEf
                0x0800d274      0x19c ./User/Src/LoadCell.o
                0x0800d274                LoadCell::CalculateRealVolumeData(float)
 .text._ZN8LoadCell8ReadFlowEb
                0x0800d410      0x1d8 ./User/Src/LoadCell.o
                0x0800d410                LoadCell::ReadFlow(bool)
 .text._ZN8LoadCell21CalculateRealFlowDataEf
                0x0800d5e8      0x16c ./User/Src/LoadCell.o
                0x0800d5e8                LoadCell::CalculateRealFlowData(float)
 .text._ZN8LoadCell11ReadFromSPIEhi
                0x0800d754       0x9c ./User/Src/LoadCell.o
                0x0800d754                LoadCell::ReadFromSPI(unsigned char, int)
 .text._ZN8LoadCell11ClearParamsEv
                0x0800d7f0       0xc4 ./User/Src/LoadCell.o
                0x0800d7f0                LoadCell::ClearParams()
 .text._ZN8LoadCell10WriteToSPIEtt
                0x0800d8b4       0x54 ./User/Src/LoadCell.o
                0x0800d8b4                LoadCell::WriteToSPI(unsigned short, unsigned short)
 .text._ZN8LoadCell26ExponantialSmoothingFilterEfff
                0x0800d908       0x50 ./User/Src/LoadCell.o
                0x0800d908                LoadCell::ExponantialSmoothingFilter(float, float, float)
 .text._ZN8LoadCell12ClearSamplesEv
                0x0800d958       0x70 ./User/Src/LoadCell.o
                0x0800d958                LoadCell::ClearSamples()
 .text._Z41__static_initialization_and_destruction_0ii
                0x0800d9c8       0x58 ./User/Src/LoadCell.o
 .text._GLOBAL__sub_I_VolumeSamples
                0x0800da20       0x10 ./User/Src/LoadCell.o
 .text._GLOBAL__sub_D_VolumeSamples
                0x0800da30       0x10 ./User/Src/LoadCell.o
 .text._ZN18SystemConfigStructC2Ev
                0x0800da40       0xec ./User/Src/SystemAdapter.o
                0x0800da40                SystemConfigStruct::SystemConfigStruct()
                0x0800da40                SystemConfigStruct::SystemConfigStruct()
 .text._ZN12FlashManagerC2ERKS_
                0x0800db2c       0xa4 ./User/Src/SystemAdapter.o
                0x0800db2c                FlashManager::FlashManager(FlashManager const&)
                0x0800db2c                FlashManager::FlashManager(FlashManager const&)
 .text.SetupOS  0x0800dbd0       0x54 ./User/Src/SystemAdapter.o
                0x0800dbd0                SetupOS
 .text._Z14UpdatePriorityv
                0x0800dc24      0x1a8 ./User/Src/SystemAdapter.o
                0x0800dc24                UpdatePriority()
 .text.StartOS  0x0800ddcc       0x2c ./User/Src/SystemAdapter.o
                0x0800ddcc                StartOS
 .text.HardReset
                0x0800ddf8       0x18 ./User/Src/SystemAdapter.o
                0x0800ddf8                HardReset
 .text.FlashInitialize
                0x0800de10      0x1ec ./User/Src/SystemAdapter.o
                0x0800de10                FlashInitialize
 .text.SuccessResult
                0x0800dffc       0x1c ./User/Src/SystemAdapter.o
                0x0800dffc                SuccessResult
 .text.SuccessDataResult
                0x0800e018       0xf6 ./User/Src/SystemAdapter.o
                0x0800e018                SuccessDataResult
 .text.ErrorResult
                0x0800e10e       0x3c ./User/Src/SystemAdapter.o
                0x0800e10e                ErrorResult
 *fill*         0x0800e14a        0x2 
 .text.StartReadUARTTask
                0x0800e14c      0x100 ./User/Src/SystemAdapter.o
                0x0800e14c                StartReadUARTTask
 .text.WriteUart
                0x0800e24c       0x54 ./User/Src/SystemAdapter.o
                0x0800e24c                WriteUart
 .text.StartSendUARTTask
                0x0800e2a0      0x878 ./User/Src/SystemAdapter.o
                0x0800e2a0                StartSendUARTTask
 .text.StartFirstEmgTask
                0x0800eb18       0x7c ./User/Src/SystemAdapter.o
                0x0800eb18                StartFirstEmgTask
 .text.StartReadFirstEmgTask
                0x0800eb94       0xec ./User/Src/SystemAdapter.o
                0x0800eb94                StartReadFirstEmgTask
 .text.StartSecondEmgTask
                0x0800ec80       0x7c ./User/Src/SystemAdapter.o
                0x0800ec80                StartSecondEmgTask
 .text.StartReadSecondEmgTask
                0x0800ecfc       0xec ./User/Src/SystemAdapter.o
                0x0800ecfc                StartReadSecondEmgTask
 .text.StartFlowTask
                0x0800ede8       0x7c ./User/Src/SystemAdapter.o
                0x0800ede8                StartFlowTask
 .text.StartReadFlowTask
                0x0800ee64       0xfc ./User/Src/SystemAdapter.o
                0x0800ee64                StartReadFlowTask
 .text.StartVolumeTask
                0x0800ef60       0x84 ./User/Src/SystemAdapter.o
                0x0800ef60                StartVolumeTask
 .text.StartReadVolumeTask
                0x0800efe4       0xfc ./User/Src/SystemAdapter.o
                0x0800efe4                StartReadVolumeTask
 .text.StartAutoClosePumpTask
                0x0800f0e0       0x34 ./User/Src/SystemAdapter.o
                0x0800f0e0                StartAutoClosePumpTask
 .text.StartAutoCloseValveTask
                0x0800f114       0x48 ./User/Src/SystemAdapter.o
                0x0800f114                StartAutoCloseValveTask
 .text.StartLoadcellAverageTask
                0x0800f15c      0x194 ./User/Src/SystemAdapter.o
                0x0800f15c                StartLoadcellAverageTask
 .text.StartCalibrationVolumeTask
                0x0800f2f0      0x1a8 ./User/Src/SystemAdapter.o
                0x0800f2f0                StartCalibrationVolumeTask
 .text.StartCalibrationFlowTask
                0x0800f498      0x19c ./User/Src/SystemAdapter.o
                0x0800f498                StartCalibrationFlowTask
 .text.StartCleanTask
                0x0800f634      0x228 ./User/Src/SystemAdapter.o
                0x0800f634                StartCleanTask
 .text.StartSafeModeTask
                0x0800f85c      0x108 ./User/Src/SystemAdapter.o
                0x0800f85c                StartSafeModeTask
 .text.ClearLoadcellParams
                0x0800f964       0x30 ./User/Src/SystemAdapter.o
                0x0800f964                ClearLoadcellParams
 .text._Z41__static_initialization_and_destruction_0ii
                0x0800f994       0x7c ./User/Src/SystemAdapter.o
 .text._GLOBAL__sub_I_sendCounter
                0x0800fa10       0x10 ./User/Src/SystemAdapter.o
 .text._GLOBAL__sub_D_sendCounter
                0x0800fa20       0x10 ./User/Src/SystemAdapter.o
 .text._ZdlPvj  0x0800fa30        0x4 C:/ST/STM32CubeIDE_1.15.0/STM32CubeIDE/plugins/com.st.stm32cube.ide.mcu.externaltools.gnu-tools-for-stm32.12.3.rel1.win32_1.0.200.202406191623/tools/bin/../lib/gcc/arm-none-eabi/12.3.1/../../../../arm-none-eabi/lib/thumb/v7e-m+fp/hard\libstdc++_nano.a(del_ops.o)
                0x0800fa30                operator delete(void*, unsigned int)
 .text._ZdlPv   0x0800fa34        0x4 C:/ST/STM32CubeIDE_1.15.0/STM32CubeIDE/plugins/com.st.stm32cube.ide.mcu.externaltools.gnu-tools-for-stm32.12.3.rel1.win32_1.0.200.202406191623/tools/bin/../lib/gcc/arm-none-eabi/12.3.1/../../../../arm-none-eabi/lib/thumb/v7e-m+fp/hard\libstdc++_nano.a(del_op.o)
                0x0800fa34                operator delete(void*)
 .text.ceilf    0x0800fa38       0x84 C:/ST/STM32CubeIDE_1.15.0/STM32CubeIDE/plugins/com.st.stm32cube.ide.mcu.externaltools.gnu-tools-for-stm32.12.3.rel1.win32_1.0.200.202406191623/tools/bin/../lib/gcc/arm-none-eabi/12.3.1/../../../../arm-none-eabi/lib/thumb/v7e-m+fp/hard\libm.a(libm_a-sf_ceil.o)
                0x0800fa38                ceilf
 .text.floorf   0x0800fabc       0x88 C:/ST/STM32CubeIDE_1.15.0/STM32CubeIDE/plugins/com.st.stm32cube.ide.mcu.externaltools.gnu-tools-for-stm32.12.3.rel1.win32_1.0.200.202406191623/tools/bin/../lib/gcc/arm-none-eabi/12.3.1/../../../../arm-none-eabi/lib/thumb/v7e-m+fp/hard\libm.a(libm_a-sf_floor.o)
                0x0800fabc                floorf
 .text.malloc   0x0800fb44       0x10 C:/ST/STM32CubeIDE_1.15.0/STM32CubeIDE/plugins/com.st.stm32cube.ide.mcu.externaltools.gnu-tools-for-stm32.12.3.rel1.win32_1.0.200.202406191623/tools/bin/../lib/gcc/arm-none-eabi/12.3.1/../../../../arm-none-eabi/lib/thumb/v7e-m+fp/hard\libc_nano.a(libc_a-malloc.o)
                0x0800fb44                malloc
 .text.free     0x0800fb54       0x10 C:/ST/STM32CubeIDE_1.15.0/STM32CubeIDE/plugins/com.st.stm32cube.ide.mcu.externaltools.gnu-tools-for-stm32.12.3.rel1.win32_1.0.200.202406191623/tools/bin/../lib/gcc/arm-none-eabi/12.3.1/../../../../arm-none-eabi/lib/thumb/v7e-m+fp/hard\libc_nano.a(libc_a-malloc.o)
                0x0800fb54                free
 .text.sbrk_aligned
                0x0800fb64       0x44 C:/ST/STM32CubeIDE_1.15.0/STM32CubeIDE/plugins/com.st.stm32cube.ide.mcu.externaltools.gnu-tools-for-stm32.12.3.rel1.win32_1.0.200.202406191623/tools/bin/../lib/gcc/arm-none-eabi/12.3.1/../../../../arm-none-eabi/lib/thumb/v7e-m+fp/hard\libc_nano.a(libc_a-mallocr.o)
 .text._malloc_r
                0x0800fba8      0x100 C:/ST/STM32CubeIDE_1.15.0/STM32CubeIDE/plugins/com.st.stm32cube.ide.mcu.externaltools.gnu-tools-for-stm32.12.3.rel1.win32_1.0.200.202406191623/tools/bin/../lib/gcc/arm-none-eabi/12.3.1/../../../../arm-none-eabi/lib/thumb/v7e-m+fp/hard\libc_nano.a(libc_a-mallocr.o)
                0x0800fba8                _malloc_r
 .text.__malloc_lock
                0x0800fca8        0xc C:/ST/STM32CubeIDE_1.15.0/STM32CubeIDE/plugins/com.st.stm32cube.ide.mcu.externaltools.gnu-tools-for-stm32.12.3.rel1.win32_1.0.200.202406191623/tools/bin/../lib/gcc/arm-none-eabi/12.3.1/../../../../arm-none-eabi/lib/thumb/v7e-m+fp/hard\libc_nano.a(libc_a-mlock.o)
                0x0800fca8                __malloc_lock
 .text.__malloc_unlock
                0x0800fcb4        0xc C:/ST/STM32CubeIDE_1.15.0/STM32CubeIDE/plugins/com.st.stm32cube.ide.mcu.externaltools.gnu-tools-for-stm32.12.3.rel1.win32_1.0.200.202406191623/tools/bin/../lib/gcc/arm-none-eabi/12.3.1/../../../../arm-none-eabi/lib/thumb/v7e-m+fp/hard\libc_nano.a(libc_a-mlock.o)
                0x0800fcb4                __malloc_unlock
 .text.rand     0x0800fcc0       0x7c C:/ST/STM32CubeIDE_1.15.0/STM32CubeIDE/plugins/com.st.stm32cube.ide.mcu.externaltools.gnu-tools-for-stm32.12.3.rel1.win32_1.0.200.202406191623/tools/bin/../lib/gcc/arm-none-eabi/12.3.1/../../../../arm-none-eabi/lib/thumb/v7e-m+fp/hard\libc_nano.a(libc_a-rand.o)
                0x0800fcc0                rand
 .text.std      0x0800fd3c       0x6c C:/ST/STM32CubeIDE_1.15.0/STM32CubeIDE/plugins/com.st.stm32cube.ide.mcu.externaltools.gnu-tools-for-stm32.12.3.rel1.win32_1.0.200.202406191623/tools/bin/../lib/gcc/arm-none-eabi/12.3.1/../../../../arm-none-eabi/lib/thumb/v7e-m+fp/hard\libc_nano.a(libc_a-findfp.o)
 .text.stdio_exit_handler
                0x0800fda8       0x18 C:/ST/STM32CubeIDE_1.15.0/STM32CubeIDE/plugins/com.st.stm32cube.ide.mcu.externaltools.gnu-tools-for-stm32.12.3.rel1.win32_1.0.200.202406191623/tools/bin/../lib/gcc/arm-none-eabi/12.3.1/../../../../arm-none-eabi/lib/thumb/v7e-m+fp/hard\libc_nano.a(libc_a-findfp.o)
 .text.cleanup_stdio
                0x0800fdc0       0x40 C:/ST/STM32CubeIDE_1.15.0/STM32CubeIDE/plugins/com.st.stm32cube.ide.mcu.externaltools.gnu-tools-for-stm32.12.3.rel1.win32_1.0.200.202406191623/tools/bin/../lib/gcc/arm-none-eabi/12.3.1/../../../../arm-none-eabi/lib/thumb/v7e-m+fp/hard\libc_nano.a(libc_a-findfp.o)
 .text.global_stdio_init.part.0
                0x0800fe00       0x3c C:/ST/STM32CubeIDE_1.15.0/STM32CubeIDE/plugins/com.st.stm32cube.ide.mcu.externaltools.gnu-tools-for-stm32.12.3.rel1.win32_1.0.200.202406191623/tools/bin/../lib/gcc/arm-none-eabi/12.3.1/../../../../arm-none-eabi/lib/thumb/v7e-m+fp/hard\libc_nano.a(libc_a-findfp.o)
 .text.__sfp_lock_acquire
                0x0800fe3c        0xc C:/ST/STM32CubeIDE_1.15.0/STM32CubeIDE/plugins/com.st.stm32cube.ide.mcu.externaltools.gnu-tools-for-stm32.12.3.rel1.win32_1.0.200.202406191623/tools/bin/../lib/gcc/arm-none-eabi/12.3.1/../../../../arm-none-eabi/lib/thumb/v7e-m+fp/hard\libc_nano.a(libc_a-findfp.o)
                0x0800fe3c                __sfp_lock_acquire
 .text.__sfp_lock_release
                0x0800fe48        0xc C:/ST/STM32CubeIDE_1.15.0/STM32CubeIDE/plugins/com.st.stm32cube.ide.mcu.externaltools.gnu-tools-for-stm32.12.3.rel1.win32_1.0.200.202406191623/tools/bin/../lib/gcc/arm-none-eabi/12.3.1/../../../../arm-none-eabi/lib/thumb/v7e-m+fp/hard\libc_nano.a(libc_a-findfp.o)
                0x0800fe48                __sfp_lock_release
 .text.__sinit  0x0800fe54       0x30 C:/ST/STM32CubeIDE_1.15.0/STM32CubeIDE/plugins/com.st.stm32cube.ide.mcu.externaltools.gnu-tools-for-stm32.12.3.rel1.win32_1.0.200.202406191623/tools/bin/../lib/gcc/arm-none-eabi/12.3.1/../../../../arm-none-eabi/lib/thumb/v7e-m+fp/hard\libc_nano.a(libc_a-findfp.o)
                0x0800fe54                __sinit
 .text._fwalk_sglue
                0x0800fe84       0x3c C:/ST/STM32CubeIDE_1.15.0/STM32CubeIDE/plugins/com.st.stm32cube.ide.mcu.externaltools.gnu-tools-for-stm32.12.3.rel1.win32_1.0.200.202406191623/tools/bin/../lib/gcc/arm-none-eabi/12.3.1/../../../../arm-none-eabi/lib/thumb/v7e-m+fp/hard\libc_nano.a(libc_a-fwalk.o)
                0x0800fe84                _fwalk_sglue
 .text.__sread  0x0800fec0       0x22 C:/ST/STM32CubeIDE_1.15.0/STM32CubeIDE/plugins/com.st.stm32cube.ide.mcu.externaltools.gnu-tools-for-stm32.12.3.rel1.win32_1.0.200.202406191623/tools/bin/../lib/gcc/arm-none-eabi/12.3.1/../../../../arm-none-eabi/lib/thumb/v7e-m+fp/hard\libc_nano.a(libc_a-stdio.o)
                0x0800fec0                __sread
 .text.__swrite
                0x0800fee2       0x38 C:/ST/STM32CubeIDE_1.15.0/STM32CubeIDE/plugins/com.st.stm32cube.ide.mcu.externaltools.gnu-tools-for-stm32.12.3.rel1.win32_1.0.200.202406191623/tools/bin/../lib/gcc/arm-none-eabi/12.3.1/../../../../arm-none-eabi/lib/thumb/v7e-m+fp/hard\libc_nano.a(libc_a-stdio.o)
                0x0800fee2                __swrite
 .text.__sseek  0x0800ff1a       0x24 C:/ST/STM32CubeIDE_1.15.0/STM32CubeIDE/plugins/com.st.stm32cube.ide.mcu.externaltools.gnu-tools-for-stm32.12.3.rel1.win32_1.0.200.202406191623/tools/bin/../lib/gcc/arm-none-eabi/12.3.1/../../../../arm-none-eabi/lib/thumb/v7e-m+fp/hard\libc_nano.a(libc_a-stdio.o)
                0x0800ff1a                __sseek
 .text.__sclose
                0x0800ff3e        0x8 C:/ST/STM32CubeIDE_1.15.0/STM32CubeIDE/plugins/com.st.stm32cube.ide.mcu.externaltools.gnu-tools-for-stm32.12.3.rel1.win32_1.0.200.202406191623/tools/bin/../lib/gcc/arm-none-eabi/12.3.1/../../../../arm-none-eabi/lib/thumb/v7e-m+fp/hard\libc_nano.a(libc_a-stdio.o)
                0x0800ff3e                __sclose
 .text.memset   0x0800ff46       0x10 C:/ST/STM32CubeIDE_1.15.0/STM32CubeIDE/plugins/com.st.stm32cube.ide.mcu.externaltools.gnu-tools-for-stm32.12.3.rel1.win32_1.0.200.202406191623/tools/bin/../lib/gcc/arm-none-eabi/12.3.1/../../../../arm-none-eabi/lib/thumb/v7e-m+fp/hard\libc_nano.a(libc_a-memset.o)
                0x0800ff46                memset
 *fill*         0x0800ff56        0x2 
 .text._close_r
                0x0800ff58       0x20 C:/ST/STM32CubeIDE_1.15.0/STM32CubeIDE/plugins/com.st.stm32cube.ide.mcu.externaltools.gnu-tools-for-stm32.12.3.rel1.win32_1.0.200.202406191623/tools/bin/../lib/gcc/arm-none-eabi/12.3.1/../../../../arm-none-eabi/lib/thumb/v7e-m+fp/hard\libc_nano.a(libc_a-closer.o)
                0x0800ff58                _close_r
 .text._lseek_r
                0x0800ff78       0x24 C:/ST/STM32CubeIDE_1.15.0/STM32CubeIDE/plugins/com.st.stm32cube.ide.mcu.externaltools.gnu-tools-for-stm32.12.3.rel1.win32_1.0.200.202406191623/tools/bin/../lib/gcc/arm-none-eabi/12.3.1/../../../../arm-none-eabi/lib/thumb/v7e-m+fp/hard\libc_nano.a(libc_a-lseekr.o)
                0x0800ff78                _lseek_r
 .text._read_r  0x0800ff9c       0x24 C:/ST/STM32CubeIDE_1.15.0/STM32CubeIDE/plugins/com.st.stm32cube.ide.mcu.externaltools.gnu-tools-for-stm32.12.3.rel1.win32_1.0.200.202406191623/tools/bin/../lib/gcc/arm-none-eabi/12.3.1/../../../../arm-none-eabi/lib/thumb/v7e-m+fp/hard\libc_nano.a(libc_a-readr.o)
                0x0800ff9c                _read_r
 .text._sbrk_r  0x0800ffc0       0x20 C:/ST/STM32CubeIDE_1.15.0/STM32CubeIDE/plugins/com.st.stm32cube.ide.mcu.externaltools.gnu-tools-for-stm32.12.3.rel1.win32_1.0.200.202406191623/tools/bin/../lib/gcc/arm-none-eabi/12.3.1/../../../../arm-none-eabi/lib/thumb/v7e-m+fp/hard\libc_nano.a(libc_a-sbrkr.o)
                0x0800ffc0                _sbrk_r
 .text._write_r
                0x0800ffe0       0x24 C:/ST/STM32CubeIDE_1.15.0/STM32CubeIDE/plugins/com.st.stm32cube.ide.mcu.externaltools.gnu-tools-for-stm32.12.3.rel1.win32_1.0.200.202406191623/tools/bin/../lib/gcc/arm-none-eabi/12.3.1/../../../../arm-none-eabi/lib/thumb/v7e-m+fp/hard\libc_nano.a(libc_a-writer.o)
                0x0800ffe0                _write_r
 .text.__errno  0x08010004        0xc C:/ST/STM32CubeIDE_1.15.0/STM32CubeIDE/plugins/com.st.stm32cube.ide.mcu.externaltools.gnu-tools-for-stm32.12.3.rel1.win32_1.0.200.202406191623/tools/bin/../lib/gcc/arm-none-eabi/12.3.1/../../../../arm-none-eabi/lib/thumb/v7e-m+fp/hard\libc_nano.a(libc_a-errno.o)
                0x08010004                __errno
 .text.__libc_init_array
                0x08010010       0x48 C:/ST/STM32CubeIDE_1.15.0/STM32CubeIDE/plugins/com.st.stm32cube.ide.mcu.externaltools.gnu-tools-for-stm32.12.3.rel1.win32_1.0.200.202406191623/tools/bin/../lib/gcc/arm-none-eabi/12.3.1/../../../../arm-none-eabi/lib/thumb/v7e-m+fp/hard\libc_nano.a(libc_a-init.o)
                0x08010010                __libc_init_array
 .text.__retarget_lock_init_recursive
                0x08010058        0x2 C:/ST/STM32CubeIDE_1.15.0/STM32CubeIDE/plugins/com.st.stm32cube.ide.mcu.externaltools.gnu-tools-for-stm32.12.3.rel1.win32_1.0.200.202406191623/tools/bin/../lib/gcc/arm-none-eabi/12.3.1/../../../../arm-none-eabi/lib/thumb/v7e-m+fp/hard\libc_nano.a(libc_a-lock.o)
                0x08010058                __retarget_lock_init_recursive
 .text.__retarget_lock_acquire_recursive
                0x0801005a        0x2 C:/ST/STM32CubeIDE_1.15.0/STM32CubeIDE/plugins/com.st.stm32cube.ide.mcu.externaltools.gnu-tools-for-stm32.12.3.rel1.win32_1.0.200.202406191623/tools/bin/../lib/gcc/arm-none-eabi/12.3.1/../../../../arm-none-eabi/lib/thumb/v7e-m+fp/hard\libc_nano.a(libc_a-lock.o)
                0x0801005a                __retarget_lock_acquire_recursive
 .text.__retarget_lock_release_recursive
                0x0801005c        0x2 C:/ST/STM32CubeIDE_1.15.0/STM32CubeIDE/plugins/com.st.stm32cube.ide.mcu.externaltools.gnu-tools-for-stm32.12.3.rel1.win32_1.0.200.202406191623/tools/bin/../lib/gcc/arm-none-eabi/12.3.1/../../../../arm-none-eabi/lib/thumb/v7e-m+fp/hard\libc_nano.a(libc_a-lock.o)
                0x0801005c                __retarget_lock_release_recursive
 .text.memcpy   0x0801005e       0x1c C:/ST/STM32CubeIDE_1.15.0/STM32CubeIDE/plugins/com.st.stm32cube.ide.mcu.externaltools.gnu-tools-for-stm32.12.3.rel1.win32_1.0.200.202406191623/tools/bin/../lib/gcc/arm-none-eabi/12.3.1/../../../../arm-none-eabi/lib/thumb/v7e-m+fp/hard\libc_nano.a(libc_a-memcpy-stub.o)
                0x0801005e                memcpy
 *fill*         0x0801007a        0x2 
 .text.__assert_func
                0x0801007c       0x3c C:/ST/STM32CubeIDE_1.15.0/STM32CubeIDE/plugins/com.st.stm32cube.ide.mcu.externaltools.gnu-tools-for-stm32.12.3.rel1.win32_1.0.200.202406191623/tools/bin/../lib/gcc/arm-none-eabi/12.3.1/../../../../arm-none-eabi/lib/thumb/v7e-m+fp/hard\libc_nano.a(libc_a-assert.o)
                0x0801007c                __assert_func
 .text._free_r  0x080100b8       0x94 C:/ST/STM32CubeIDE_1.15.0/STM32CubeIDE/plugins/com.st.stm32cube.ide.mcu.externaltools.gnu-tools-for-stm32.12.3.rel1.win32_1.0.200.202406191623/tools/bin/../lib/gcc/arm-none-eabi/12.3.1/../../../../arm-none-eabi/lib/thumb/v7e-m+fp/hard\libc_nano.a(libc_a-freer.o)
                0x080100b8                _free_r
 .text.__sflush_r
                0x0801014c      0x108 C:/ST/STM32CubeIDE_1.15.0/STM32CubeIDE/plugins/com.st.stm32cube.ide.mcu.externaltools.gnu-tools-for-stm32.12.3.rel1.win32_1.0.200.202406191623/tools/bin/../lib/gcc/arm-none-eabi/12.3.1/../../../../arm-none-eabi/lib/thumb/v7e-m+fp/hard\libc_nano.a(libc_a-fflush.o)
                0x0801014c                __sflush_r
 .text._fflush_r
                0x08010254       0x50 C:/ST/STM32CubeIDE_1.15.0/STM32CubeIDE/plugins/com.st.stm32cube.ide.mcu.externaltools.gnu-tools-for-stm32.12.3.rel1.win32_1.0.200.202406191623/tools/bin/../lib/gcc/arm-none-eabi/12.3.1/../../../../arm-none-eabi/lib/thumb/v7e-m+fp/hard\libc_nano.a(libc_a-fflush.o)
                0x08010254                _fflush_r
 .text.fprintf  0x080102a4       0x24 C:/ST/STM32CubeIDE_1.15.0/STM32CubeIDE/plugins/com.st.stm32cube.ide.mcu.externaltools.gnu-tools-for-stm32.12.3.rel1.win32_1.0.200.202406191623/tools/bin/../lib/gcc/arm-none-eabi/12.3.1/../../../../arm-none-eabi/lib/thumb/v7e-m+fp/hard\libc_nano.a(libc_a-fprintf.o)
                0x080102a4                fiprintf
                0x080102a4                fprintf
 .text.abort    0x080102c8        0xe C:/ST/STM32CubeIDE_1.15.0/STM32CubeIDE/plugins/com.st.stm32cube.ide.mcu.externaltools.gnu-tools-for-stm32.12.3.rel1.win32_1.0.200.202406191623/tools/bin/../lib/gcc/arm-none-eabi/12.3.1/../../../../arm-none-eabi/lib/thumb/v7e-m+fp/hard\libc_nano.a(libc_a-abort.o)
                0x080102c8                abort
 .text.__sfputc_r
                0x080102d6       0x2e C:/ST/STM32CubeIDE_1.15.0/STM32CubeIDE/plugins/com.st.stm32cube.ide.mcu.externaltools.gnu-tools-for-stm32.12.3.rel1.win32_1.0.200.202406191623/tools/bin/../lib/gcc/arm-none-eabi/12.3.1/../../../../arm-none-eabi/lib/thumb/v7e-m+fp/hard\libc_nano.a(libc_a-nano-vfprintf.o)
 .text.__sfputs_r
                0x08010304       0x24 C:/ST/STM32CubeIDE_1.15.0/STM32CubeIDE/plugins/com.st.stm32cube.ide.mcu.externaltools.gnu-tools-for-stm32.12.3.rel1.win32_1.0.200.202406191623/tools/bin/../lib/gcc/arm-none-eabi/12.3.1/../../../../arm-none-eabi/lib/thumb/v7e-m+fp/hard\libc_nano.a(libc_a-nano-vfprintf.o)
                0x08010304                __sfputs_r
 .text._vfprintf_r
                0x08010328      0x230 C:/ST/STM32CubeIDE_1.15.0/STM32CubeIDE/plugins/com.st.stm32cube.ide.mcu.externaltools.gnu-tools-for-stm32.12.3.rel1.win32_1.0.200.202406191623/tools/bin/../lib/gcc/arm-none-eabi/12.3.1/../../../../arm-none-eabi/lib/thumb/v7e-m+fp/hard\libc_nano.a(libc_a-nano-vfprintf.o)
                0x08010328                _vfprintf_r
                0x08010328                _vfiprintf_r
 .text._printf_common