../User/Src/Communication.cpp:10:1:Communication::Communication()	16	static
../User/Src/Communication.cpp:16:1:Communication::~Communication()	16	static
../User/Src/Communication.cpp:16:1:virtual Communication::~Communication()	16	static
../User/Src/Communication.cpp:20:6:void Communication::ProcessCommand(uint8_t*)	16	static
../User/Src/Communication.cpp:36:6:void Communication::System(uint8_t*)	32	static
../User/Src/Communication.cpp:87:6:void Communication::Command(uint8_t*)	32	static
../User/Src/Communication.cpp:270:6:void Communication::Configuration(uint8_t*)	24	static
../User/Src/Communication.cpp:359:6:void Communication::ToggleFirstEmg(bool)	16	static
../User/Src/Communication.cpp:369:6:void Communication::ToggleSecondEmg(bool)	16	static
../User/Src/Communication.cpp:379:6:void Communication::ToggleLoadCell(bool)	16	static
../User/Src/Communication.cpp:399:6:void Communication::ToggleReadVolume(bool)	16	static
../User/Src/Communication.cpp:415:6:void Communication::ToggleReadFlow(bool)	16	static
../User/Src/Communication.cpp:431:6:void Communication::ToggleReadFirstEmg(bool)	16	static
../User/Src/Communication.cpp:445:6:void Communication::ToggleReadSecondEmg(bool)	16	static
../User/Src/Communication.cpp:459:6:void Communication::TogglePump(bool)	16	static
../User/Src/Communication.cpp:473:6:void Communication::ToggleValve(bool)	16	static
../User/Src/Communication.cpp:485:6:void Communication::ToggleDataStream(bool)	16	static
../User/Src/Communication.cpp:499:6:void Communication::StartTest(bool, bool, bool, uint16_t, uint8_t)	16	static
../User/Src/Communication.cpp:512:6:void Communication::StopTest(uint16_t)	16	static
../User/Src/Communication.cpp:526:6:void Communication::StartClean(uint16_t)	16	static
../User/Src/Communication.cpp:540:6:void Communication::ToggleSafeMode(bool)	16	static
../User/Src/Communication.cpp:561:6:void Communication::LoadcellAverage()	16	static
../User/Src/Communication.cpp:571:6:void Communication::LoadcellVolumeCalibration(uint16_t)	16	static
../User/Src/Communication.cpp:583:6:void Communication::LoadcellFlowCalibration(uint16_t)	16	static
../User/Src/../Inc/FlashManager.h:16:7:constexpr FlashManager& FlashManager::operator=(const FlashManager&)	16	static
../User/Src/Communication.cpp:595:6:void Communication::SetFlashManager(FlashManager)	16	static
