../User/Src/../Inc/FlashManager.h:58:7:void FlashManager::ReadData(uint8_t*, uint8_t, int, bool)	32	static
../User/Src/FlashManager.cpp:10:1:FlashManager::FlashManager()	16	static
../User/Src/FlashManager.cpp:16:1:FlashManager::~FlashManager()	16	static
../User/Src/FlashManager.cpp:16:1:virtual FlashManager::~FlashManager()	16	static
../User/Src/FlashManager.cpp:19:6:void FlashManager::BackupData()	24	static
../User/Src/FlashManager.cpp:23:13:FlashStatus FlashManager::HardReset(bool)	64	static
../User/Src/FlashManager.cpp:52:13:FlashStatus FlashManager::Update()	32	static
../User/Src/FlashManager.cpp:68:13:FlashStatus FlashManager::WriteData(uint8_t, int, uint8_t*)	32	static
../User/Src/FlashManager.cpp:78:6:void FlashManager::Setup()	56	dynamic
../User/Src/FlashManager.cpp:83:6:bool FlashManager::IsSetup()	64	dynamic
../User/Src/FlashManager.cpp:92:6:void FlashManager::WriteSendPerSecond(uint8_t)	56	dynamic
../User/Src/FlashManager.cpp:97:9:uint8_t FlashManager::ReadSendPerSecond()	64	dynamic
../User/Src/FlashManager.cpp:105:6:void FlashManager::WriteFirstEmgPerSecond(uint8_t)	56	dynamic
../User/Src/FlashManager.cpp:110:9:uint8_t FlashManager::ReadFirstEmgPerSecond()	64	dynamic
../User/Src/FlashManager.cpp:118:6:void FlashManager::WriteSecondEmgPerSecond(uint8_t)	56	dynamic
../User/Src/FlashManager.cpp:123:9:uint8_t FlashManager::ReadSecondEmgPerSecond()	64	dynamic
../User/Src/FlashManager.cpp:131:6:void FlashManager::WriteVolumePerSecond(uint8_t)	56	dynamic
../User/Src/FlashManager.cpp:136:9:uint8_t FlashManager::ReadVolumePerSecond()	64	dynamic
../User/Src/FlashManager.cpp:144:6:void FlashManager::WriteFlowPerSecond(uint8_t)	56	dynamic
../User/Src/FlashManager.cpp:149:9:uint8_t FlashManager::ReadFlowPerSecond()	64	dynamic
../User/Src/FlashManager.cpp:157:6:void FlashManager::WritePumpMaxRunTime(uint8_t)	56	dynamic
../User/Src/FlashManager.cpp:162:9:uint8_t FlashManager::ReadPumpMaxRunTime()	64	dynamic
../User/Src/FlashManager.cpp:170:6:void FlashManager::WriteValveMaxRunTime(uint8_t)	56	dynamic
../User/Src/FlashManager.cpp:175:9:uint8_t FlashManager::ReadValveMaxRunTime()	64	dynamic
../User/Src/FlashManager.cpp:183:6:void FlashManager::WriteFlowRate(double_t)	64	dynamic
../User/Src/FlashManager.cpp:189:10:double_t FlashManager::ReadFlowRate()	72	dynamic
../User/Src/FlashManager.cpp:198:6:void FlashManager::WriteVolumeRate(double_t)	64	dynamic
../User/Src/FlashManager.cpp:204:10:double_t FlashManager::ReadVolumeRate()	72	dynamic
../User/Src/FlashManager.cpp:213:6:void FlashManager::WriteVolumeAverage(uint32_t)	56	dynamic
../User/Src/FlashManager.cpp:219:10:uint32_t FlashManager::ReadVolumeAverage()	64	dynamic
../User/Src/FlashManager.cpp:227:6:void FlashManager::WriteFlowAverage(uint32_t)	56	dynamic
../User/Src/FlashManager.cpp:233:10:uint32_t FlashManager::ReadFlowAverage()	64	dynamic
../User/Src/FlashManager.cpp:241:6:void FlashManager::WriteFirstEmgData(uint16_t, uint16_t, uint16_t)	112	dynamic
../User/Src/FlashManager.cpp:253:10:uint16_t FlashManager::ReadFirstEmgMaxTrim()	64	dynamic
../User/Src/FlashManager.cpp:261:10:uint16_t FlashManager::ReadFirstEmgZeroPointMaxTrim()	64	dynamic
../User/Src/FlashManager.cpp:269:10:uint16_t FlashManager::ReadFirstEmgZeroPointMinTrim()	64	dynamic
../User/Src/FlashManager.cpp:278:6:void FlashManager::WriteSecondEmgData(uint16_t, uint16_t, uint16_t)	112	dynamic
../User/Src/FlashManager.cpp:290:10:uint16_t FlashManager::ReadSecondEmgMaxTrim()	64	dynamic
../User/Src/FlashManager.cpp:298:10:uint16_t FlashManager::ReadSecondEmgZeroPointMaxTrim()	64	dynamic
../User/Src/FlashManager.cpp:306:10:uint16_t FlashManager::ReadSecondEmgZeroPointMinTrim()	64	dynamic
