C:\ST\STM32CubeIDE_1.15.0\STM32CubeIDE\plugins\com.st.stm32cube.ide.mcu.externaltools.gnu-tools-for-stm32.13.3.rel1.win32_1.0.0.202411081344\tools\bin/../lib/gcc/arm-none-eabi/13.3.1/../../../../arm-none-eabi/include/c++/13.3.1/cmath:158:3:constexpr float std::ceil(float)	16	static
C:\ST\STM32CubeIDE_1.15.0\STM32CubeIDE\plugins\com.st.stm32cube.ide.mcu.externaltools.gnu-tools-for-stm32.13.3.rel1.win32_1.0.0.202411081344\tools\bin/../lib/gcc/arm-none-eabi/13.3.1/../../../../arm-none-eabi/include/c++/13.3.1/cmath:253:3:constexpr float std::floor(float)	16	static
../User/Src/../Inc/LoadCell.h:33:3:VolumeFilterStruct::VolumeFilterStruct()	16	static
../User/Src/../Inc/LoadCell.h:44:3:FlowFilterStruct::FlowFilterStruct()	16	static
../User/Src/LoadCell.cpp:34:1:LoadCell::LoadCell()	16	static
../User/Src/LoadCell.cpp:39:1:LoadCell::~LoadCell()	16	static
../User/Src/LoadCell.cpp:39:1:virtual LoadCell::~LoadCell()	16	static
../User/Src/LoadCell.cpp:43:6:void LoadCell::Setup()	16	static
../User/Src/LoadCell.cpp:50:6:void LoadCell::ReadVolumeAndFlow()	56	static
../User/Src/LoadCell.cpp:92:6:void LoadCell::ReadVolume(bool)	40	static
../User/Src/LoadCell.cpp:126:11:float32_t LoadCell::CalculateRealVolumeData(float32_t)	48	static
../User/Src/LoadCell.cpp:164:6:void LoadCell::ReadFlow(bool)	48	static
../User/Src/LoadCell.cpp:204:11:float32_t LoadCell::CalculateRealFlowData(float32_t)	48	static
../User/Src/LoadCell.cpp:235:6:void LoadCell::ReadFromSPI(uint8_t, int)	24	static
../User/Src/LoadCell.cpp:253:6:void LoadCell::ClearParams()	24	static
../User/Src/LoadCell.cpp:272:6:void LoadCell::WriteToSPI(uint16_t, uint16_t)	24	static
../User/Src/LoadCell.cpp:282:11:float32_t LoadCell::VolumeMovingAverageFilter(float32_t)	32	static
../User/Src/LoadCell.cpp:297:11:float32_t LoadCell::FlowMovingAverageFilter(float32_t)	32	static
../User/Src/LoadCell.cpp:313:11:float32_t LoadCell::ExponantialSmoothingFilter(float32_t, float32_t, float32_t)	32	static
../User/Src/LoadCell.cpp:317:6:void LoadCell::ClearSamples()	24	static
../User/Src/LoadCell.cpp:327:1:void __static_initialization_and_destruction_0()	8	static
../User/Src/LoadCell.cpp:327:1:void __static_initialization_and_destruction_1()	8	static
../User/Src/LoadCell.cpp:327:1:cpp)	8	static
../User/Src/LoadCell.cpp:327:1:cpp)	8	static
