C:\ST\STM32CubeIDE_1.13.2\STM32CubeIDE\plugins\com.st.stm32cube.ide.mcu.externaltools.gnu-tools-for-stm32.12.3.rel1.win32_1.1.0.202410251130\tools\bin/../lib/gcc/arm-none-eabi/12.3.1/../../../../arm-none-eabi/include/c++/12.3.1/cmath:165:3:constexpr float std::ceil(float)	16	static
C:\ST\STM32CubeIDE_1.13.2\STM32CubeIDE\plugins\com.st.stm32cube.ide.mcu.externaltools.gnu-tools-for-stm32.12.3.rel1.win32_1.1.0.202410251130\tools\bin/../lib/gcc/arm-none-eabi/12.3.1/../../../../arm-none-eabi/include/c++/12.3.1/cmath:260:3:constexpr float std::floor(float)	16	static
../User/Src/../Inc/LoadCell.h:33:3:VolumeFilterStruct::VolumeFilterStruct()	16	static
../User/Src/../Inc/LoadCell.h:44:3:FlowFilterStruct::FlowFilterStruct()	16	static
../User/Src/LoadCell.cpp:34:1:LoadCell::LoadCell()	16	static
../User/Src/LoadCell.cpp:39:1:LoadCell::~LoadCell()	16	static
../User/Src/LoadCell.cpp:39:1:virtual LoadCell::~LoadCell()	16	static
../User/Src/LoadCell.cpp:43:6:void LoadCell::Setup()	16	static
../User/Src/LoadCell.cpp:50:6:void LoadCell::ReadVolumeAndFlow()	48	static
../User/Src/LoadCell.cpp:92:6:void LoadCell::ReadVolume(bool)	40	static
../User/Src/LoadCell.cpp:131:11:float32_t LoadCell::CalculateRealVolumeData(float32_t)	48	static
../User/Src/LoadCell.cpp:169:6:void LoadCell::ReadFlow(bool)	48	static
../User/Src/LoadCell.cpp:212:11:float32_t LoadCell::CalculateRealFlowData(float32_t)	48	static
../User/Src/LoadCell.cpp:243:6:void LoadCell::ReadFromSPI(uint8_t, int)	24	static
../User/Src/LoadCell.cpp:261:6:void LoadCell::ClearParams()	24	static
../User/Src/LoadCell.cpp:280:6:void LoadCell::WriteToSPI(uint16_t, uint16_t)	24	static
../User/Src/LoadCell.cpp:290:11:float32_t LoadCell::VolumeMovingAverageFilter(float32_t)	32	static
../User/Src/LoadCell.cpp:305:11:float32_t LoadCell::FlowMovingAverageFilter(float32_t)	32	static
../User/Src/LoadCell.cpp:321:11:float32_t LoadCell::ExponantialSmoothingFilter(float32_t, float32_t, float32_t)	32	static
../User/Src/LoadCell.cpp:325:6:void LoadCell::ClearSamples()	24	static
../User/Src/LoadCell.cpp:335:1:void __static_initialization_and_destruction_0(int, int)	16	static
../User/Src/LoadCell.cpp:335:1:cpp)	8	static
../User/Src/LoadCell.cpp:335:1:cpp)	8	static
