../User/Src/../Inc/GeneralHeaders.h:273:3:SystemConfigStruct::SystemConfigStruct()	16	static
../User/Src/../Inc/FlashManager.h:16:7:constexpr FlashManager::FlashManager(const FlashManager&)	16	static
../User/Src/SystemAdapter.cpp:59:6:void SetupOS()	40	static
../User/Src/SystemAdapter.cpp:68:6:void UpdatePriority()	8	static
../User/Src/SystemAdapter.cpp:81:6:void StartOS()	16	static
../User/Src/SystemAdapter.cpp:112:6:void HardReset()	8	static
../User/Src/SystemAdapter.cpp:116:6:void FlashInitialize()	8	static
../User/Src/SystemAdapter.cpp:162:6:void SuccessResult()	16	static
../User/Src/SystemAdapter.cpp:166:6:void SuccessDataResult(uint8_t, uint8_t, uint8_t*, int)	64	dynamic
../User/Src/SystemAdapter.cpp:180:6:void ErrorDataResult(uint8_t, uint8_t, uint16_t)	32	static
../User/Src/SystemAdapter.cpp:193:6:void ErrorResult(uint8_t, uint16_t)	24	static
../User/Src/SystemAdapter.cpp:202:6:void StartReadUARTTask(void*)	40	static
../User/Src/SystemAdapter.cpp:234:6:void WriteUart(uint8_t*, int)	24	static
../User/Src/SystemAdapter.cpp:247:6:void WriteUartSafe(uint8_t*, int)	24	static
../User/Src/SystemAdapter.cpp:268:6:void StartSendUARTTask(void*)	4184	static
../User/Src/SystemAdapter.cpp:396:6:void StartFirstEmgTask(void*)	24	static
../User/Src/SystemAdapter.cpp:416:6:void StartReadFirstEmgTask(void*)	48	static
../User/Src/SystemAdapter.cpp:458:6:void StartSecondEmgTask(void*)	24	static
../User/Src/SystemAdapter.cpp:478:6:void StartReadSecondEmgTask(void*)	48	static
../User/Src/SystemAdapter.cpp:519:6:void StartFlowTask(void*)	24	static
../User/Src/SystemAdapter.cpp:538:6:void StartReadFlowTask(void*)	64	static
../User/Src/SystemAdapter.cpp:588:6:void StartVolumeTask(void*)	24	static
../User/Src/SystemAdapter.cpp:609:6:void StartReadVolumeTask(void*)	64	static
../User/Src/SystemAdapter.cpp:660:6:void StartAutoClosePumpTask(void*)	24	static
../User/Src/SystemAdapter.cpp:672:6:void StartAutoCloseValveTask(void*)	24	static
../User/Src/SystemAdapter.cpp:686:6:void StartLoadcellAverageTask(void*)	56	static
../User/Src/SystemAdapter.cpp:735:6:void StartCalibrationVolumeTask(void*)	56	static
../User/Src/SystemAdapter.cpp:775:6:void StartCalibrationFlowTask(void*)	48	static
../User/Src/SystemAdapter.cpp:815:6:void StartCleanTask(void*)	32	static
../User/Src/SystemAdapter.cpp:869:6:void StartSafeModeTask(void*)	32	static
../User/Src/SystemAdapter.cpp:900:6:void ClearLoadcellParams()	8	static
../User/Src/SystemAdapter.cpp:905:14:FlashManager GetFlashManager()	16	static
../User/Src/SystemAdapter.cpp:908:9:uint8_t HasCalibration()	4	static
../User/Src/SystemAdapter.cpp:915:9:uint8_t HasLoadcell()	8	static
../User/Src/SystemAdapter.cpp:923:9:uint8_t HasFirstEmg()	8	static
../User/Src/SystemAdapter.cpp:931:9:uint8_t HasSecondEmg()	8	static
../User/Src/SystemAdapter.cpp:938:1:void __static_initialization_and_destruction_0(int, int)	16	static
../User/Src/SystemAdapter.cpp:938:1:cpp)	8	static
../User/Src/SystemAdapter.cpp:938:1:cpp)	8	static
