../User/Src/../Inc/GeneralHeaders.h:277:3:SystemConfigStruct::SystemConfigStruct()	16	static
../User/Src/../Inc/FlashManager.h:16:7:constexpr FlashManager::FlashManager(const FlashManager&)	16	static
../User/Src/SystemAdapter.cpp:59:6:void SetupOS()	40	static
../User/Src/SystemAdapter.cpp:67:6:void UpdatePriority()	8	static
../User/Src/SystemAdapter.cpp:80:6:void StartOS()	16	static
../User/Src/SystemAdapter.cpp:110:6:void HardReset()	8	static
../User/Src/SystemAdapter.cpp:114:6:void FlashInitialize()	8	static
../User/Src/SystemAdapter.cpp:160:6:void SuccessResult()	16	static
../User/Src/SystemAdapter.cpp:164:6:void SuccessDataResult(uint8_t, uint8_t, uint8_t*, int)	64	dynamic
../User/Src/SystemAdapter.cpp:178:6:void ErrorDataResult(uint8_t, uint8_t, uint16_t)	32	static
../User/Src/SystemAdapter.cpp:191:6:void ErrorResult(uint8_t, uint16_t)	24	static
../User/Src/SystemAdapter.cpp:199:6:void StartReadUARTTask(void*)	32	static
../User/Src/SystemAdapter.cpp:250:6:void WriteUart(uint8_t*, int)	24	static
../User/Src/SystemAdapter.cpp:263:6:void WriteUartSafe(uint8_t*, int)	24	static
../User/Src/SystemAdapter.cpp:284:6:void StartSendUARTTask(void*)	4184	static
../User/Src/SystemAdapter.cpp:422:6:void StartFirstEmgTask(void*)	24	static
../User/Src/SystemAdapter.cpp:442:6:void StartReadFirstEmgTask(void*)	48	static
../User/Src/SystemAdapter.cpp:485:6:void StartSecondEmgTask(void*)	24	static
../User/Src/SystemAdapter.cpp:505:6:void StartReadSecondEmgTask(void*)	48	static
../User/Src/SystemAdapter.cpp:546:6:void StartFlowTask(void*)	24	static
../User/Src/SystemAdapter.cpp:565:6:void StartReadFlowTask(void*)	64	static
../User/Src/SystemAdapter.cpp:615:6:void StartVolumeTask(void*)	24	static
../User/Src/SystemAdapter.cpp:636:6:void StartReadVolumeTask(void*)	64	static
../User/Src/SystemAdapter.cpp:687:6:void StartAutoClosePumpTask(void*)	24	static
../User/Src/SystemAdapter.cpp:699:6:void StartAutoCloseValveTask(void*)	24	static
../User/Src/SystemAdapter.cpp:713:6:void StartLoadcellAverageTask(void*)	56	static
../User/Src/SystemAdapter.cpp:762:6:void StartCalibrationVolumeTask(void*)	56	static
../User/Src/SystemAdapter.cpp:802:6:void StartCalibrationFlowTask(void*)	48	static
../User/Src/SystemAdapter.cpp:842:6:void StartCleanTask(void*)	32	static
../User/Src/SystemAdapter.cpp:910:6:void StartSafeModeTask(void*)	32	static
../User/Src/SystemAdapter.cpp:941:6:void FixVolume()	16	static
../User/Src/SystemAdapter.cpp:957:6:void ClearLoadcellParams()	8	static
../User/Src/SystemAdapter.cpp:962:14:FlashManager GetFlashManager()	16	static
../User/Src/SystemAdapter.cpp:965:9:uint8_t HasCalibration()	4	static
../User/Src/SystemAdapter.cpp:972:9:uint8_t HasLoadcell()	8	static
../User/Src/SystemAdapter.cpp:980:9:uint8_t HasFirstEmg()	8	static
../User/Src/SystemAdapter.cpp:988:9:uint8_t HasSecondEmg()	8	static
../User/Src/SystemAdapter.cpp:995:1:void __static_initialization_and_destruction_0(int, int)	16	static
../User/Src/SystemAdapter.cpp:995:1:cpp)	8	static
../User/Src/SystemAdapter.cpp:995:1:cpp)	8	static
