../User/Src/../Inc/GeneralHeaders.h:286:3:SystemConfigStruct::SystemConfigStruct()	16	static
../User/Src/../Inc/FlashManager.h:16:7:constexpr FlashManager::FlashManager(const FlashManager&)	16	static
../User/Src/SystemAdapter.cpp:59:6:void SetupOS()	40	static
../User/Src/SystemAdapter.cpp:68:6:void UpdatePriority()	8	static
../User/Src/SystemAdapter.cpp:82:6:void StartOS()	16	static
../User/Src/SystemAdapter.cpp:122:6:void HardReset()	8	static
../User/Src/SystemAdapter.cpp:126:6:void FlashInitialize()	8	static
../User/Src/SystemAdapter.cpp:172:6:void SuccessResult()	16	static
../User/Src/SystemAdapter.cpp:177:6:void SendFeedback(uint8_t, uint8_t, uint8_t)	24	static
../User/Src/SystemAdapter.cpp:188:6:void SuccessDataResult(uint8_t, uint8_t, uint8_t*, int)	64	dynamic
../User/Src/SystemAdapter.cpp:202:6:void ErrorDataResult(uint8_t, uint8_t, uint16_t)	32	static
../User/Src/SystemAdapter.cpp:215:6:void ErrorResult(uint8_t, uint16_t)	24	static
../User/Src/SystemAdapter.cpp:223:6:void StartReadUARTTask(void*)	32	static
../User/Src/SystemAdapter.cpp:274:6:void WriteUart(uint8_t*, int)	24	static
../User/Src/SystemAdapter.cpp:287:6:void WriteUartSafe(uint8_t*, int)	24	static
../User/Src/SystemAdapter.cpp:308:6:void StartSendUARTTask(void*)	4192	static
../User/Src/SystemAdapter.cpp:462:6:void StartFirstEmgTask(void*)	24	static
../User/Src/SystemAdapter.cpp:482:6:void StartReadFirstEmgTask(void*)	48	static
../User/Src/SystemAdapter.cpp:525:6:void StartSecondEmgTask(void*)	24	static
../User/Src/SystemAdapter.cpp:545:6:void StartReadSecondEmgTask(void*)	48	static
../User/Src/SystemAdapter.cpp:586:6:void StartFlowTask(void*)	24	static
../User/Src/SystemAdapter.cpp:605:6:void StartReadFlowTask(void*)	64	static
../User/Src/SystemAdapter.cpp:655:6:void StartVolumeTask(void*)	24	static
../User/Src/SystemAdapter.cpp:676:6:void StartReadVolumeTask(void*)	64	static
../User/Src/SystemAdapter.cpp:727:6:void StartAutoClosePumpTask(void*)	24	static
../User/Src/SystemAdapter.cpp:739:6:void StartAutoCloseValveTask(void*)	24	static
../User/Src/SystemAdapter.cpp:753:6:void StartLoadcellAverageTask(void*)	56	static
../User/Src/SystemAdapter.cpp:803:6:void StartCalibrationVolumeTask(void*)	56	static
../User/Src/SystemAdapter.cpp:844:6:void StartCalibrationFlowTask(void*)	48	static
../User/Src/SystemAdapter.cpp:885:6:void StartCleanTask(void*)	32	static
../User/Src/SystemAdapter.cpp:956:6:void StartSafeModeTask(void*)	32	static
../User/Src/SystemAdapter.cpp:987:6:void FixVolume()	16	static
../User/Src/SystemAdapter.cpp:1003:6:void ClearLoadcellParams()	8	static
../User/Src/SystemAdapter.cpp:1008:14:FlashManager GetFlashManager()	16	static
../User/Src/SystemAdapter.cpp:1011:9:uint8_t HasCalibration()	4	static
../User/Src/SystemAdapter.cpp:1018:9:uint8_t HasLoadcell(bool)	16	static
../User/Src/SystemAdapter.cpp:1028:9:uint8_t HasFirstEmg(bool)	16	static
../User/Src/SystemAdapter.cpp:1038:9:uint8_t HasSecondEmg(bool)	16	static
../User/Src/SystemAdapter.cpp:1046:1:void __static_initialization_and_destruction_0()	8	static
../User/Src/SystemAdapter.cpp:1046:1:void __static_initialization_and_destruction_1()	8	static
../User/Src/SystemAdapter.cpp:1046:1:cpp)	8	static
../User/Src/SystemAdapter.cpp:1046:1:cpp)	8	static
