../User/Src/../Inc/GeneralHeaders.h:277:3:SystemConfigStruct::SystemConfigStruct()	16	static
../User/Src/../Inc/FlashManager.h:16:7:constexpr FlashManager::FlashManager(const FlashManager&)	16	static
../User/Src/SystemAdapter.cpp:59:6:void SetupOS()	40	static
../User/Src/SystemAdapter.cpp:68:6:void UpdatePriority()	8	static
../User/Src/SystemAdapter.cpp:82:6:void StartOS()	16	static
../User/Src/SystemAdapter.cpp:122:6:void HardReset()	8	static
../User/Src/SystemAdapter.cpp:126:6:void FlashInitialize()	8	static
../User/Src/SystemAdapter.cpp:172:6:void SuccessResult()	16	static
../User/Src/SystemAdapter.cpp:177:6:void SendFeedback(uint8_t, uint8_t, uint8_t)	24	static
../User/Src/SystemAdapter.cpp:188:6:void SuccessDataResult(uint8_t, uint8_t, uint8_t*, int)	64	dynamic
../User/Src/SystemAdapter.cpp:202:6:void ErrorDataResult(uint8_t, uint8_t, uint16_t)	32	static
../User/Src/SystemAdapter.cpp:215:6:void ErrorResult(uint8_t, uint16_t)	24	static
../User/Src/SystemAdapter.cpp:223:6:void StartReadUARTTask(void*)	32	static
../User/Src/SystemAdapter.cpp:274:6:void WriteUart(uint8_t*, int)	24	static
../User/Src/SystemAdapter.cpp:287:6:void WriteUartSafe(uint8_t*, int)	24	static
../User/Src/SystemAdapter.cpp:308:6:void StartSendUARTTask(void*)	4184	static
../User/Src/SystemAdapter.cpp:446:6:void StartFirstEmgTask(void*)	24	static
../User/Src/SystemAdapter.cpp:466:6:void StartReadFirstEmgTask(void*)	48	static
../User/Src/SystemAdapter.cpp:509:6:void StartSecondEmgTask(void*)	24	static
../User/Src/SystemAdapter.cpp:529:6:void StartReadSecondEmgTask(void*)	48	static
../User/Src/SystemAdapter.cpp:570:6:void StartFlowTask(void*)	24	static
../User/Src/SystemAdapter.cpp:589:6:void StartReadFlowTask(void*)	64	static
../User/Src/SystemAdapter.cpp:639:6:void StartVolumeTask(void*)	24	static
../User/Src/SystemAdapter.cpp:660:6:void StartReadVolumeTask(void*)	64	static
../User/Src/SystemAdapter.cpp:711:6:void StartAutoClosePumpTask(void*)	24	static
../User/Src/SystemAdapter.cpp:723:6:void StartAutoCloseValveTask(void*)	24	static
../User/Src/SystemAdapter.cpp:737:6:void StartLoadcellAverageTask(void*)	56	static
../User/Src/SystemAdapter.cpp:787:6:void StartCalibrationVolumeTask(void*)	56	static
../User/Src/SystemAdapter.cpp:828:6:void StartCalibrationFlowTask(void*)	48	static
../User/Src/SystemAdapter.cpp:869:6:void StartCleanTask(void*)	32	static
../User/Src/SystemAdapter.cpp:939:6:void StartSafeModeTask(void*)	32	static
../User/Src/SystemAdapter.cpp:970:6:void FixVolume()	16	static
../User/Src/SystemAdapter.cpp:986:6:void ClearLoadcellParams()	8	static
../User/Src/SystemAdapter.cpp:991:14:FlashManager GetFlashManager()	16	static
../User/Src/SystemAdapter.cpp:994:9:uint8_t HasCalibration()	4	static
../User/Src/SystemAdapter.cpp:1001:9:uint8_t HasLoadcell()	8	static
../User/Src/SystemAdapter.cpp:1009:9:uint8_t HasFirstEmg()	8	static
../User/Src/SystemAdapter.cpp:1017:9:uint8_t HasSecondEmg()	8	static
../User/Src/SystemAdapter.cpp:1024:1:void __static_initialization_and_destruction_0(int, int)	16	static
../User/Src/SystemAdapter.cpp:1024:1:cpp)	8	static
../User/Src/SystemAdapter.cpp:1024:1:cpp)	8	static
